<?xml version="1.0" encoding="ISO-8859-1" ?>
<link_info>
   <banner>TMS320C2000 Linker PC v22.6.0.LTS</banner>
   <copyright>Copyright (c) 1996-2018 Texas Instruments Incorporated</copyright>
   <link_time>0x64267c81</link_time>
   <link_errors>0x0</link_errors>
   <output_file>EisTemplate.out</output_file>
   <entry_point>
      <name>_c_int00</name>
      <address>0xb08b</address>
   </entry_point>
   <input_file_list>
      <input_file id="fl-2">
         <path>.\App\ad7606\</path>
         <kind>object</kind>
         <file>ad7606.obj</file>
         <name>ad7606.obj</name>
      </input_file>
      <input_file id="fl-3">
         <path>.\App\beep\</path>
         <kind>object</kind>
         <file>beep.obj</file>
         <name>beep.obj</name>
      </input_file>
      <input_file id="fl-4">
         <path>.\App\da5620\</path>
         <kind>object</kind>
         <file>da5620.obj</file>
         <name>da5620.obj</name>
      </input_file>
      <input_file id="fl-5">
         <path>.\App\fft\</path>
         <kind>object</kind>
         <file>fft.obj</file>
         <name>fft.obj</name>
      </input_file>
      <input_file id="fl-6">
         <path>.\App\sci-x\</path>
         <kind>object</kind>
         <file>sci.obj</file>
         <name>sci.obj</name>
      </input_file>
      <input_file id="fl-7">
         <path>.\App\timer\</path>
         <kind>object</kind>
         <file>timer.obj</file>
         <name>timer.obj</name>
      </input_file>
      <input_file id="fl-8">
         <path>.\Dsp2833x_Lib\src\</path>
         <kind>object</kind>
         <file>DSP2833x_ADC_cal.obj</file>
         <name>DSP2833x_ADC_cal.obj</name>
      </input_file>
      <input_file id="fl-9">
         <path>.\Dsp2833x_Lib\src\</path>
         <kind>object</kind>
         <file>DSP2833x_CodeStartBranch.obj</file>
         <name>DSP2833x_CodeStartBranch.obj</name>
      </input_file>
      <input_file id="fl-a">
         <path>.\Dsp2833x_Lib\src\</path>
         <kind>object</kind>
         <file>DSP2833x_CpuTimers.obj</file>
         <name>DSP2833x_CpuTimers.obj</name>
      </input_file>
      <input_file id="fl-b">
         <path>.\Dsp2833x_Lib\src\</path>
         <kind>object</kind>
         <file>DSP2833x_DMA.obj</file>
         <name>DSP2833x_DMA.obj</name>
      </input_file>
      <input_file id="fl-c">
         <path>.\Dsp2833x_Lib\src\</path>
         <kind>object</kind>
         <file>DSP2833x_DefaultIsr.obj</file>
         <name>DSP2833x_DefaultIsr.obj</name>
      </input_file>
      <input_file id="fl-d">
         <path>.\Dsp2833x_Lib\src\</path>
         <kind>object</kind>
         <file>DSP2833x_GlobalVariableDefs.obj</file>
         <name>DSP2833x_GlobalVariableDefs.obj</name>
      </input_file>
      <input_file id="fl-e">
         <path>.\Dsp2833x_Lib\src\</path>
         <kind>object</kind>
         <file>DSP2833x_Gpio.obj</file>
         <name>DSP2833x_Gpio.obj</name>
      </input_file>
      <input_file id="fl-f">
         <path>.\Dsp2833x_Lib\src\</path>
         <kind>object</kind>
         <file>DSP2833x_MemCopy.obj</file>
         <name>DSP2833x_MemCopy.obj</name>
      </input_file>
      <input_file id="fl-10">
         <path>.\Dsp2833x_Lib\src\</path>
         <kind>object</kind>
         <file>DSP2833x_PieCtrl.obj</file>
         <name>DSP2833x_PieCtrl.obj</name>
      </input_file>
      <input_file id="fl-11">
         <path>.\Dsp2833x_Lib\src\</path>
         <kind>object</kind>
         <file>DSP2833x_PieVect.obj</file>
         <name>DSP2833x_PieVect.obj</name>
      </input_file>
      <input_file id="fl-12">
         <path>.\Dsp2833x_Lib\src\</path>
         <kind>object</kind>
         <file>DSP2833x_Sci.obj</file>
         <name>DSP2833x_Sci.obj</name>
      </input_file>
      <input_file id="fl-13">
         <path>.\Dsp2833x_Lib\src\</path>
         <kind>object</kind>
         <file>DSP2833x_Spi.obj</file>
         <name>DSP2833x_Spi.obj</name>
      </input_file>
      <input_file id="fl-14">
         <path>.\Dsp2833x_Lib\src\</path>
         <kind>object</kind>
         <file>DSP2833x_SysCtrl.obj</file>
         <name>DSP2833x_SysCtrl.obj</name>
      </input_file>
      <input_file id="fl-15">
         <path>.\Dsp2833x_Lib\src\</path>
         <kind>object</kind>
         <file>DSP2833x_Xintf.obj</file>
         <name>DSP2833x_Xintf.obj</name>
      </input_file>
      <input_file id="fl-16">
         <path>.\Dsp2833x_Lib\src\</path>
         <kind>object</kind>
         <file>DSP2833x_usDelay.obj</file>
         <name>DSP2833x_usDelay.obj</name>
      </input_file>
      <input_file id="fl-17">
         <path>.\User\</path>
         <kind>object</kind>
         <file>main.obj</file>
         <name>main.obj</name>
      </input_file>
      <input_file id="fl-1e">
         <kind>object</kind>
         <file>&lt;internal&gt;</file>
         <name>&lt;internal&gt;</name>
      </input_file>
      <input_file id="fl-2a">
         <path>E:\ti\ccs1220\ccs\tools\compiler\ti-cgt-c2000_22.6.0.LTS\lib\</path>
         <kind>archive</kind>
         <file>rts2800_fpu32.lib</file>
         <name>e_atan2f.c.obj</name>
      </input_file>
      <input_file id="fl-2b">
         <path>E:\ti\ccs1220\ccs\tools\compiler\ti-cgt-c2000_22.6.0.LTS\lib\</path>
         <kind>archive</kind>
         <file>rts2800_fpu32.lib</file>
         <name>e_powf.c.obj</name>
      </input_file>
      <input_file id="fl-2c">
         <path>E:\ti\ccs1220\ccs\tools\compiler\ti-cgt-c2000_22.6.0.LTS\lib\</path>
         <kind>archive</kind>
         <file>rts2800_fpu32.lib</file>
         <name>e_sqrtf.c.obj</name>
      </input_file>
      <input_file id="fl-2d">
         <path>E:\ti\ccs1220\ccs\tools\compiler\ti-cgt-c2000_22.6.0.LTS\lib\</path>
         <kind>archive</kind>
         <file>rts2800_fpu32.lib</file>
         <name>s_atanf.c.obj</name>
      </input_file>
      <input_file id="fl-2e">
         <path>E:\ti\ccs1220\ccs\tools\compiler\ti-cgt-c2000_22.6.0.LTS\lib\</path>
         <kind>archive</kind>
         <file>rts2800_fpu32.lib</file>
         <name>s_cosf.c.obj</name>
      </input_file>
      <input_file id="fl-2f">
         <path>E:\ti\ccs1220\ccs\tools\compiler\ti-cgt-c2000_22.6.0.LTS\lib\</path>
         <kind>archive</kind>
         <file>rts2800_fpu32.lib</file>
         <name>s_scalbnf.c.obj</name>
      </input_file>
      <input_file id="fl-30">
         <path>E:\ti\ccs1220\ccs\tools\compiler\ti-cgt-c2000_22.6.0.LTS\lib\</path>
         <kind>archive</kind>
         <file>rts2800_fpu32.lib</file>
         <name>s_sinf.c.obj</name>
      </input_file>
      <input_file id="fl-31">
         <path>E:\ti\ccs1220\ccs\tools\compiler\ti-cgt-c2000_22.6.0.LTS\lib\</path>
         <kind>archive</kind>
         <file>rts2800_fpu32.lib</file>
         <name>vsprintf.c.obj</name>
      </input_file>
      <input_file id="fl-32">
         <path>E:\ti\ccs1220\ccs\tools\compiler\ti-cgt-c2000_22.6.0.LTS\lib\</path>
         <kind>archive</kind>
         <file>rts2800_fpu32.lib</file>
         <name>boot28.asm.obj</name>
      </input_file>
      <input_file id="fl-33">
         <path>E:\ti\ccs1220\ccs\tools\compiler\ti-cgt-c2000_22.6.0.LTS\lib\</path>
         <kind>archive</kind>
         <file>rts2800_fpu32.lib</file>
         <name>fs_div28.asm.obj</name>
      </input_file>
      <input_file id="fl-34">
         <path>E:\ti\ccs1220\ccs\tools\compiler\ti-cgt-c2000_22.6.0.LTS\lib\</path>
         <kind>archive</kind>
         <file>rts2800_fpu32.lib</file>
         <name>cpy_tbl.c.obj</name>
      </input_file>
      <input_file id="fl-35">
         <path>E:\ti\ccs1220\ccs\tools\compiler\ti-cgt-c2000_22.6.0.LTS\lib\</path>
         <kind>archive</kind>
         <file>rts2800_fpu32.lib</file>
         <name>memcpy.c.obj</name>
      </input_file>
      <input_file id="fl-36">
         <path>E:\ti\ccs1220\ccs\tools\compiler\ti-cgt-c2000_22.6.0.LTS\lib\</path>
         <kind>archive</kind>
         <file>rts2800_fpu32.lib</file>
         <name>pre_init.c.obj</name>
      </input_file>
      <input_file id="fl-37">
         <path>E:\ti\ccs1220\ccs\tools\compiler\ti-cgt-c2000_22.6.0.LTS\lib\</path>
         <kind>archive</kind>
         <file>rts2800_fpu32.lib</file>
         <name>startup.c.obj</name>
      </input_file>
      <input_file id="fl-38">
         <path>E:\ti\ccs1220\ccs\tools\compiler\ti-cgt-c2000_22.6.0.LTS\lib\</path>
         <kind>archive</kind>
         <file>rts2800_fpu32.lib</file>
         <name>exit.c.obj</name>
      </input_file>
      <input_file id="fl-39">
         <path>E:\ti\ccs1220\ccs\tools\compiler\ti-cgt-c2000_22.6.0.LTS\lib\</path>
         <kind>archive</kind>
         <file>rts2800_fpu32.lib</file>
         <name>_lock.c.obj</name>
      </input_file>
      <input_file id="fl-3a">
         <path>E:\ti\ccs1220\ccs\tools\compiler\ti-cgt-c2000_22.6.0.LTS\lib\</path>
         <kind>archive</kind>
         <file>rts2800_fpu32.lib</file>
         <name>args_main.c.obj</name>
      </input_file>
      <input_file id="fl-3b">
         <path>E:\ti\ccs1220\ccs\tools\compiler\ti-cgt-c2000_22.6.0.LTS\lib\</path>
         <kind>archive</kind>
         <file>rts2800_fpu32.lib</file>
         <name>errno.c.obj</name>
      </input_file>
      <input_file id="fl-3c">
         <path>E:\ti\ccs1220\ccs\tools\compiler\ti-cgt-c2000_22.6.0.LTS\lib\</path>
         <kind>archive</kind>
         <file>rts2800_fpu32.lib</file>
         <name>s_copysignf.c.obj</name>
      </input_file>
      <input_file id="fl-3d">
         <path>E:\ti\ccs1220\ccs\tools\compiler\ti-cgt-c2000_22.6.0.LTS\lib\</path>
         <kind>archive</kind>
         <file>rts2800_fpu32.lib</file>
         <name>_printfi.c.obj</name>
      </input_file>
      <input_file id="fl-3e">
         <path>E:\ti\ccs1220\ccs\tools\compiler\ti-cgt-c2000_22.6.0.LTS\lib\</path>
         <kind>archive</kind>
         <file>rts2800_fpu32.lib</file>
         <name>fd_cmp28.asm.obj</name>
      </input_file>
      <input_file id="fl-3f">
         <path>E:\ti\ccs1220\ccs\tools\compiler\ti-cgt-c2000_22.6.0.LTS\lib\</path>
         <kind>archive</kind>
         <file>rts2800_fpu32.lib</file>
         <name>fd_mpy28.asm.obj</name>
      </input_file>
      <input_file id="fl-40">
         <path>E:\ti\ccs1220\ccs\tools\compiler\ti-cgt-c2000_22.6.0.LTS\lib\</path>
         <kind>archive</kind>
         <file>rts2800_fpu32.lib</file>
         <name>fd_neg28.asm.obj</name>
      </input_file>
      <input_file id="fl-41">
         <path>E:\ti\ccs1220\ccs\tools\compiler\ti-cgt-c2000_22.6.0.LTS\lib\</path>
         <kind>archive</kind>
         <file>rts2800_fpu32.lib</file>
         <name>fd_sub28.asm.obj</name>
      </input_file>
      <input_file id="fl-42">
         <path>E:\ti\ccs1220\ccs\tools\compiler\ti-cgt-c2000_22.6.0.LTS\lib\</path>
         <kind>archive</kind>
         <file>rts2800_fpu32.lib</file>
         <name>fd_toi28.asm.obj</name>
      </input_file>
      <input_file id="fl-43">
         <path>E:\ti\ccs1220\ccs\tools\compiler\ti-cgt-c2000_22.6.0.LTS\lib\</path>
         <kind>archive</kind>
         <file>rts2800_fpu32.lib</file>
         <name>fd_tol28.asm.obj</name>
      </input_file>
      <input_file id="fl-44">
         <path>E:\ti\ccs1220\ccs\tools\compiler\ti-cgt-c2000_22.6.0.LTS\lib\</path>
         <kind>archive</kind>
         <file>rts2800_fpu32.lib</file>
         <name>ll_aox28.asm.obj</name>
      </input_file>
      <input_file id="fl-45">
         <path>E:\ti\ccs1220\ccs\tools\compiler\ti-cgt-c2000_22.6.0.LTS\lib\</path>
         <kind>archive</kind>
         <file>rts2800_fpu32.lib</file>
         <name>ll_cmp28.asm.obj</name>
      </input_file>
      <input_file id="fl-46">
         <path>E:\ti\ccs1220\ccs\tools\compiler\ti-cgt-c2000_22.6.0.LTS\lib\</path>
         <kind>archive</kind>
         <file>rts2800_fpu32.lib</file>
         <name>ll_div28.asm.obj</name>
      </input_file>
      <input_file id="fl-47">
         <path>E:\ti\ccs1220\ccs\tools\compiler\ti-cgt-c2000_22.6.0.LTS\lib\</path>
         <kind>archive</kind>
         <file>rts2800_fpu32.lib</file>
         <name>i_tofd28.asm.obj</name>
      </input_file>
      <input_file id="fl-48">
         <path>E:\ti\ccs1220\ccs\tools\compiler\ti-cgt-c2000_22.6.0.LTS\lib\</path>
         <kind>archive</kind>
         <file>rts2800_fpu32.lib</file>
         <name>l_tofd28.asm.obj</name>
      </input_file>
      <input_file id="fl-49">
         <path>E:\ti\ccs1220\ccs\tools\compiler\ti-cgt-c2000_22.6.0.LTS\lib\</path>
         <kind>archive</kind>
         <file>rts2800_fpu32.lib</file>
         <name>fs_tofdfpu32.asm.obj</name>
      </input_file>
      <input_file id="fl-4a">
         <path>E:\ti\ccs1220\ccs\tools\compiler\ti-cgt-c2000_22.6.0.LTS\lib\</path>
         <kind>archive</kind>
         <file>rts2800_fpu32.lib</file>
         <name>fd_div28.asm.obj</name>
      </input_file>
      <input_file id="fl-4b">
         <path>E:\ti\ccs1220\ccs\tools\compiler\ti-cgt-c2000_22.6.0.LTS\lib\</path>
         <kind>archive</kind>
         <file>rts2800_fpu32.lib</file>
         <name>_ltoa.c.obj</name>
      </input_file>
      <input_file id="fl-4c">
         <path>E:\ti\ccs1220\ccs\tools\compiler\ti-cgt-c2000_22.6.0.LTS\lib\</path>
         <kind>archive</kind>
         <file>rts2800_fpu32.lib</file>
         <name>atoi.c.obj</name>
      </input_file>
      <input_file id="fl-4d">
         <path>E:\ti\ccs1220\ccs\tools\compiler\ti-cgt-c2000_22.6.0.LTS\lib\</path>
         <kind>archive</kind>
         <file>rts2800_fpu32.lib</file>
         <name>ctype.c.obj</name>
      </input_file>
      <input_file id="fl-4e">
         <path>E:\ti\ccs1220\ccs\tools\compiler\ti-cgt-c2000_22.6.0.LTS\lib\</path>
         <kind>archive</kind>
         <file>rts2800_fpu32.lib</file>
         <name>memccpy.c.obj</name>
      </input_file>
      <input_file id="fl-4f">
         <path>E:\ti\ccs1220\ccs\tools\compiler\ti-cgt-c2000_22.6.0.LTS\lib\</path>
         <kind>archive</kind>
         <file>rts2800_fpu32.lib</file>
         <name>memset.c.obj</name>
      </input_file>
      <input_file id="fl-50">
         <path>E:\ti\ccs1220\ccs\tools\compiler\ti-cgt-c2000_22.6.0.LTS\lib\</path>
         <kind>archive</kind>
         <file>rts2800_fpu32.lib</file>
         <name>strchr.c.obj</name>
      </input_file>
      <input_file id="fl-51">
         <path>E:\ti\ccs1220\ccs\tools\compiler\ti-cgt-c2000_22.6.0.LTS\lib\</path>
         <kind>archive</kind>
         <file>rts2800_fpu32.lib</file>
         <name>strcpy.c.obj</name>
      </input_file>
      <input_file id="fl-52">
         <path>E:\ti\ccs1220\ccs\tools\compiler\ti-cgt-c2000_22.6.0.LTS\lib\</path>
         <kind>archive</kind>
         <file>rts2800_fpu32.lib</file>
         <name>strlen.c.obj</name>
      </input_file>
      <input_file id="fl-53">
         <path>E:\ti\ccs1220\ccs\tools\compiler\ti-cgt-c2000_22.6.0.LTS\lib\</path>
         <kind>archive</kind>
         <file>rts2800_fpu32.lib</file>
         <name>s_frexp.c.obj</name>
      </input_file>
      <input_file id="fl-54">
         <path>E:\ti\ccs1220\ccs\tools\compiler\ti-cgt-c2000_22.6.0.LTS\lib\</path>
         <kind>archive</kind>
         <file>rts2800_fpu32.lib</file>
         <name>s_scalbn.c.obj</name>
      </input_file>
      <input_file id="fl-55">
         <path>E:\ti\ccs1220\ccs\tools\compiler\ti-cgt-c2000_22.6.0.LTS\lib\</path>
         <kind>archive</kind>
         <file>rts2800_fpu32.lib</file>
         <name>s_copysign.c.obj</name>
      </input_file>
      <input_file id="fl-56">
         <path>E:\ti\ccs1220\ccs\tools\compiler\ti-cgt-c2000_22.6.0.LTS\lib\</path>
         <kind>archive</kind>
         <file>rts2800_fpu32.lib</file>
         <name>wcslen.c.obj</name>
      </input_file>
      <input_file id="fl-57">
         <path>E:\ti\ccs1220\ccs\tools\compiler\ti-cgt-c2000_22.6.0.LTS\lib\</path>
         <kind>archive</kind>
         <file>rts2800_fpu32.lib</file>
         <name>fd_add28.asm.obj</name>
      </input_file>
      <input_file id="fl-58">
         <path>E:\ti\ccs1220\ccs\tools\compiler\ti-cgt-c2000_22.6.0.LTS\lib\</path>
         <kind>archive</kind>
         <file>rts2800_fpu32.lib</file>
         <name>l_div28.asm.obj</name>
      </input_file>
   </input_file_list>
   <object_component_list>
      <object_component id="oc-76">
         <name>codestart</name>
         <load_address>0x0</load_address>
         <run_address>0x0</run_address>
         <size>0x2</size>
         <input_file_ref idref="fl-9"/>
      </object_component>
      <object_component id="oc-e7">
         <name>ramfuncs</name>
         <load_address>0x8044</load_address>
         <run_address>0x8044</run_address>
         <size>0x4</size>
         <input_file_ref idref="fl-16"/>
      </object_component>
      <object_component id="oc-217">
         <name>.text</name>
         <load_address>0x9000</load_address>
         <run_address>0x9000</run_address>
         <size>0x6d0</size>
         <input_file_ref idref="fl-3d"/>
      </object_component>
      <object_component id="oc-20d">
         <name>.text:__TI_printfi</name>
         <load_address>0x96d0</load_address>
         <run_address>0x96d0</run_address>
         <size>0x5f5</size>
         <input_file_ref idref="fl-3d"/>
      </object_component>
      <object_component id="oc-208">
         <name>.text</name>
         <load_address>0x9cc5</load_address>
         <run_address>0x9cc5</run_address>
         <size>0x38c</size>
         <input_file_ref idref="fl-2b"/>
      </object_component>
      <object_component id="oc-87">
         <name>.text:retain</name>
         <load_address>0xa051</load_address>
         <run_address>0xa051</run_address>
         <size>0x323</size>
         <input_file_ref idref="fl-c"/>
      </object_component>
      <object_component id="oc-1fd">
         <name>.text</name>
         <load_address>0xa374</load_address>
         <run_address>0xa374</run_address>
         <size>0x257</size>
         <input_file_ref idref="fl-5"/>
      </object_component>
      <object_component id="oc-187">
         <name>.text</name>
         <load_address>0xa5cb</load_address>
         <run_address>0xa5cb</run_address>
         <size>0x107</size>
         <input_file_ref idref="fl-46"/>
      </object_component>
      <object_component id="oc-1f5">
         <name>.text</name>
         <load_address>0xa6d2</load_address>
         <run_address>0xa6d2</run_address>
         <size>0xfa</size>
         <input_file_ref idref="fl-15"/>
      </object_component>
      <object_component id="oc-1f3">
         <name>.text</name>
         <load_address>0xa7cc</load_address>
         <run_address>0xa7cc</run_address>
         <size>0xd7</size>
         <input_file_ref idref="fl-14"/>
      </object_component>
      <object_component id="oc-207">
         <name>.text</name>
         <load_address>0xa8a3</load_address>
         <run_address>0xa8a3</run_address>
         <size>0xd2</size>
         <input_file_ref idref="fl-2a"/>
      </object_component>
      <object_component id="oc-20e">
         <name>.text</name>
         <load_address>0xa975</load_address>
         <run_address>0xa975</run_address>
         <size>0xca</size>
         <input_file_ref idref="fl-2d"/>
      </object_component>
      <object_component id="oc-221">
         <name>.text</name>
         <load_address>0xaa3f</load_address>
         <run_address>0xaa3f</run_address>
         <size>0xa9</size>
         <input_file_ref idref="fl-54"/>
      </object_component>
      <object_component id="oc-1db">
         <name>.text</name>
         <load_address>0xaae8</load_address>
         <run_address>0xaae8</run_address>
         <size>0x9c</size>
         <input_file_ref idref="fl-57"/>
      </object_component>
      <object_component id="oc-1f8">
         <name>.text</name>
         <load_address>0xab84</load_address>
         <run_address>0xab84</run_address>
         <size>0x93</size>
         <input_file_ref idref="fl-6"/>
      </object_component>
      <object_component id="oc-19b">
         <name>.text</name>
         <load_address>0xac17</load_address>
         <run_address>0xac17</run_address>
         <size>0x8b</size>
         <input_file_ref idref="fl-4a"/>
      </object_component>
      <object_component id="oc-125">
         <name>.text</name>
         <load_address>0xaca2</load_address>
         <run_address>0xaca2</run_address>
         <size>0x88</size>
         <input_file_ref idref="fl-33"/>
      </object_component>
      <object_component id="oc-164">
         <name>.text</name>
         <load_address>0xad2a</load_address>
         <run_address>0xad2a</run_address>
         <size>0x83</size>
         <input_file_ref idref="fl-3f"/>
      </object_component>
      <object_component id="oc-205">
         <name>.text</name>
         <load_address>0xadad</load_address>
         <run_address>0xadad</run_address>
         <size>0x7b</size>
         <input_file_ref idref="fl-a"/>
      </object_component>
      <object_component id="oc-1ee">
         <name>.text</name>
         <load_address>0xae28</load_address>
         <run_address>0xae28</run_address>
         <size>0x77</size>
         <input_file_ref idref="fl-17"/>
      </object_component>
      <object_component id="oc-1ec">
         <name>.text</name>
         <load_address>0xae9f</load_address>
         <run_address>0xae9f</run_address>
         <size>0x71</size>
         <input_file_ref idref="fl-2"/>
      </object_component>
      <object_component id="oc-20a">
         <name>.text</name>
         <load_address>0xaf10</load_address>
         <run_address>0xaf10</run_address>
         <size>0x66</size>
         <input_file_ref idref="fl-30"/>
      </object_component>
      <object_component id="oc-209">
         <name>.text</name>
         <load_address>0xaf76</load_address>
         <run_address>0xaf76</run_address>
         <size>0x63</size>
         <input_file_ref idref="fl-2e"/>
      </object_component>
      <object_component id="oc-220">
         <name>.text</name>
         <load_address>0xafd9</load_address>
         <run_address>0xafd9</run_address>
         <size>0x5a</size>
         <input_file_ref idref="fl-53"/>
      </object_component>
      <object_component id="oc-212">
         <name>.text</name>
         <load_address>0xb033</load_address>
         <run_address>0xb033</run_address>
         <size>0x58</size>
         <input_file_ref idref="fl-2f"/>
      </object_component>
      <object_component id="oc-4b">
         <name>.text</name>
         <load_address>0xb08b</load_address>
         <run_address>0xb08b</run_address>
         <size>0x56</size>
         <input_file_ref idref="fl-32"/>
      </object_component>
      <object_component id="oc-204">
         <name>.text</name>
         <load_address>0xb0e1</load_address>
         <run_address>0xb0e1</run_address>
         <size>0x47</size>
         <input_file_ref idref="fl-12"/>
      </object_component>
      <object_component id="oc-65">
         <name>.text:retain</name>
         <load_address>0xb128</load_address>
         <run_address>0xb128</run_address>
         <size>0x40</size>
         <input_file_ref idref="fl-6"/>
      </object_component>
      <object_component id="oc-6b">
         <name>.text:retain</name>
         <load_address>0xb168</load_address>
         <run_address>0xb168</run_address>
         <size>0x38</size>
         <input_file_ref idref="fl-7"/>
      </object_component>
      <object_component id="oc-1f9">
         <name>.text</name>
         <load_address>0xb1a0</load_address>
         <run_address>0xb1a0</run_address>
         <size>0x36</size>
         <input_file_ref idref="fl-7"/>
      </object_component>
      <object_component id="oc-213">
         <name>.text</name>
         <load_address>0xb1d6</load_address>
         <run_address>0xb1d6</run_address>
         <size>0x31</size>
         <input_file_ref idref="fl-4c"/>
      </object_component>
      <object_component id="oc-21f">
         <name>.text</name>
         <load_address>0xb207</load_address>
         <run_address>0xb207</run_address>
         <size>0x30</size>
         <input_file_ref idref="fl-4b"/>
      </object_component>
      <object_component id="oc-203">
         <name>.text</name>
         <load_address>0xb237</load_address>
         <run_address>0xb237</run_address>
         <size>0x30</size>
         <input_file_ref idref="fl-31"/>
      </object_component>
      <object_component id="oc-15f">
         <name>.text</name>
         <load_address>0xb267</load_address>
         <run_address>0xb267</run_address>
         <size>0x2a</size>
         <input_file_ref idref="fl-3e"/>
      </object_component>
      <object_component id="oc-1e0">
         <name>.text</name>
         <load_address>0xb291</load_address>
         <run_address>0xb291</run_address>
         <size>0x2a</size>
         <input_file_ref idref="fl-58"/>
      </object_component>
      <object_component id="oc-1e9">
         <name>.text</name>
         <load_address>0xb2bb</load_address>
         <run_address>0xb2bb</run_address>
         <size>0x29</size>
         <input_file_ref idref="fl-38"/>
      </object_component>
      <object_component id="oc-1f6">
         <name>.text</name>
         <load_address>0xb2e4</load_address>
         <run_address>0xb2e4</run_address>
         <size>0x28</size>
         <input_file_ref idref="fl-10"/>
      </object_component>
      <object_component id="oc-206">
         <name>.text</name>
         <load_address>0xb30c</load_address>
         <run_address>0xb30c</run_address>
         <size>0x27</size>
         <input_file_ref idref="fl-2c"/>
      </object_component>
      <object_component id="oc-1e6">
         <name>.text</name>
         <load_address>0xb333</load_address>
         <run_address>0xb333</run_address>
         <size>0x24</size>
         <input_file_ref idref="fl-34"/>
      </object_component>
      <object_component id="oc-223">
         <name>.text</name>
         <load_address>0xb357</load_address>
         <run_address>0xb357</run_address>
         <size>0x24</size>
         <input_file_ref idref="fl-55"/>
      </object_component>
      <object_component id="oc-173">
         <name>.text</name>
         <load_address>0xb37b</load_address>
         <run_address>0xb37b</run_address>
         <size>0x21</size>
         <input_file_ref idref="fl-42"/>
      </object_component>
      <object_component id="oc-1f7">
         <name>.text</name>
         <load_address>0xb39c</load_address>
         <run_address>0xb39c</run_address>
         <size>0x20</size>
         <input_file_ref idref="fl-11"/>
      </object_component>
      <object_component id="oc-178">
         <name>.text</name>
         <load_address>0xb3bc</load_address>
         <run_address>0xb3bc</run_address>
         <size>0x1f</size>
         <input_file_ref idref="fl-43"/>
      </object_component>
      <object_component id="oc-182">
         <name>.text</name>
         <load_address>0xb3db</load_address>
         <run_address>0xb3db</run_address>
         <size>0x1e</size>
         <input_file_ref idref="fl-45"/>
      </object_component>
      <object_component id="oc-18c">
         <name>.text</name>
         <load_address>0xb3f9</load_address>
         <run_address>0xb3f9</run_address>
         <size>0x1d</size>
         <input_file_ref idref="fl-47"/>
      </object_component>
      <object_component id="oc-1ed">
         <name>.text</name>
         <load_address>0xb416</load_address>
         <run_address>0xb416</run_address>
         <size>0x1d</size>
         <input_file_ref idref="fl-35"/>
      </object_component>
      <object_component id="oc-196">
         <name>.text</name>
         <load_address>0xb433</load_address>
         <run_address>0xb433</run_address>
         <size>0x1c</size>
         <input_file_ref idref="fl-49"/>
      </object_component>
      <object_component id="oc-191">
         <name>.text</name>
         <load_address>0xb44f</load_address>
         <run_address>0xb44f</run_address>
         <size>0x1c</size>
         <input_file_ref idref="fl-48"/>
      </object_component>
      <object_component id="oc-17d">
         <name>.text</name>
         <load_address>0xb46b</load_address>
         <run_address>0xb46b</run_address>
         <size>0x18</size>
         <input_file_ref idref="fl-44"/>
      </object_component>
      <object_component id="oc-1e8">
         <name>.text</name>
         <load_address>0xb483</load_address>
         <run_address>0xb483</run_address>
         <size>0x12</size>
         <input_file_ref idref="fl-3a"/>
      </object_component>
      <object_component id="oc-21d">
         <name>.text</name>
         <load_address>0xb495</load_address>
         <run_address>0xb495</run_address>
         <size>0x11</size>
         <input_file_ref idref="fl-3c"/>
      </object_component>
      <object_component id="oc-1f4">
         <name>.text</name>
         <load_address>0xb4a6</load_address>
         <run_address>0xb4a6</run_address>
         <size>0x10</size>
         <input_file_ref idref="fl-3"/>
      </object_component>
      <object_component id="oc-218">
         <name>.text</name>
         <load_address>0xb4b6</load_address>
         <run_address>0xb4b6</run_address>
         <size>0x10</size>
         <input_file_ref idref="fl-4e"/>
      </object_component>
      <object_component id="oc-16e">
         <name>.text</name>
         <load_address>0xb4c6</load_address>
         <run_address>0xb4c6</run_address>
         <size>0xe</size>
         <input_file_ref idref="fl-41"/>
      </object_component>
      <object_component id="oc-222">
         <name>.text</name>
         <load_address>0xb4d4</load_address>
         <run_address>0xb4d4</run_address>
         <size>0xc</size>
         <input_file_ref idref="fl-50"/>
      </object_component>
      <object_component id="oc-1ff">
         <name>.text</name>
         <load_address>0xb4e0</load_address>
         <run_address>0xb4e0</run_address>
         <size>0x9</size>
         <input_file_ref idref="fl-39"/>
      </object_component>
      <object_component id="oc-169">
         <name>.text</name>
         <load_address>0xb4e9</load_address>
         <run_address>0xb4e9</run_address>
         <size>0x9</size>
         <input_file_ref idref="fl-40"/>
      </object_component>
      <object_component id="oc-219">
         <name>.text</name>
         <load_address>0xb4f2</load_address>
         <run_address>0xb4f2</run_address>
         <size>0x9</size>
         <input_file_ref idref="fl-56"/>
      </object_component>
      <object_component id="oc-75">
         <name>.text</name>
         <load_address>0xb4fb</load_address>
         <run_address>0xb4fb</run_address>
         <size>0x8</size>
         <input_file_ref idref="fl-9"/>
      </object_component>
      <object_component id="oc-214">
         <name>.text</name>
         <load_address>0xb503</load_address>
         <run_address>0xb503</run_address>
         <size>0x8</size>
         <input_file_ref idref="fl-52"/>
      </object_component>
      <object_component id="oc-215">
         <name>.text</name>
         <load_address>0xb50b</load_address>
         <run_address>0xb50b</run_address>
         <size>0x7</size>
         <input_file_ref idref="fl-4f"/>
      </object_component>
      <object_component id="oc-216">
         <name>.text</name>
         <load_address>0xb512</load_address>
         <run_address>0xb512</run_address>
         <size>0x5</size>
         <input_file_ref idref="fl-51"/>
      </object_component>
      <object_component id="oc-1e5">
         <name>.text</name>
         <load_address>0xb517</load_address>
         <run_address>0xb517</run_address>
         <size>0x2</size>
         <input_file_ref idref="fl-36"/>
      </object_component>
      <object_component id="oc-1e7">
         <name>.text</name>
         <load_address>0xb519</load_address>
         <run_address>0xb519</run_address>
         <size>0x1</size>
         <input_file_ref idref="fl-37"/>
      </object_component>
      <object_component id="oc-ed">
         <name>.cinit</name>
         <load_address>0x8000</load_address>
         <run_address>0x8000</run_address>
         <size>0x16</size>
         <input_file_ref idref="fl-17"/>
      </object_component>
      <object_component id="oc-13f">
         <name>.cinit</name>
         <load_address>0x8016</load_address>
         <run_address>0x8016</run_address>
         <size>0xe</size>
         <input_file_ref idref="fl-38"/>
      </object_component>
      <object_component id="oc-1f0">
         <name>.cinit:__lock</name>
         <load_address>0x8024</load_address>
         <run_address>0x8024</run_address>
         <size>0x5</size>
         <input_file_ref idref="fl-39"/>
      </object_component>
      <object_component id="oc-200">
         <name>.cinit:__unlock</name>
         <load_address>0x8029</load_address>
         <run_address>0x8029</run_address>
         <size>0x5</size>
         <input_file_ref idref="fl-39"/>
      </object_component>
      <object_component id="oc-1f2">
         <name>.cinit:_adc_value</name>
         <load_address>0x802e</load_address>
         <run_address>0x802e</run_address>
         <size>0x4</size>
         <input_file_ref idref="fl-2"/>
      </object_component>
      <object_component id="oc-1eb">
         <name>.cinit:_sci_b_buf</name>
         <load_address>0x8032</load_address>
         <run_address>0x8032</run_address>
         <size>0x4</size>
         <input_file_ref idref="fl-6"/>
      </object_component>
      <object_component id="oc-5c">
         <name>.cinit</name>
         <load_address>0x8036</load_address>
         <run_address>0x8036</run_address>
         <size>0x4</size>
         <input_file_ref idref="fl-5"/>
      </object_component>
      <object_component id="oc-150">
         <name>.cinit</name>
         <load_address>0x803a</load_address>
         <run_address>0x803a</run_address>
         <size>0x4</size>
         <input_file_ref idref="fl-3b"/>
      </object_component>
      <object_component id="oc-63">
         <name>.cinit</name>
         <load_address>0x803e</load_address>
         <run_address>0x803e</run_address>
         <size>0x4</size>
         <input_file_ref idref="fl-6"/>
      </object_component>
      <object_component id="oc-11f">
         <name>.stack</name>
         <uninitialized>true</uninitialized>
         <run_address>0xc000</run_address>
         <size>0x0</size>
         <input_file_ref idref="fl-32"/>
      </object_component>
      <object_component id="oc-278">
         <name>.stack</name>
         <uninitialized>true</uninitialized>
         <run_address>0xc000</run_address>
         <size>0x0</size>
      </object_component>
      <object_component id="oc-1f1">
         <name>.ebss:_adc_value</name>
         <uninitialized>true</uninitialized>
         <run_address>0xd2f8</run_address>
         <size>0x8</size>
         <input_file_ref idref="fl-2"/>
      </object_component>
      <object_component id="oc-5d">
         <name>.ebss</name>
         <uninitialized>true</uninitialized>
         <run_address>0xd2ee</run_address>
         <size>0xa</size>
         <input_file_ref idref="fl-5"/>
      </object_component>
      <object_component id="oc-20b">
         <name>.ebss:_input_complex</name>
         <uninitialized>true</uninitialized>
         <run_address>0xdb40</run_address>
         <size>0x200</size>
         <input_file_ref idref="fl-5"/>
      </object_component>
      <object_component id="oc-64">
         <name>.ebss</name>
         <uninitialized>true</uninitialized>
         <run_address>0xdb23</run_address>
         <size>0x1</size>
         <input_file_ref idref="fl-6"/>
      </object_component>
      <object_component id="oc-1ea">
         <name>.ebss:_sci_b_buf</name>
         <uninitialized>true</uninitialized>
         <run_address>0xdf40</run_address>
         <size>0x32</size>
         <input_file_ref idref="fl-6"/>
      </object_component>
      <object_component id="oc-202">
         <name>.ebss:_write_buf$1</name>
         <uninitialized>true</uninitialized>
         <run_address>0xd900</run_address>
         <size>0x210</size>
         <input_file_ref idref="fl-6"/>
      </object_component>
      <object_component id="oc-7c">
         <name>.ebss</name>
         <uninitialized>true</uninitialized>
         <run_address>0xd2d6</run_address>
         <size>0x18</size>
         <input_file_ref idref="fl-a"/>
      </object_component>
      <object_component id="oc-ee">
         <name>.ebss</name>
         <uninitialized>true</uninitialized>
         <run_address>0xdb10</run_address>
         <size>0x8</size>
         <input_file_ref idref="fl-17"/>
      </object_component>
      <object_component id="oc-1fb">
         <name>.ebss:_testSample7</name>
         <uninitialized>true</uninitialized>
         <run_address>0xde40</run_address>
         <size>0x100</size>
         <input_file_ref idref="fl-17"/>
      </object_component>
      <object_component id="oc-1fa">
         <name>.ebss:_testSample6</name>
         <uninitialized>true</uninitialized>
         <run_address>0xdd40</run_address>
         <size>0x100</size>
         <input_file_ref idref="fl-17"/>
      </object_component>
      <object_component id="oc-1fc">
         <name>.ebss:_output1</name>
         <uninitialized>true</uninitialized>
         <run_address>0xd300</run_address>
         <size>0x300</size>
         <input_file_ref idref="fl-17"/>
      </object_component>
      <object_component id="oc-1fe">
         <name>.ebss:_output2</name>
         <uninitialized>true</uninitialized>
         <run_address>0xd600</run_address>
         <size>0x300</size>
         <input_file_ref idref="fl-17"/>
      </object_component>
      <object_component id="oc-140">
         <name>.ebss</name>
         <uninitialized>true</uninitialized>
         <run_address>0xdb18</run_address>
         <size>0x6</size>
         <input_file_ref idref="fl-38"/>
      </object_component>
      <object_component id="oc-1ef">
         <name>.ebss:__lock</name>
         <uninitialized>true</uninitialized>
         <run_address>0xdb1e</run_address>
         <size>0x2</size>
         <input_file_ref idref="fl-39"/>
      </object_component>
      <object_component id="oc-20c">
         <name>.ebss:__unlock</name>
         <uninitialized>true</uninitialized>
         <run_address>0xdb20</run_address>
         <size>0x2</size>
         <input_file_ref idref="fl-39"/>
      </object_component>
      <object_component id="oc-151">
         <name>.ebss</name>
         <uninitialized>true</uninitialized>
         <run_address>0xdb22</run_address>
         <size>0x1</size>
         <input_file_ref idref="fl-3b"/>
      </object_component>
      <object_component id="oc-21e">
         <name>.econst:.string:__ctypes_</name>
         <load_address>0xd000</load_address>
         <run_address>0xd000</run_address>
         <size>0x101</size>
         <input_file_ref idref="fl-4d"/>
      </object_component>
      <object_component id="oc-201">
         <name>.econst:_PieVectTableInit</name>
         <load_address>0xd102</load_address>
         <run_address>0xd102</run_address>
         <size>0x100</size>
         <input_file_ref idref="fl-11"/>
      </object_component>
      <object_component id="oc-fa">
         <name>.econst</name>
         <load_address>0xd202</load_address>
         <run_address>0xd202</run_address>
         <size>0x32</size>
         <input_file_ref idref="fl-2b"/>
      </object_component>
      <object_component id="oc-15a">
         <name>.econst:.string</name>
         <load_address>0xd234</load_address>
         <run_address>0xd234</run_address>
         <size>0x26</size>
         <input_file_ref idref="fl-3d"/>
      </object_component>
      <object_component id="oc-159">
         <name>.econst</name>
         <load_address>0xd25a</load_address>
         <run_address>0xd25a</run_address>
         <size>0x1c</size>
         <input_file_ref idref="fl-3d"/>
      </object_component>
      <object_component id="oc-1cc">
         <name>.econst</name>
         <load_address>0xd276</load_address>
         <run_address>0xd276</run_address>
         <size>0x1c</size>
         <input_file_ref idref="fl-54"/>
      </object_component>
      <object_component id="oc-f4">
         <name>.econst</name>
         <load_address>0xd292</load_address>
         <run_address>0xd292</run_address>
         <size>0xc</size>
         <input_file_ref idref="fl-2a"/>
      </object_component>
      <object_component id="oc-21c">
         <name>.econst:_aT</name>
         <load_address>0xd29e</load_address>
         <run_address>0xd29e</run_address>
         <size>0xa</size>
         <input_file_ref idref="fl-2d"/>
      </object_component>
      <object_component id="oc-21a">
         <name>.econst:_atanhi</name>
         <load_address>0xd2a8</load_address>
         <run_address>0xd2a8</run_address>
         <size>0x8</size>
         <input_file_ref idref="fl-2d"/>
      </object_component>
      <object_component id="oc-21b">
         <name>.econst:_atanlo</name>
         <load_address>0xd2b0</load_address>
         <run_address>0xd2b0</run_address>
         <size>0x8</size>
         <input_file_ref idref="fl-2d"/>
      </object_component>
      <object_component id="oc-1c6">
         <name>.econst</name>
         <load_address>0xd2b8</load_address>
         <run_address>0xd2b8</run_address>
         <size>0x8</size>
         <input_file_ref idref="fl-53"/>
      </object_component>
      <object_component id="oc-110">
         <name>.econst</name>
         <load_address>0xd2c0</load_address>
         <run_address>0xd2c0</run_address>
         <size>0x6</size>
         <input_file_ref idref="fl-2f"/>
      </object_component>
      <object_component id="oc-20f">
         <name>.econst:_bp</name>
         <load_address>0xd2c6</load_address>
         <run_address>0xd2c6</run_address>
         <size>0x4</size>
         <input_file_ref idref="fl-2b"/>
      </object_component>
      <object_component id="oc-211">
         <name>.econst:_dp_h</name>
         <load_address>0xd2ca</load_address>
         <run_address>0xd2ca</run_address>
         <size>0x4</size>
         <input_file_ref idref="fl-2b"/>
      </object_component>
      <object_component id="oc-210">
         <name>.econst:_dp_l</name>
         <load_address>0xd2ce</load_address>
         <run_address>0xd2ce</run_address>
         <size>0x4</size>
         <input_file_ref idref="fl-2b"/>
      </object_component>
      <object_component id="oc-105">
         <name>.econst</name>
         <load_address>0xd2d2</load_address>
         <run_address>0xd2d2</run_address>
         <size>0x4</size>
         <input_file_ref idref="fl-2d"/>
      </object_component>
      <object_component id="oc-120">
         <name>.reset</name>
         <load_address>0x3fffc0</load_address>
         <run_address>0x3fffc0</run_address>
         <size>0x2</size>
         <input_file_ref idref="fl-32"/>
      </object_component>
      <object_component id="oc-70">
         <name>.adc_cal</name>
         <load_address>0x380080</load_address>
         <run_address>0x380080</run_address>
         <size>0x7</size>
         <input_file_ref idref="fl-8"/>
      </object_component>
      <object_component id="oc-bd">
         <name>PieVectTableFile</name>
         <uninitialized>true</uninitialized>
         <run_address>0xd00</run_address>
         <size>0x100</size>
         <input_file_ref idref="fl-d"/>
      </object_component>
      <object_component id="oc-b9">
         <name>DevEmuRegsFile</name>
         <uninitialized>true</uninitialized>
         <run_address>0x880</run_address>
         <size>0xd0</size>
         <input_file_ref idref="fl-d"/>
      </object_component>
      <object_component id="oc-91">
         <name>FlashRegsFile</name>
         <uninitialized>true</uninitialized>
         <run_address>0xa80</run_address>
         <size>0x8</size>
         <input_file_ref idref="fl-d"/>
      </object_component>
      <object_component id="oc-94">
         <name>CsmRegsFile</name>
         <uninitialized>true</uninitialized>
         <run_address>0xae0</run_address>
         <size>0x10</size>
         <input_file_ref idref="fl-d"/>
      </object_component>
      <object_component id="oc-93">
         <name>AdcMirrorFile</name>
         <uninitialized>true</uninitialized>
         <run_address>0xb00</run_address>
         <size>0x10</size>
         <input_file_ref idref="fl-d"/>
      </object_component>
      <object_component id="oc-9c">
         <name>XintfRegsFile</name>
         <uninitialized>true</uninitialized>
         <run_address>0xb20</run_address>
         <size>0x1e</size>
         <input_file_ref idref="fl-d"/>
      </object_component>
      <object_component id="oc-8d">
         <name>CpuTimer0RegsFile</name>
         <uninitialized>true</uninitialized>
         <run_address>0xc00</run_address>
         <size>0x8</size>
         <input_file_ref idref="fl-d"/>
      </object_component>
      <object_component id="oc-8e">
         <name>CpuTimer1RegsFile</name>
         <uninitialized>true</uninitialized>
         <run_address>0xc08</run_address>
         <size>0x8</size>
         <input_file_ref idref="fl-d"/>
      </object_component>
      <object_component id="oc-8f">
         <name>CpuTimer2RegsFile</name>
         <uninitialized>true</uninitialized>
         <run_address>0xc10</run_address>
         <size>0x8</size>
         <input_file_ref idref="fl-d"/>
      </object_component>
      <object_component id="oc-9a">
         <name>PieCtrlRegsFile</name>
         <uninitialized>true</uninitialized>
         <run_address>0xce0</run_address>
         <size>0x1a</size>
         <input_file_ref idref="fl-d"/>
      </object_component>
      <object_component id="oc-ba">
         <name>DmaRegsFile</name>
         <uninitialized>true</uninitialized>
         <run_address>0x1000</run_address>
         <size>0xe0</size>
         <input_file_ref idref="fl-d"/>
      </object_component>
      <object_component id="oc-ac">
         <name>McbspaRegsFile</name>
         <uninitialized>true</uninitialized>
         <run_address>0x5000</run_address>
         <size>0x25</size>
         <input_file_ref idref="fl-d"/>
      </object_component>
      <object_component id="oc-ad">
         <name>McbspbRegsFile</name>
         <uninitialized>true</uninitialized>
         <run_address>0x5040</run_address>
         <size>0x25</size>
         <input_file_ref idref="fl-d"/>
      </object_component>
      <object_component id="oc-af">
         <name>ECanaRegsFile</name>
         <uninitialized>true</uninitialized>
         <run_address>0x6000</run_address>
         <size>0x34</size>
         <input_file_ref idref="fl-d"/>
      </object_component>
      <object_component id="oc-b1">
         <name>ECanaLAMRegsFile</name>
         <uninitialized>true</uninitialized>
         <run_address>0x6040</run_address>
         <size>0x40</size>
         <input_file_ref idref="fl-d"/>
      </object_component>
      <object_component id="oc-bb">
         <name>ECanaMboxesFile</name>
         <uninitialized>true</uninitialized>
         <run_address>0x6100</run_address>
         <size>0x100</size>
         <input_file_ref idref="fl-d"/>
      </object_component>
      <object_component id="oc-b2">
         <name>ECanaMOTSRegsFile</name>
         <uninitialized>true</uninitialized>
         <run_address>0x6080</run_address>
         <size>0x40</size>
         <input_file_ref idref="fl-d"/>
      </object_component>
      <object_component id="oc-b3">
         <name>ECanaMOTORegsFile</name>
         <uninitialized>true</uninitialized>
         <run_address>0x60c0</run_address>
         <size>0x40</size>
         <input_file_ref idref="fl-d"/>
      </object_component>
      <object_component id="oc-b0">
         <name>ECanbRegsFile</name>
         <uninitialized>true</uninitialized>
         <run_address>0x6200</run_address>
         <size>0x34</size>
         <input_file_ref idref="fl-d"/>
      </object_component>
      <object_component id="oc-b4">
         <name>ECanbLAMRegsFile</name>
         <uninitialized>true</uninitialized>
         <run_address>0x6240</run_address>
         <size>0x40</size>
         <input_file_ref idref="fl-d"/>
      </object_component>
      <object_component id="oc-bc">
         <name>ECanbMboxesFile</name>
         <uninitialized>true</uninitialized>
         <run_address>0x6300</run_address>
         <size>0x100</size>
         <input_file_ref idref="fl-d"/>
      </object_component>
      <object_component id="oc-b5">
         <name>ECanbMOTSRegsFile</name>
         <uninitialized>true</uninitialized>
         <run_address>0x6280</run_address>
         <size>0x40</size>
         <input_file_ref idref="fl-d"/>
      </object_component>
      <object_component id="oc-b6">
         <name>ECanbMOTORegsFile</name>
         <uninitialized>true</uninitialized>
         <run_address>0x62c0</run_address>
         <size>0x40</size>
         <input_file_ref idref="fl-d"/>
      </object_component>
      <object_component id="oc-a5">
         <name>EPwm1RegsFile</name>
         <uninitialized>true</uninitialized>
         <run_address>0x6800</run_address>
         <size>0x22</size>
         <input_file_ref idref="fl-d"/>
      </object_component>
      <object_component id="oc-a6">
         <name>EPwm2RegsFile</name>
         <uninitialized>true</uninitialized>
         <run_address>0x6840</run_address>
         <size>0x22</size>
         <input_file_ref idref="fl-d"/>
      </object_component>
      <object_component id="oc-a7">
         <name>EPwm3RegsFile</name>
         <uninitialized>true</uninitialized>
         <run_address>0x6880</run_address>
         <size>0x22</size>
         <input_file_ref idref="fl-d"/>
      </object_component>
      <object_component id="oc-a8">
         <name>EPwm4RegsFile</name>
         <uninitialized>true</uninitialized>
         <run_address>0x68c0</run_address>
         <size>0x22</size>
         <input_file_ref idref="fl-d"/>
      </object_component>
      <object_component id="oc-a9">
         <name>EPwm5RegsFile</name>
         <uninitialized>true</uninitialized>
         <run_address>0x6900</run_address>
         <size>0x22</size>
         <input_file_ref idref="fl-d"/>
      </object_component>
      <object_component id="oc-aa">
         <name>EPwm6RegsFile</name>
         <uninitialized>true</uninitialized>
         <run_address>0x6940</run_address>
         <size>0x22</size>
         <input_file_ref idref="fl-d"/>
      </object_component>
      <object_component id="oc-9d">
         <name>ECap1RegsFile</name>
         <uninitialized>true</uninitialized>
         <run_address>0x6a00</run_address>
         <size>0x20</size>
         <input_file_ref idref="fl-d"/>
      </object_component>
      <object_component id="oc-9e">
         <name>ECap2RegsFile</name>
         <uninitialized>true</uninitialized>
         <run_address>0x6a20</run_address>
         <size>0x20</size>
         <input_file_ref idref="fl-d"/>
      </object_component>
      <object_component id="oc-9f">
         <name>ECap3RegsFile</name>
         <uninitialized>true</uninitialized>
         <run_address>0x6a40</run_address>
         <size>0x20</size>
         <input_file_ref idref="fl-d"/>
      </object_component>
      <object_component id="oc-a0">
         <name>ECap4RegsFile</name>
         <uninitialized>true</uninitialized>
         <run_address>0x6a60</run_address>
         <size>0x20</size>
         <input_file_ref idref="fl-d"/>
      </object_component>
      <object_component id="oc-a1">
         <name>ECap5RegsFile</name>
         <uninitialized>true</uninitialized>
         <run_address>0x6a80</run_address>
         <size>0x20</size>
         <input_file_ref idref="fl-d"/>
      </object_component>
      <object_component id="oc-a2">
         <name>ECap6RegsFile</name>
         <uninitialized>true</uninitialized>
         <run_address>0x6aa0</run_address>
         <size>0x20</size>
         <input_file_ref idref="fl-d"/>
      </object_component>
      <object_component id="oc-b7">
         <name>EQep1RegsFile</name>
         <uninitialized>true</uninitialized>
         <run_address>0x6b00</run_address>
         <size>0x40</size>
         <input_file_ref idref="fl-d"/>
      </object_component>
      <object_component id="oc-b8">
         <name>EQep2RegsFile</name>
         <uninitialized>true</uninitialized>
         <run_address>0x6b40</run_address>
         <size>0x40</size>
         <input_file_ref idref="fl-d"/>
      </object_component>
      <object_component id="oc-ae">
         <name>GpioCtrlRegsFile</name>
         <uninitialized>true</uninitialized>
         <run_address>0x6f80</run_address>
         <size>0x2e</size>
         <input_file_ref idref="fl-d"/>
      </object_component>
      <object_component id="oc-a3">
         <name>GpioDataRegsFile</name>
         <uninitialized>true</uninitialized>
         <run_address>0x6fc0</run_address>
         <size>0x20</size>
         <input_file_ref idref="fl-d"/>
      </object_component>
      <object_component id="oc-92">
         <name>GpioIntRegsFile</name>
         <uninitialized>true</uninitialized>
         <run_address>0x6fe0</run_address>
         <size>0xa</size>
         <input_file_ref idref="fl-d"/>
      </object_component>
      <object_component id="oc-a4">
         <name>SysCtrlRegsFile</name>
         <uninitialized>true</uninitialized>
         <run_address>0x7010</run_address>
         <size>0x20</size>
         <input_file_ref idref="fl-d"/>
      </object_component>
      <object_component id="oc-98">
         <name>SpiaRegsFile</name>
         <uninitialized>true</uninitialized>
         <run_address>0x7040</run_address>
         <size>0x10</size>
         <input_file_ref idref="fl-d"/>
      </object_component>
      <object_component id="oc-95">
         <name>SciaRegsFile</name>
         <uninitialized>true</uninitialized>
         <run_address>0x7050</run_address>
         <size>0x10</size>
         <input_file_ref idref="fl-d"/>
      </object_component>
      <object_component id="oc-99">
         <name>XIntruptRegsFile</name>
         <uninitialized>true</uninitialized>
         <run_address>0x7070</run_address>
         <size>0x10</size>
         <input_file_ref idref="fl-d"/>
      </object_component>
      <object_component id="oc-9b">
         <name>AdcRegsFile</name>
         <uninitialized>true</uninitialized>
         <run_address>0x7100</run_address>
         <size>0x1e</size>
         <input_file_ref idref="fl-d"/>
      </object_component>
      <object_component id="oc-96">
         <name>ScibRegsFile</name>
         <uninitialized>true</uninitialized>
         <run_address>0x7750</run_address>
         <size>0x10</size>
         <input_file_ref idref="fl-d"/>
      </object_component>
      <object_component id="oc-97">
         <name>ScicRegsFile</name>
         <uninitialized>true</uninitialized>
         <run_address>0x7770</run_address>
         <size>0x10</size>
         <input_file_ref idref="fl-d"/>
      </object_component>
      <object_component id="oc-ab">
         <name>I2caRegsFile</name>
         <uninitialized>true</uninitialized>
         <run_address>0x7900</run_address>
         <size>0x22</size>
         <input_file_ref idref="fl-d"/>
      </object_component>
      <object_component id="oc-90">
         <name>CsmPwlFile</name>
         <uninitialized>true</uninitialized>
         <run_address>0x33fff8</run_address>
         <size>0x8</size>
         <input_file_ref idref="fl-d"/>
      </object_component>
      <object_component id="oc-4c">
         <name>.debug_info</name>
         <load_address>0x0</load_address>
         <run_address>0x0</run_address>
         <size>0x1edd</size>
         <input_file_ref idref="fl-2"/>
      </object_component>
      <object_component id="oc-51">
         <name>.debug_info</name>
         <load_address>0x1edd</load_address>
         <run_address>0x1edd</run_address>
         <size>0x1d44</size>
         <input_file_ref idref="fl-3"/>
      </object_component>
      <object_component id="oc-56">
         <name>.debug_info</name>
         <load_address>0x3c21</load_address>
         <run_address>0x3c21</run_address>
         <size>0x3057</size>
         <input_file_ref idref="fl-4"/>
      </object_component>
      <object_component id="oc-5b">
         <name>.debug_info</name>
         <load_address>0x6c78</load_address>
         <run_address>0x6c78</run_address>
         <size>0xa8c</size>
         <input_file_ref idref="fl-5"/>
      </object_component>
      <object_component id="oc-62">
         <name>.debug_info</name>
         <load_address>0x7704</load_address>
         <run_address>0x7704</run_address>
         <size>0x32cd</size>
         <input_file_ref idref="fl-6"/>
      </object_component>
      <object_component id="oc-6a">
         <name>.debug_info</name>
         <load_address>0xa9d1</load_address>
         <run_address>0xa9d1</run_address>
         <size>0x2993</size>
         <input_file_ref idref="fl-7"/>
      </object_component>
      <object_component id="oc-72">
         <name>.debug_info</name>
         <load_address>0xd364</load_address>
         <run_address>0xd364</run_address>
         <size>0x105</size>
         <input_file_ref idref="fl-8"/>
      </object_component>
      <object_component id="oc-78">
         <name>.debug_info</name>
         <load_address>0xd469</load_address>
         <run_address>0xd469</run_address>
         <size>0x14d</size>
         <input_file_ref idref="fl-9"/>
      </object_component>
      <object_component id="oc-7b">
         <name>.debug_info</name>
         <load_address>0xd5b6</load_address>
         <run_address>0xd5b6</run_address>
         <size>0x9b0</size>
         <input_file_ref idref="fl-a"/>
      </object_component>
      <object_component id="oc-81">
         <name>.debug_info</name>
         <load_address>0xdf66</load_address>
         <run_address>0xdf66</run_address>
         <size>0x16fb</size>
         <input_file_ref idref="fl-b"/>
      </object_component>
      <object_component id="oc-86">
         <name>.debug_info</name>
         <load_address>0xf661</load_address>
         <run_address>0xf661</run_address>
         <size>0x2adb</size>
         <input_file_ref idref="fl-c"/>
      </object_component>
      <object_component id="oc-8c">
         <name>.debug_info</name>
         <load_address>0x1213c</load_address>
         <run_address>0x1213c</run_address>
         <size>0x1322b</size>
         <input_file_ref idref="fl-d"/>
      </object_component>
      <object_component id="oc-bf">
         <name>.debug_info</name>
         <load_address>0x25367</load_address>
         <run_address>0x25367</run_address>
         <size>0x1b6a</size>
         <input_file_ref idref="fl-e"/>
      </object_component>
      <object_component id="oc-c4">
         <name>.debug_info</name>
         <load_address>0x26ed1</load_address>
         <run_address>0x26ed1</run_address>
         <size>0x33b</size>
         <input_file_ref idref="fl-f"/>
      </object_component>
      <object_component id="oc-c9">
         <name>.debug_info</name>
         <load_address>0x2720c</load_address>
         <run_address>0x2720c</run_address>
         <size>0xb58</size>
         <input_file_ref idref="fl-10"/>
      </object_component>
      <object_component id="oc-ce">
         <name>.debug_info</name>
         <load_address>0x27d64</load_address>
         <run_address>0x27d64</run_address>
         <size>0x22a8</size>
         <input_file_ref idref="fl-11"/>
      </object_component>
      <object_component id="oc-d3">
         <name>.debug_info</name>
         <load_address>0x2a00c</load_address>
         <run_address>0x2a00c</run_address>
         <size>0x1dec</size>
         <input_file_ref idref="fl-12"/>
      </object_component>
      <object_component id="oc-d8">
         <name>.debug_info</name>
         <load_address>0x2bdf8</load_address>
         <run_address>0x2bdf8</run_address>
         <size>0x1b69</size>
         <input_file_ref idref="fl-13"/>
      </object_component>
      <object_component id="oc-dd">
         <name>.debug_info</name>
         <load_address>0x2d961</load_address>
         <run_address>0x2d961</run_address>
         <size>0x1ff3</size>
         <input_file_ref idref="fl-14"/>
      </object_component>
      <object_component id="oc-e2">
         <name>.debug_info</name>
         <load_address>0x2f954</load_address>
         <run_address>0x2f954</run_address>
         <size>0x2285</size>
         <input_file_ref idref="fl-15"/>
      </object_component>
      <object_component id="oc-e9">
         <name>.debug_info</name>
         <load_address>0x31bd9</load_address>
         <run_address>0x31bd9</run_address>
         <size>0x105</size>
         <input_file_ref idref="fl-16"/>
      </object_component>
      <object_component id="oc-ec">
         <name>.debug_info</name>
         <load_address>0x31cde</load_address>
         <run_address>0x31cde</run_address>
         <size>0x74f</size>
         <input_file_ref idref="fl-17"/>
      </object_component>
      <object_component id="oc-f3">
         <name>.debug_info</name>
         <load_address>0x3242d</load_address>
         <run_address>0x3242d</run_address>
         <size>0x517</size>
         <input_file_ref idref="fl-2a"/>
      </object_component>
      <object_component id="oc-f9">
         <name>.debug_info</name>
         <load_address>0x32944</load_address>
         <run_address>0x32944</run_address>
         <size>0x88a</size>
         <input_file_ref idref="fl-2b"/>
      </object_component>
      <object_component id="oc-ff">
         <name>.debug_info</name>
         <load_address>0x331ce</load_address>
         <run_address>0x331ce</run_address>
         <size>0x3db</size>
         <input_file_ref idref="fl-2c"/>
      </object_component>
      <object_component id="oc-104">
         <name>.debug_info</name>
         <load_address>0x335a9</load_address>
         <run_address>0x335a9</run_address>
         <size>0x4ef</size>
         <input_file_ref idref="fl-2d"/>
      </object_component>
      <object_component id="oc-10a">
         <name>.debug_info</name>
         <load_address>0x33a98</load_address>
         <run_address>0x33a98</run_address>
         <size>0x3cf</size>
         <input_file_ref idref="fl-2e"/>
      </object_component>
      <object_component id="oc-10f">
         <name>.debug_info</name>
         <load_address>0x33e67</load_address>
         <run_address>0x33e67</run_address>
         <size>0x4b8</size>
         <input_file_ref idref="fl-2f"/>
      </object_component>
      <object_component id="oc-115">
         <name>.debug_info</name>
         <load_address>0x3431f</load_address>
         <run_address>0x3431f</run_address>
         <size>0x3e1</size>
         <input_file_ref idref="fl-30"/>
      </object_component>
      <object_component id="oc-11a">
         <name>.debug_info</name>
         <load_address>0x34700</load_address>
         <run_address>0x34700</run_address>
         <size>0x67e</size>
         <input_file_ref idref="fl-31"/>
      </object_component>
      <object_component id="oc-121">
         <name>.debug_info</name>
         <load_address>0x34d7e</load_address>
         <run_address>0x34d7e</run_address>
         <size>0x173</size>
         <input_file_ref idref="fl-32"/>
      </object_component>
      <object_component id="oc-126">
         <name>.debug_info</name>
         <load_address>0x34ef1</load_address>
         <run_address>0x34ef1</run_address>
         <size>0x114</size>
         <input_file_ref idref="fl-33"/>
      </object_component>
      <object_component id="oc-12a">
         <name>.debug_info</name>
         <load_address>0x35005</load_address>
         <run_address>0x35005</run_address>
         <size>0x561</size>
         <input_file_ref idref="fl-34"/>
      </object_component>
      <object_component id="oc-12f">
         <name>.debug_info</name>
         <load_address>0x35566</load_address>
         <run_address>0x35566</run_address>
         <size>0x43a</size>
         <input_file_ref idref="fl-35"/>
      </object_component>
      <object_component id="oc-134">
         <name>.debug_info</name>
         <load_address>0x359a0</load_address>
         <run_address>0x359a0</run_address>
         <size>0x3ad</size>
         <input_file_ref idref="fl-36"/>
      </object_component>
      <object_component id="oc-139">
         <name>.debug_info</name>
         <load_address>0x35d4d</load_address>
         <run_address>0x35d4d</run_address>
         <size>0x3aa</size>
         <input_file_ref idref="fl-37"/>
      </object_component>
      <object_component id="oc-13e">
         <name>.debug_info</name>
         <load_address>0x360f7</load_address>
         <run_address>0x360f7</run_address>
         <size>0x544</size>
         <input_file_ref idref="fl-38"/>
      </object_component>
      <object_component id="oc-145">
         <name>.debug_info</name>
         <load_address>0x3663b</load_address>
         <run_address>0x3663b</run_address>
         <size>0x4cc</size>
         <input_file_ref idref="fl-39"/>
      </object_component>
      <object_component id="oc-14a">
         <name>.debug_info</name>
         <load_address>0x36b07</load_address>
         <run_address>0x36b07</run_address>
         <size>0x467</size>
         <input_file_ref idref="fl-3a"/>
      </object_component>
      <object_component id="oc-14f">
         <name>.debug_info</name>
         <load_address>0x36f6e</load_address>
         <run_address>0x36f6e</run_address>
         <size>0x1c6</size>
         <input_file_ref idref="fl-3b"/>
      </object_component>
      <object_component id="oc-153">
         <name>.debug_info</name>
         <load_address>0x37134</load_address>
         <run_address>0x37134</run_address>
         <size>0x406</size>
         <input_file_ref idref="fl-3c"/>
      </object_component>
      <object_component id="oc-158">
         <name>.debug_info</name>
         <load_address>0x3753a</load_address>
         <run_address>0x3753a</run_address>
         <size>0x2a4f</size>
         <input_file_ref idref="fl-3d"/>
      </object_component>
      <object_component id="oc-160">
         <name>.debug_info</name>
         <load_address>0x39f89</load_address>
         <run_address>0x39f89</run_address>
         <size>0x120</size>
         <input_file_ref idref="fl-3e"/>
      </object_component>
      <object_component id="oc-165">
         <name>.debug_info</name>
         <load_address>0x3a0a9</load_address>
         <run_address>0x3a0a9</run_address>
         <size>0x114</size>
         <input_file_ref idref="fl-3f"/>
      </object_component>
      <object_component id="oc-16a">
         <name>.debug_info</name>
         <load_address>0x3a1bd</load_address>
         <run_address>0x3a1bd</run_address>
         <size>0x114</size>
         <input_file_ref idref="fl-40"/>
      </object_component>
      <object_component id="oc-16f">
         <name>.debug_info</name>
         <load_address>0x3a2d1</load_address>
         <run_address>0x3a2d1</run_address>
         <size>0x122</size>
         <input_file_ref idref="fl-41"/>
      </object_component>
      <object_component id="oc-174">
         <name>.debug_info</name>
         <load_address>0x3a3f3</load_address>
         <run_address>0x3a3f3</run_address>
         <size>0x114</size>
         <input_file_ref idref="fl-42"/>
      </object_component>
      <object_component id="oc-179">
         <name>.debug_info</name>
         <load_address>0x3a507</load_address>
         <run_address>0x3a507</run_address>
         <size>0x114</size>
         <input_file_ref idref="fl-43"/>
      </object_component>
      <object_component id="oc-17e">
         <name>.debug_info</name>
         <load_address>0x3a61b</load_address>
         <run_address>0x3a61b</run_address>
         <size>0x176</size>
         <input_file_ref idref="fl-44"/>
      </object_component>
      <object_component id="oc-183">
         <name>.debug_info</name>
         <load_address>0x3a791</load_address>
         <run_address>0x3a791</run_address>
         <size>0x14e</size>
         <input_file_ref idref="fl-45"/>
      </object_component>
      <object_component id="oc-188">
         <name>.debug_info</name>
         <load_address>0x3a8df</load_address>
         <run_address>0x3a8df</run_address>
         <size>0x231</size>
         <input_file_ref idref="fl-46"/>
      </object_component>
      <object_component id="oc-18d">
         <name>.debug_info</name>
         <load_address>0x3ab10</load_address>
         <run_address>0x3ab10</run_address>
         <size>0x118</size>
         <input_file_ref idref="fl-47"/>
      </object_component>
      <object_component id="oc-192">
         <name>.debug_info</name>
         <load_address>0x3ac28</load_address>
         <run_address>0x3ac28</run_address>
         <size>0x118</size>
         <input_file_ref idref="fl-48"/>
      </object_component>
      <object_component id="oc-197">
         <name>.debug_info</name>
         <load_address>0x3ad40</load_address>
         <run_address>0x3ad40</run_address>
         <size>0x11a</size>
         <input_file_ref idref="fl-49"/>
      </object_component>
      <object_component id="oc-19c">
         <name>.debug_info</name>
         <load_address>0x3ae5a</load_address>
         <run_address>0x3ae5a</run_address>
         <size>0x114</size>
         <input_file_ref idref="fl-4a"/>
      </object_component>
      <object_component id="oc-1a0">
         <name>.debug_info</name>
         <load_address>0x3af6e</load_address>
         <run_address>0x3af6e</run_address>
         <size>0x46c</size>
         <input_file_ref idref="fl-4b"/>
      </object_component>
      <object_component id="oc-1a5">
         <name>.debug_info</name>
         <load_address>0x3b3da</load_address>
         <run_address>0x3b3da</run_address>
         <size>0x41f</size>
         <input_file_ref idref="fl-4c"/>
      </object_component>
      <object_component id="oc-1aa">
         <name>.debug_info</name>
         <load_address>0x3b7f9</load_address>
         <run_address>0x3b7f9</run_address>
         <size>0x1e7</size>
         <input_file_ref idref="fl-4d"/>
      </object_component>
      <object_component id="oc-1ac">
         <name>.debug_info</name>
         <load_address>0x3b9e0</load_address>
         <run_address>0x3b9e0</run_address>
         <size>0x45e</size>
         <input_file_ref idref="fl-4e"/>
      </object_component>
      <object_component id="oc-1b1">
         <name>.debug_info</name>
         <load_address>0x3be3e</load_address>
         <run_address>0x3be3e</run_address>
         <size>0x502</size>
         <input_file_ref idref="fl-4f"/>
      </object_component>
      <object_component id="oc-1b6">
         <name>.debug_info</name>
         <load_address>0x3c340</load_address>
         <run_address>0x3c340</run_address>
         <size>0x4f1</size>
         <input_file_ref idref="fl-50"/>
      </object_component>
      <object_component id="oc-1bb">
         <name>.debug_info</name>
         <load_address>0x3c831</load_address>
         <run_address>0x3c831</run_address>
         <size>0x4e5</size>
         <input_file_ref idref="fl-51"/>
      </object_component>
      <object_component id="oc-1c0">
         <name>.debug_info</name>
         <load_address>0x3cd16</load_address>
         <run_address>0x3cd16</run_address>
         <size>0x4aa</size>
         <input_file_ref idref="fl-52"/>
      </object_component>
      <object_component id="oc-1c5">
         <name>.debug_info</name>
         <load_address>0x3d1c0</load_address>
         <run_address>0x3d1c0</run_address>
         <size>0x4a6</size>
         <input_file_ref idref="fl-53"/>
      </object_component>
      <object_component id="oc-1cb">
         <name>.debug_info</name>
         <load_address>0x3d666</load_address>
         <run_address>0x3d666</run_address>
         <size>0x532</size>
         <input_file_ref idref="fl-54"/>
      </object_component>
      <object_component id="oc-1d1">
         <name>.debug_info</name>
         <load_address>0x3db98</load_address>
         <run_address>0x3db98</run_address>
         <size>0x423</size>
         <input_file_ref idref="fl-55"/>
      </object_component>
      <object_component id="oc-1d6">
         <name>.debug_info</name>
         <load_address>0x3dfbb</load_address>
         <run_address>0x3dfbb</run_address>
         <size>0x40c</size>
         <input_file_ref idref="fl-56"/>
      </object_component>
      <object_component id="oc-1dc">
         <name>.debug_info</name>
         <load_address>0x3e3c7</load_address>
         <run_address>0x3e3c7</run_address>
         <size>0x114</size>
         <input_file_ref idref="fl-57"/>
      </object_component>
      <object_component id="oc-1e1">
         <name>.debug_info</name>
         <load_address>0x3e4db</load_address>
         <run_address>0x3e4db</run_address>
         <size>0x1a5</size>
         <input_file_ref idref="fl-58"/>
      </object_component>
      <object_component id="oc-279">
         <name>.debug_info</name>
         <load_address>0x3e680</load_address>
         <run_address>0x3e680</run_address>
         <size>0x9c</size>
      </object_component>
      <object_component id="oc-4d">
         <name>.debug_frame</name>
         <load_address>0x0</load_address>
         <run_address>0x0</run_address>
         <size>0x5c</size>
         <input_file_ref idref="fl-2"/>
      </object_component>
      <object_component id="oc-52">
         <name>.debug_frame</name>
         <load_address>0x5c</load_address>
         <run_address>0x5c</run_address>
         <size>0x40</size>
         <input_file_ref idref="fl-3"/>
      </object_component>
      <object_component id="oc-57">
         <name>.debug_frame</name>
         <load_address>0x9c</load_address>
         <run_address>0x9c</run_address>
         <size>0x28</size>
         <input_file_ref idref="fl-4"/>
      </object_component>
      <object_component id="oc-5e">
         <name>.debug_frame</name>
         <load_address>0xc4</load_address>
         <run_address>0xc4</run_address>
         <size>0xb8</size>
         <input_file_ref idref="fl-5"/>
      </object_component>
      <object_component id="oc-66">
         <name>.debug_frame</name>
         <load_address>0x17c</load_address>
         <run_address>0x17c</run_address>
         <size>0xe4</size>
         <input_file_ref idref="fl-6"/>
      </object_component>
      <object_component id="oc-6c">
         <name>.debug_frame</name>
         <load_address>0x260</load_address>
         <run_address>0x260</run_address>
         <size>0xc8</size>
         <input_file_ref idref="fl-7"/>
      </object_component>
      <object_component id="oc-7d">
         <name>.debug_frame</name>
         <load_address>0x328</load_address>
         <run_address>0x328</run_address>
         <size>0x5c</size>
         <input_file_ref idref="fl-a"/>
      </object_component>
      <object_component id="oc-82">
         <name>.debug_frame</name>
         <load_address>0x384</load_address>
         <run_address>0x384</run_address>
         <size>0x28</size>
         <input_file_ref idref="fl-b"/>
      </object_component>
      <object_component id="oc-88">
         <name>.debug_frame</name>
         <load_address>0x3ac</load_address>
         <run_address>0x3ac</run_address>
         <size>0xa30</size>
         <input_file_ref idref="fl-c"/>
      </object_component>
      <object_component id="oc-c0">
         <name>.debug_frame</name>
         <load_address>0xddc</load_address>
         <run_address>0xddc</run_address>
         <size>0x28</size>
         <input_file_ref idref="fl-e"/>
      </object_component>
      <object_component id="oc-c5">
         <name>.debug_frame</name>
         <load_address>0xe04</load_address>
         <run_address>0xe04</run_address>
         <size>0x28</size>
         <input_file_ref idref="fl-f"/>
      </object_component>
      <object_component id="oc-ca">
         <name>.debug_frame</name>
         <load_address>0xe2c</load_address>
         <run_address>0xe2c</run_address>
         <size>0x58</size>
         <input_file_ref idref="fl-10"/>
      </object_component>
      <object_component id="oc-cf">
         <name>.debug_frame</name>
         <load_address>0xe84</load_address>
         <run_address>0xe84</run_address>
         <size>0x44</size>
         <input_file_ref idref="fl-11"/>
      </object_component>
      <object_component id="oc-d4">
         <name>.debug_frame</name>
         <load_address>0xec8</load_address>
         <run_address>0xec8</run_address>
         <size>0xa0</size>
         <input_file_ref idref="fl-12"/>
      </object_component>
      <object_component id="oc-d9">
         <name>.debug_frame</name>
         <load_address>0xf68</load_address>
         <run_address>0xf68</run_address>
         <size>0x28</size>
         <input_file_ref idref="fl-13"/>
      </object_component>
      <object_component id="oc-de">
         <name>.debug_frame</name>
         <load_address>0xf90</load_address>
         <run_address>0xf90</run_address>
         <size>0xc0</size>
         <input_file_ref idref="fl-14"/>
      </object_component>
      <object_component id="oc-e3">
         <name>.debug_frame</name>
         <load_address>0x1050</load_address>
         <run_address>0x1050</run_address>
         <size>0x70</size>
         <input_file_ref idref="fl-15"/>
      </object_component>
      <object_component id="oc-ef">
         <name>.debug_frame</name>
         <load_address>0x10c0</load_address>
         <run_address>0x10c0</run_address>
         <size>0x44</size>
         <input_file_ref idref="fl-17"/>
      </object_component>
      <object_component id="oc-f5">
         <name>.debug_frame</name>
         <load_address>0x1104</load_address>
         <run_address>0x1104</run_address>
         <size>0x44</size>
         <input_file_ref idref="fl-2a"/>
      </object_component>
      <object_component id="oc-fb">
         <name>.debug_frame</name>
         <load_address>0x1148</load_address>
         <run_address>0x1148</run_address>
         <size>0x88</size>
         <input_file_ref idref="fl-2b"/>
      </object_component>
      <object_component id="oc-100">
         <name>.debug_frame</name>
         <load_address>0x11d0</load_address>
         <run_address>0x11d0</run_address>
         <size>0x44</size>
         <input_file_ref idref="fl-2c"/>
      </object_component>
      <object_component id="oc-106">
         <name>.debug_frame</name>
         <load_address>0x1214</load_address>
         <run_address>0x1214</run_address>
         <size>0x6c</size>
         <input_file_ref idref="fl-2d"/>
      </object_component>
      <object_component id="oc-10b">
         <name>.debug_frame</name>
         <load_address>0x1280</load_address>
         <run_address>0x1280</run_address>
         <size>0x44</size>
         <input_file_ref idref="fl-2e"/>
      </object_component>
      <object_component id="oc-111">
         <name>.debug_frame</name>
         <load_address>0x12c4</load_address>
         <run_address>0x12c4</run_address>
         <size>0x4c</size>
         <input_file_ref idref="fl-2f"/>
      </object_component>
      <object_component id="oc-116">
         <name>.debug_frame</name>
         <load_address>0x1310</load_address>
         <run_address>0x1310</run_address>
         <size>0x64</size>
         <input_file_ref idref="fl-30"/>
      </object_component>
      <object_component id="oc-11b">
[...]
      </symbol>
      <symbol id="sm-304">
         <name>_PieCtrlRegs</name>
         <value>0xce0</value>
         <object_component_ref idref="oc-9a"/>
      </symbol>
      <symbol id="sm-305">
         <name>_ECanbMOTSRegs</name>
         <value>0x6280</value>
         <object_component_ref idref="oc-b5"/>
      </symbol>
      <symbol id="sm-306">
         <name>_ECanaRegs</name>
         <value>0x6000</value>
         <object_component_ref idref="oc-af"/>
      </symbol>
      <symbol id="sm-307">
         <name>_AdcMirror</name>
         <value>0xb00</value>
         <object_component_ref idref="oc-93"/>
      </symbol>
      <symbol id="sm-308">
         <name>_ECanbMboxes</name>
         <value>0x6300</value>
         <object_component_ref idref="oc-bc"/>
      </symbol>
      <symbol id="sm-309">
         <name>_XintfRegs</name>
         <value>0xb20</value>
         <object_component_ref idref="oc-9c"/>
      </symbol>
      <symbol id="sm-30a">
         <name>_ScicRegs</name>
         <value>0x7770</value>
         <object_component_ref idref="oc-97"/>
      </symbol>
      <symbol id="sm-30b">
         <name>_ECap1Regs</name>
         <value>0x6a00</value>
         <object_component_ref idref="oc-9d"/>
      </symbol>
      <symbol id="sm-30c">
         <name>_EQep1Regs</name>
         <value>0x6b00</value>
         <object_component_ref idref="oc-b7"/>
      </symbol>
      <symbol id="sm-30d">
         <name>_McbspaRegs</name>
         <value>0x5000</value>
         <object_component_ref idref="oc-ac"/>
      </symbol>
      <symbol id="sm-30e">
         <name>_EPwm1Regs</name>
         <value>0x6800</value>
         <object_component_ref idref="oc-a5"/>
      </symbol>
      <symbol id="sm-30f">
         <name>_ECanbRegs</name>
         <value>0x6200</value>
         <object_component_ref idref="oc-b0"/>
      </symbol>
      <symbol id="sm-310">
         <name>_ScibRegs</name>
         <value>0x7750</value>
         <object_component_ref idref="oc-96"/>
      </symbol>
      <symbol id="sm-311">
         <name>_ECap2Regs</name>
         <value>0x6a20</value>
         <object_component_ref idref="oc-9e"/>
      </symbol>
      <symbol id="sm-312">
         <name>_GpioIntRegs</name>
         <value>0x6fe0</value>
         <object_component_ref idref="oc-92"/>
      </symbol>
      <symbol id="sm-313">
         <name>_EQep2Regs</name>
         <value>0x6b40</value>
         <object_component_ref idref="oc-b8"/>
      </symbol>
      <symbol id="sm-314">
         <name>_EPwm2Regs</name>
         <value>0x6840</value>
         <object_component_ref idref="oc-a6"/>
      </symbol>
      <symbol id="sm-315">
         <name>_ECanaMboxes</name>
         <value>0x6100</value>
         <object_component_ref idref="oc-bb"/>
      </symbol>
      <symbol id="sm-316">
         <name>_ECap3Regs</name>
         <value>0x6a40</value>
         <object_component_ref idref="oc-9f"/>
      </symbol>
      <symbol id="sm-317">
         <name>_ECanaMOTORegs</name>
         <value>0x60c0</value>
         <object_component_ref idref="oc-b3"/>
      </symbol>
      <symbol id="sm-318">
         <name>_EPwm3Regs</name>
         <value>0x6880</value>
         <object_component_ref idref="oc-a7"/>
      </symbol>
      <symbol id="sm-319">
         <name>_ECanbLAMRegs</name>
         <value>0x6240</value>
         <object_component_ref idref="oc-b4"/>
      </symbol>
      <symbol id="sm-31a">
         <name>_I2caRegs</name>
         <value>0x7900</value>
         <object_component_ref idref="oc-ab"/>
      </symbol>
      <symbol id="sm-338">
         <name>_InitPieCtrl</name>
         <value>0xb2e4</value>
         <object_component_ref idref="oc-1f6"/>
      </symbol>
      <symbol id="sm-33a">
         <name>_EnableInterrupts</name>
         <value>0xb303</value>
         <object_component_ref idref="oc-1f6"/>
      </symbol>
      <symbol id="sm-34b">
         <name>_PieVectTableInit</name>
         <value>0xd102</value>
         <object_component_ref idref="oc-201"/>
      </symbol>
      <symbol id="sm-34c">
         <name>_InitPieVectTable</name>
         <value>0xb39c</value>
         <object_component_ref idref="oc-1f7"/>
      </symbol>
      <symbol id="sm-359">
         <name>_InitScicGpio</name>
         <value>0xb112</value>
         <object_component_ref idref="oc-204"/>
      </symbol>
      <symbol id="sm-35b">
         <name>_InitScibGpio</name>
         <value>0xb0fc</value>
         <object_component_ref idref="oc-204"/>
      </symbol>
      <symbol id="sm-35d">
         <name>_InitSciaGpio</name>
         <value>0xb0e7</value>
         <object_component_ref idref="oc-204"/>
      </symbol>
      <symbol id="sm-35f">
         <name>_InitSciGpio</name>
         <value>0xb0e2</value>
         <object_component_ref idref="oc-204"/>
      </symbol>
      <symbol id="sm-361">
         <name>_InitSci</name>
         <value>0xb0e1</value>
         <object_component_ref idref="oc-204"/>
      </symbol>
      <symbol id="sm-380">
         <name>_InitPll</name>
         <value>0xa7e7</value>
         <object_component_ref idref="oc-1f3"/>
      </symbol>
      <symbol id="sm-382">
         <name>_DisableDog</name>
         <value>0xa7df</value>
         <object_component_ref idref="oc-1f3"/>
      </symbol>
      <symbol id="sm-384">
         <name>_InitPeripheralClocks</name>
         <value>0xa837</value>
         <object_component_ref idref="oc-1f3"/>
      </symbol>
      <symbol id="sm-386">
         <name>_CsmUnlock</name>
         <value>0xa872</value>
         <object_component_ref idref="oc-1f3"/>
      </symbol>
      <symbol id="sm-388">
         <name>_ServiceDog</name>
         <value>0xa7d5</value>
         <object_component_ref idref="oc-1f3"/>
      </symbol>
      <symbol id="sm-38a">
         <name>_InitSysCtrl</name>
         <value>0xa7cc</value>
         <object_component_ref idref="oc-1f3"/>
      </symbol>
      <symbol id="sm-397">
         <name>_InitXintf16Gpio</name>
         <value>0xa772</value>
         <object_component_ref idref="oc-1f5"/>
      </symbol>
      <symbol id="sm-399">
         <name>_InitXintf</name>
         <value>0xa6d2</value>
         <object_component_ref idref="oc-1f5"/>
      </symbol>
      <symbol id="sm-39b">
         <name>_InitXintf32Gpio</name>
         <value>0xa72b</value>
         <object_component_ref idref="oc-1f5"/>
      </symbol>
      <symbol id="sm-3a8">
         <name>_DSP28x_usDelay</name>
         <value>0x8044</value>
         <object_component_ref idref="oc-e7"/>
      </symbol>
      <symbol id="sm-3c2">
         <name>_main</name>
         <value>0xae28</value>
         <object_component_ref idref="oc-1ee"/>
      </symbol>
      <symbol id="sm-3c4">
         <name>_adc_cnt</name>
         <value>0xdb12</value>
         <object_component_ref idref="oc-ee"/>
      </symbol>
      <symbol id="sm-3c5">
         <name>_timer0_flag</name>
         <value>0xdb10</value>
         <object_component_ref idref="oc-ee"/>
      </symbol>
      <symbol id="sm-3c6">
         <name>_PI</name>
         <value>0xdb14</value>
         <object_component_ref idref="oc-ee"/>
      </symbol>
      <symbol id="sm-3c7">
         <name>_text</name>
         <value>0xdb11</value>
         <object_component_ref idref="oc-ee"/>
      </symbol>
      <symbol id="sm-3c8">
         <name>_my_ang</name>
         <value>0xdb16</value>
         <object_component_ref idref="oc-ee"/>
      </symbol>
      <symbol id="sm-3c9">
         <name>_output1</name>
         <value>0xd300</value>
         <object_component_ref idref="oc-1fc"/>
      </symbol>
      <symbol id="sm-3ca">
         <name>_output2</name>
         <value>0xd600</value>
         <object_component_ref idref="oc-1fe"/>
      </symbol>
      <symbol id="sm-3cb">
         <name>_testSample7</name>
         <value>0xde40</value>
         <object_component_ref idref="oc-1fb"/>
      </symbol>
      <symbol id="sm-3cc">
         <name>_testSample6</name>
         <value>0xdd40</value>
         <object_component_ref idref="oc-1fa"/>
      </symbol>
      <symbol id="sm-3fb">
         <name>_atan2f</name>
         <value>0xa8a3</value>
         <object_component_ref idref="oc-207"/>
      </symbol>
      <symbol id="sm-3fd">
         <name>_atan2</name>
         <value>0xa8a3</value>
         <object_component_ref idref="oc-207"/>
      </symbol>
      <symbol id="sm-455">
         <name>_powf</name>
         <value>0x9cc5</value>
         <object_component_ref idref="oc-208"/>
      </symbol>
      <symbol id="sm-457">
         <name>_pow</name>
         <value>0x9cc5</value>
         <object_component_ref idref="oc-208"/>
      </symbol>
      <symbol id="sm-467">
         <name>_sqrtf</name>
         <value>0xb30c</value>
         <object_component_ref idref="oc-206"/>
      </symbol>
      <symbol id="sm-469">
         <name>_sqrt</name>
         <value>0xb30c</value>
         <object_component_ref idref="oc-206"/>
      </symbol>
      <symbol id="sm-48e">
         <name>_atan</name>
         <value>0xa975</value>
         <object_component_ref idref="oc-20e"/>
      </symbol>
      <symbol id="sm-48f">
         <name>_atanf</name>
         <value>0xa975</value>
         <object_component_ref idref="oc-20e"/>
      </symbol>
      <symbol id="sm-49e">
         <name>_cos</name>
         <value>0xaf76</value>
         <object_component_ref idref="oc-209"/>
      </symbol>
      <symbol id="sm-49f">
         <name>_cosf</name>
         <value>0xaf76</value>
         <object_component_ref idref="oc-209"/>
      </symbol>
      <symbol id="sm-4b8">
         <name>_scalbn</name>
         <value>0xb033</value>
         <object_component_ref idref="oc-212"/>
      </symbol>
      <symbol id="sm-4b9">
         <name>_ldexp</name>
         <value>0xb033</value>
         <object_component_ref idref="oc-212"/>
      </symbol>
      <symbol id="sm-4ba">
         <name>_scalbnf</name>
         <value>0xb033</value>
         <object_component_ref idref="oc-212"/>
      </symbol>
      <symbol id="sm-4bc">
         <name>_ldexpf</name>
         <value>0xb033</value>
         <object_component_ref idref="oc-212"/>
      </symbol>
      <symbol id="sm-4c9">
         <name>_sin</name>
         <value>0xaf10</value>
         <object_component_ref idref="oc-20a"/>
      </symbol>
      <symbol id="sm-4ca">
         <name>_sinf</name>
         <value>0xaf10</value>
         <object_component_ref idref="oc-20a"/>
      </symbol>
      <symbol id="sm-4d9">
         <name>_vsprintf</name>
         <value>0xb237</value>
         <object_component_ref idref="oc-203"/>
      </symbol>
      <symbol id="sm-4f5">
         <name>_c_int00</name>
         <value>0xb08b</value>
         <object_component_ref idref="oc-4b"/>
      </symbol>
      <symbol id="sm-4f6">
         <name>__stack</name>
         <value>0xc000</value>
         <object_component_ref idref="oc-11f"/>
      </symbol>
      <symbol id="sm-507">
         <name>FS$$DIV</name>
         <value>0xaca2</value>
         <object_component_ref idref="oc-125"/>
      </symbol>
      <symbol id="sm-516">
         <name>_copy_in</name>
         <value>0xb333</value>
         <object_component_ref idref="oc-1e6"/>
      </symbol>
      <symbol id="sm-528">
         <name>_memcpy</name>
         <value>0xb416</value>
         <object_component_ref idref="oc-1ed"/>
      </symbol>
      <symbol id="sm-535">
         <name>__system_pre_init</name>
         <value>0xb517</value>
         <object_component_ref idref="oc-1e5"/>
      </symbol>
      <symbol id="sm-543">
         <name>__system_post_cinit</name>
         <value>0xb519</value>
         <object_component_ref idref="oc-1e7"/>
      </symbol>
      <symbol id="sm-558">
         <name>C$$EXIT</name>
         <value>0xb2bb</value>
         <object_component_ref idref="oc-1e9"/>
      </symbol>
      <symbol id="sm-559">
         <name>_exit</name>
         <value>0xb2bd</value>
         <object_component_ref idref="oc-1e9"/>
      </symbol>
      <symbol id="sm-55b">
         <name>___TI_cleanup_ptr</name>
         <value>0xdb1a</value>
         <object_component_ref idref="oc-140"/>
      </symbol>
      <symbol id="sm-55c">
         <name>___TI_enable_exit_profile_output</name>
         <value>0xdb18</value>
         <object_component_ref idref="oc-140"/>
      </symbol>
      <symbol id="sm-55d">
         <name>_abort</name>
         <value>0xb2bb</value>
         <object_component_ref idref="oc-1e9"/>
      </symbol>
      <symbol id="sm-55f">
         <name>___TI_dtors_ptr</name>
         <value>0xdb1c</value>
         <object_component_ref idref="oc-140"/>
      </symbol>
      <symbol id="sm-573">
         <name>__unlock</name>
         <value>0xdb20</value>
         <object_component_ref idref="oc-20c"/>
      </symbol>
      <symbol id="sm-574">
         <name>__lock</name>
         <value>0xdb1e</value>
         <object_component_ref idref="oc-1ef"/>
      </symbol>
      <symbol id="sm-575">
         <name>__register_lock</name>
         <value>0xb4e4</value>
         <object_component_ref idref="oc-1ff"/>
      </symbol>
      <symbol id="sm-577">
         <name>__nop</name>
         <value>0xb4e8</value>
         <object_component_ref idref="oc-1ff"/>
      </symbol>
      <symbol id="sm-579">
         <name>__register_unlock</name>
         <value>0xb4e0</value>
         <object_component_ref idref="oc-1ff"/>
      </symbol>
      <symbol id="sm-589">
         <name>__args_main</name>
         <value>0xb483</value>
         <object_component_ref idref="oc-1e8"/>
      </symbol>
      <symbol id="sm-594">
         <name>_errno</name>
         <value>0xdb22</value>
         <object_component_ref idref="oc-151"/>
      </symbol>
      <symbol id="sm-5a0">
         <name>_copysignf</name>
         <value>0xb495</value>
         <object_component_ref idref="oc-21d"/>
      </symbol>
      <symbol id="sm-5a2">
         <name>_copysign</name>
         <value>0xb495</value>
         <object_component_ref idref="oc-21d"/>
      </symbol>
      <symbol id="sm-705">
         <name>___TI_printfi</name>
         <value>0x9b40</value>
         <object_component_ref idref="oc-20d"/>
      </symbol>
      <symbol id="sm-716">
         <name>FD$$CMP</name>
         <value>0xb267</value>
         <object_component_ref idref="oc-15f"/>
      </symbol>
      <symbol id="sm-728">
         <name>FD$$MPY</name>
         <value>0xad2a</value>
         <object_component_ref idref="oc-164"/>
      </symbol>
      <symbol id="sm-735">
         <name>FD$$NEG</name>
         <value>0xb4e9</value>
         <object_component_ref idref="oc-169"/>
      </symbol>
      <symbol id="sm-741">
         <name>FD$$SUB</name>
         <value>0xb4c6</value>
         <object_component_ref idref="oc-16e"/>
      </symbol>
      <symbol id="sm-750">
         <name>FD$$TOI</name>
         <value>0xb37b</value>
         <object_component_ref idref="oc-173"/>
      </symbol>
      <symbol id="sm-75f">
         <name>FD$$TOL</name>
         <value>0xb3bc</value>
         <object_component_ref idref="oc-178"/>
      </symbol>
      <symbol id="sm-76b">
         <name>LL$$AND</name>
         <value>0xb46b</value>
         <object_component_ref idref="oc-17d"/>
      </symbol>
      <symbol id="sm-76c">
         <name>LL$$OR</name>
         <value>0xb473</value>
         <object_component_ref idref="oc-17d"/>
      </symbol>
      <symbol id="sm-76d">
         <name>LL$$XOR</name>
         <value>0xb47b</value>
         <object_component_ref idref="oc-17d"/>
      </symbol>
      <symbol id="sm-77b">
         <name>ULL$$CMP</name>
         <value>0xb3ed</value>
         <object_component_ref idref="oc-182"/>
      </symbol>
      <symbol id="sm-77c">
         <name>LL$$CMP</name>
         <value>0xb3db</value>
         <object_component_ref idref="oc-182"/>
      </symbol>
      <symbol id="sm-7a8">
         <name>ULL$$MOD</name>
         <value>0xa670</value>
         <object_component_ref idref="oc-187"/>
      </symbol>
      <symbol id="sm-7a9">
         <name>ULL$$DIV</name>
         <value>0xa641</value>
         <object_component_ref idref="oc-187"/>
      </symbol>
      <symbol id="sm-7aa">
         <name>LL$$MOD</name>
         <value>0xa607</value>
         <object_component_ref idref="oc-187"/>
      </symbol>
      <symbol id="sm-7ab">
         <name>LL$$DIV</name>
         <value>0xa5cb</value>
         <object_component_ref idref="oc-187"/>
      </symbol>
      <symbol id="sm-7bb">
         <name>I$$TOFD</name>
         <value>0xb3f9</value>
         <object_component_ref idref="oc-18c"/>
      </symbol>
      <symbol id="sm-7cb">
         <name>L$$TOFD</name>
         <value>0xb44f</value>
         <object_component_ref idref="oc-191"/>
      </symbol>
      <symbol id="sm-7db">
         <name>FS$$TOFD</name>
         <value>0xb433</value>
         <object_component_ref idref="oc-196"/>
      </symbol>
      <symbol id="sm-7f2">
         <name>FD$$DIV</name>
         <value>0xac17</value>
         <object_component_ref idref="oc-19b"/>
      </symbol>
      <symbol id="sm-800">
         <name>___TI_ltoa</name>
         <value>0xb207</value>
         <object_component_ref idref="oc-21f"/>
      </symbol>
      <symbol id="sm-815">
         <name>_atoi</name>
         <value>0xb1d6</value>
         <object_component_ref idref="oc-213"/>
      </symbol>
      <symbol id="sm-81e">
         <name>__ctypes_</name>
         <value>0xd000</value>
         <object_component_ref idref="oc-21e"/>
      </symbol>
      <symbol id="sm-82d">
         <name>_memccpy</name>
         <value>0xb4b6</value>
         <object_component_ref idref="oc-218"/>
      </symbol>
      <symbol id="sm-83c">
         <name>_memset</name>
         <value>0xb50b</value>
         <object_component_ref idref="oc-215"/>
      </symbol>
      <symbol id="sm-84c">
         <name>_strchr</name>
         <value>0xb4d4</value>
         <object_component_ref idref="oc-222"/>
      </symbol>
      <symbol id="sm-85a">
         <name>_strcpy</name>
         <value>0xb512</value>
         <object_component_ref idref="oc-216"/>
      </symbol>
      <symbol id="sm-868">
         <name>_strlen</name>
         <value>0xb503</value>
         <object_component_ref idref="oc-214"/>
      </symbol>
      <symbol id="sm-87c">
         <name>_frexpl</name>
         <value>0xafd9</value>
         <object_component_ref idref="oc-220"/>
      </symbol>
      <symbol id="sm-89b">
         <name>_scalbnl</name>
         <value>0xaa3f</value>
         <object_component_ref idref="oc-221"/>
      </symbol>
      <symbol id="sm-89d">
         <name>_ldexpl</name>
         <value>0xaa3f</value>
         <object_component_ref idref="oc-221"/>
      </symbol>
      <symbol id="sm-8aa">
         <name>_copysignl</name>
         <value>0xb357</value>
         <object_component_ref idref="oc-223"/>
      </symbol>
      <symbol id="sm-8b9">
         <name>_wcslen</name>
         <value>0xb4f2</value>
         <object_component_ref idref="oc-219"/>
      </symbol>
      <symbol id="sm-8d5">
         <name>FD$$ADD</name>
         <value>0xaae8</value>
         <object_component_ref idref="oc-1db"/>
      </symbol>
      <symbol id="sm-8e1">
         <name>UL$$MOD</name>
         <value>0xb2b5</value>
         <object_component_ref idref="oc-1e0"/>
      </symbol>
      <symbol id="sm-8e2">
         <name>L$$MOD</name>
         <value>0xb2a0</value>
         <object_component_ref idref="oc-1e0"/>
      </symbol>
      <symbol id="sm-8e3">
         <name>L$$DIV</name>
         <value>0xb291</value>
         <object_component_ref idref="oc-1e0"/>
      </symbol>
      <symbol id="sm-8e4">
         <name>UL$$DIV</name>
         <value>0xb2ae</value>
         <object_component_ref idref="oc-1e0"/>
      </symbol>
   </symbol_table>
   <title>Link successful</title>
</link_info>
