******************************************************************************
             TMS320C2000 Linker PC v22.6.0                     
******************************************************************************
>> Linked Tue Apr  4 15:06:54 2023

OUTPUT FILE NAME:   <newEisTemplate.out>
ENTRY POINT SYMBOL: "_c_int00"  address: 0000ae0e


MEMORY CONFIGURATION

         name            origin    length      used     unused   attr    fill
----------------------  --------  ---------  --------  --------  ----  --------
PAGE 0:
  BEGIN                 00000000   00000002  00000002  00000000  RWIX
  BOOT_RSVD             00000002   0000004e  00000000  0000004e  RWIX
  RAMM0                 00000050   000003b0  00000000  000003b0  RWIX
  RAML0                 00008000   00001000  00000056  00000faa  RWIX
  RAML1                 00009000   00003000  00002268  00000d98  RWIX
  RAML2                 0000c000   00001000  00000000  00001000  RWIX
  RAML3                 0000d000   00001000  00000000  00001000  RWIX
  ZONE6A                00100000   0000fc00  00000000  0000fc00  RWIX
  CSM_RSVD              0033ff80   00000076  00000000  00000076  RWIX
  CSM_PWL               0033fff8   00000008  00000000  00000008  RWIX
  ADC_CAL               00380080   00000009  00000007  00000002  RWIX
  IQTABLES              003fe000   00000b50  00000000  00000b50  RWIX
  IQTABLES2             003feb50   0000008c  00000000  0000008c  RWIX
  FPUTABLES             003febdc   000006a0  00000000  000006a0  RWIX
  BOOTROM               003ff27c   00000d44  00000000  00000d44  RWIX
  RESET                 003fffc0   00000002  00000000  00000002  RWIX

PAGE 1:
  RAMM1                 00000400   00000400  00000400  00000000  RWIX
  DEV_EMU               00000880   00000180  000000d0  000000b0  RWIX
  FLASH_REGS            00000a80   00000060  00000008  00000058  RWIX
  CSM                   00000ae0   00000010  00000010  00000000  RWIX
  ADC_MIRROR            00000b00   00000010  00000010  00000000  RWIX
  XINTF                 00000b20   00000020  0000001e  00000002  RWIX
  CPU_TIMER0            00000c00   00000008  00000008  00000000  RWIX
  CPU_TIMER1            00000c08   00000008  00000008  00000000  RWIX
  CPU_TIMER2            00000c10   00000008  00000008  00000000  RWIX
  PIE_CTRL              00000ce0   00000020  0000001a  00000006  RWIX
  PIE_VECT              00000d00   00000100  00000100  00000000  RWIX
  DMA                   00001000   00000200  000000e0  00000120  RWIX
  MCBSPA                00005000   00000040  00000025  0000001b  RWIX
  MCBSPB                00005040   00000040  00000025  0000001b  RWIX
  ECANA                 00006000   00000040  00000034  0000000c  RWIX
  ECANA_LAM             00006040   00000040  00000040  00000000  RWIX
  ECANA_MOTS            00006080   00000040  00000040  00000000  RWIX
  ECANA_MOTO            000060c0   00000040  00000040  00000000  RWIX
  ECANA_MBOX            00006100   00000100  00000100  00000000  RWIX
  ECANB                 00006200   00000040  00000034  0000000c  RWIX
  ECANB_LAM             00006240   00000040  00000040  00000000  RWIX
  ECANB_MOTS            00006280   00000040  00000040  00000000  RWIX
  ECANB_MOTO            000062c0   00000040  00000040  00000000  RWIX
  ECANB_MBOX            00006300   00000100  00000100  00000000  RWIX
  EPWM1                 00006800   00000022  00000022  00000000  RWIX
  EPWM2                 00006840   00000022  00000022  00000000  RWIX
  EPWM3                 00006880   00000022  00000022  00000000  RWIX
  EPWM4                 000068c0   00000022  00000022  00000000  RWIX
  EPWM5                 00006900   00000022  00000022  00000000  RWIX
  EPWM6                 00006940   00000022  00000022  00000000  RWIX
  ECAP1                 00006a00   00000020  00000020  00000000  RWIX
  ECAP2                 00006a20   00000020  00000020  00000000  RWIX
  ECAP3                 00006a40   00000020  00000020  00000000  RWIX
  ECAP4                 00006a60   00000020  00000020  00000000  RWIX
  ECAP5                 00006a80   00000020  00000020  00000000  RWIX
  ECAP6                 00006aa0   00000020  00000020  00000000  RWIX
  EQEP1                 00006b00   00000040  00000040  00000000  RWIX
  EQEP2                 00006b40   00000040  00000040  00000000  RWIX
  GPIOCTRL              00006f80   00000040  0000002e  00000012  RWIX
  GPIODAT               00006fc0   00000020  00000020  00000000  RWIX
  GPIOINT               00006fe0   00000020  0000000a  00000016  RWIX
  SYSTEM                00007010   00000020  00000020  00000000  RWIX
  SPIA                  00007040   00000010  00000010  00000000  RWIX
  SCIA                  00007050   00000010  00000010  00000000  RWIX
  XINTRUPT              00007070   00000010  00000010  00000000  RWIX
  ADC                   00007100   00000020  0000001e  00000002  RWIX
  SCIB                  00007750   00000010  00000010  00000000  RWIX
  SCIC                  00007770   00000010  00000010  00000000  RWIX
  I2CA                  00007900   00000040  00000022  0000001e  RWIX
  RAML4                 0000c000   00001000  00000400  00000c00  RWIX
  RAML5                 0000d000   00001000  000002ee  00000d12  RWIX
  RAML6                 0000e000   00001000  00000000  00001000  RWIX
  RAML7                 0000f000   00001000  00000000  00001000  RWIX
  ZONE7B                0020fc00   00000400  00000000  00000400  RWIX
  CSM_PWL               0033fff8   00000008  00000008  00000000  RWIX


SECTION ALLOCATION MAP

 output                                  attributes/
section   page    origin      length       input sections
--------  ----  ----------  ----------   ----------------
codestart 
*          0    00000000    00000002     
                  00000000    00000002     DSP2833x_CodeStartBranch.obj (codestart)

.ebss      1    00000000    00005288     FAILED TO ALLOCATE
.cinit     0    00008000    00000052     
                  00008000    0000001b     main.obj (.cinit)
                  0000801b    0000000e     rts2800_fpu32.lib : exit.c.obj (.cinit)
                  00008029    00000005                       : _lock.c.obj (.cinit:__lock)
                  0000802e    00000005                       : _lock.c.obj (.cinit:__unlock)
                  00008033    00000005                       : vla_alloc.c.obj (.cinit)
                  00008038    00000004     ad7606.obj (.cinit:_adc_value)
                  0000803c    00000004     sci.obj (.cinit:_sci_b_buf)
                  00008040    00000004     fft.obj (.cinit)
                  00008044    00000004     rts2800_fpu32.lib : errno.c.obj (.cinit)
                  00008048    00000004                       : memory.c.obj (.cinit)
                  0000804c    00000004     sci.obj (.cinit)
                  00008050    00000002     --HOLE-- [fill = 0]

ramfuncs   0    00008052    00000004     
                  00008052    00000004     DSP2833x_usDelay.obj (ramfuncs)

.text      0    00009000    00002268     
                  00009000    000006d0     rts2800_fpu32.lib : _printfi.c.obj (.text)
                  000096d0    000005f5                       : _printfi.c.obj (.text:__TI_printfi)
                  00009cc5    00000323     DSP2833x_DefaultIsr.obj (.text:retain)
                  00009fe8    0000028c     rts2800_fpu32.lib : memory.c.obj (.text)
                  0000a274    0000017f                       : vla_alloc.c.obj (.text)
                  0000a3f3    00000131     sogi.obj (.text)
                  0000a524    00000107     rts2800_fpu32.lib : ll_div28.asm.obj (.text)
                  0000a62b    000000fa     DSP2833x_Xintf.obj (.text)
                  0000a725    000000d7     DSP2833x_SysCtrl.obj (.text)
                  0000a7fc    000000ca     rts2800_fpu32.lib : s_atanf.c.obj (.text)
                  0000a8c6    000000a9                       : s_scalbn.c.obj (.text)
                  0000a96f    0000009c                       : fd_add28.asm.obj (.text)
                  0000aa0b    00000094     main.obj (.text)
                  0000aa9f    00000093     sci.obj (.text)
                  0000ab32    0000008b     rts2800_fpu32.lib : fd_div28.asm.obj (.text)
                  0000abbd    00000088                       : fs_div28.asm.obj (.text)
                  0000ac45    00000083                       : fd_mpy28.asm.obj (.text)
                  0000acc8    0000007b     DSP2833x_CpuTimers.obj (.text)
                  0000ad43    00000071     ad7606.obj (.text)
                  0000adb4    0000005a     rts2800_fpu32.lib : s_frexp.c.obj (.text)
                  0000ae0e    00000056                       : boot28.asm.obj (.text)
                  0000ae64    00000047     DSP2833x_Sci.obj (.text)
                  0000aeab    00000040     sci.obj (.text:retain)
                  0000aeeb    00000038     timer.obj (.text:retain)
                  0000af23    00000036     timer.obj (.text)
                  0000af59    00000031     rts2800_fpu32.lib : atoi.c.obj (.text)
                  0000af8a    00000030                       : _ltoa.c.obj (.text)
                  0000afba    00000030                       : vsprintf.c.obj (.text)
                  0000afea    0000002a                       : fd_cmp28.asm.obj (.text)
                  0000b014    0000002a                       : l_div28.asm.obj (.text)
                  0000b03e    00000029                       : exit.c.obj (.text)
                  0000b067    00000028     DSP2833x_PieCtrl.obj (.text)
                  0000b08f    00000024     rts2800_fpu32.lib : cpy_tbl.c.obj (.text)
                  0000b0b3    00000024                       : s_copysign.c.obj (.text)
                  0000b0d7    00000021                       : fd_toi28.asm.obj (.text)
                  0000b0f8    00000020     DSP2833x_PieVect.obj (.text)
                  0000b118    0000001f     rts2800_fpu32.lib : fd_tol28.asm.obj (.text)
                  0000b137    0000001e                       : ll_cmp28.asm.obj (.text)
                  0000b155    0000001d                       : i_tofd28.asm.obj (.text)
                  0000b172    0000001d                       : memcpy.c.obj (.text)
                  0000b18f    0000001c                       : fs_tofdfpu32.asm.obj (.text)
                  0000b1ab    0000001c                       : l_tofd28.asm.obj (.text)
                  0000b1c7    00000018                       : ll_aox28.asm.obj (.text)
                  0000b1df    00000012                       : args_main.c.obj (.text)
                  0000b1f1    00000010     beep.obj (.text)
                  0000b201    00000010     rts2800_fpu32.lib : memccpy.c.obj (.text)
                  0000b211    0000000e                       : fd_sub28.asm.obj (.text)
                  0000b21f    0000000c                       : strchr.c.obj (.text)
                  0000b22b    00000009                       : _lock.c.obj (.text)
                  0000b234    00000009                       : fd_neg28.asm.obj (.text)
                  0000b23d    00000009                       : wcslen.c.obj (.text)
                  0000b246    00000008     DSP2833x_CodeStartBranch.obj (.text)
                  0000b24e    00000008     rts2800_fpu32.lib : strlen.c.obj (.text)
                  0000b256    00000007                       : memset.c.obj (.text)
                  0000b25d    00000005                       : strcpy.c.obj (.text)
                  0000b262    00000003                       : error.c.obj (.text)
                  0000b265    00000002                       : pre_init.c.obj (.text)
                  0000b267    00000001                       : startup.c.obj (.text)

.pinit     0    00008000    00000000     UNINITIALIZED

.esysmem   1    00000400    00000400     UNINITIALIZED
                  00000400    00000004     rts2800_fpu32.lib : memory.c.obj (.esysmem)
                  00000404    000003fc     --HOLE--

.stack     1    0000c000    00000400     UNINITIALIZED
                  0000c000    00000400     --HOLE--

.econst    1    0000d000    000002ee     
                  0000d000    00000101     rts2800_fpu32.lib : ctype.c.obj (.econst:.string:__ctypes_)
                  0000d101    00000001     --HOLE-- [fill = 0]
                  0000d102    00000100     DSP2833x_PieVect.obj (.econst:_PieVectTableInit)
                  0000d202    00000032     rts2800_fpu32.lib : e_powf.c.obj (.econst)
                  0000d234    00000026                       : _printfi.c.obj (.econst:.string)
                  0000d25a    0000001c                       : _printfi.c.obj (.econst)
                  0000d276    0000001c                       : s_scalbn.c.obj (.econst)
                  0000d292    0000000c                       : e_atan2f.c.obj (.econst)
                  0000d29e    0000000a                       : s_atanf.c.obj (.econst:_aT)
                  0000d2a8    00000008                       : s_atanf.c.obj (.econst:_atanhi)
                  0000d2b0    00000008                       : s_atanf.c.obj (.econst:_atanlo)
                  0000d2b8    00000008                       : s_frexp.c.obj (.econst)
                  0000d2c0    00000006     sogi.obj (.econst:_$P$T0$1)
                  0000d2c6    00000006     sogi.obj (.econst:_$P$T1$2)
                  0000d2cc    00000006     sogi.obj (.econst:_$P$T2$3)
                  0000d2d2    00000006     sogi.obj (.econst:_$P$T3$4)
                  0000d2d8    00000006     sogi.obj (.econst:_$P$T4$5)
                  0000d2de    00000006     sogi.obj (.econst:_$P$T5$6)
                  0000d2e4    00000006     rts2800_fpu32.lib : s_scalbnf.c.obj (.econst)
                  0000d2ea    00000004                       : s_atanf.c.obj (.econst)

.reset     0    003fffc0    00000002     DSECT
                  003fffc0    00000002     rts2800_fpu32.lib : boot28.asm.obj (.reset)

csm_rsvd   0    0033ff80    00000000     DSECT

csmpasswds 
*          0    0033fff8    00000000     DSECT

.adc_cal   0    00380080    00000007     NOLOAD SECTION
                  00380080    00000007     DSP2833x_ADC_cal.obj (.adc_cal)

DevEmuRegsFile 
*          1    00000880    000000d0     UNINITIALIZED
                  00000880    000000d0     DSP2833x_GlobalVariableDefs.obj (DevEmuRegsFile)

FlashRegsFile 
*          1    00000a80    00000008     UNINITIALIZED
                  00000a80    00000008     DSP2833x_GlobalVariableDefs.obj (FlashRegsFile)

CsmRegsFile 
*          1    00000ae0    00000010     UNINITIALIZED
                  00000ae0    00000010     DSP2833x_GlobalVariableDefs.obj (CsmRegsFile)

AdcMirrorFile 
*          1    00000b00    00000010     UNINITIALIZED
                  00000b00    00000010     DSP2833x_GlobalVariableDefs.obj (AdcMirrorFile)

XintfRegsFile 
*          1    00000b20    0000001e     UNINITIALIZED
                  00000b20    0000001e     DSP2833x_GlobalVariableDefs.obj (XintfRegsFile)

CpuTimer0RegsFile 
*          1    00000c00    00000008     UNINITIALIZED
                  00000c00    00000008     DSP2833x_GlobalVariableDefs.obj (CpuTimer0RegsFile)

CpuTimer1RegsFile 
*          1    00000c08    00000008     UNINITIALIZED
                  00000c08    00000008     DSP2833x_GlobalVariableDefs.obj (CpuTimer1RegsFile)

CpuTimer2RegsFile 
*          1    00000c10    00000008     UNINITIALIZED
                  00000c10    00000008     DSP2833x_GlobalVariableDefs.obj (CpuTimer2RegsFile)

PieCtrlRegsFile 
*          1    00000ce0    0000001a     UNINITIALIZED
                  00000ce0    0000001a     DSP2833x_GlobalVariableDefs.obj (PieCtrlRegsFile)

PieVectTableFile 
*          1    00000d00    00000100     UNINITIALIZED
                  00000d00    00000100     DSP2833x_GlobalVariableDefs.obj (PieVectTableFile)

DmaRegsFile 
*          1    00001000    000000e0     UNINITIALIZED
                  00001000    000000e0     DSP2833x_GlobalVariableDefs.obj (DmaRegsFile)

McbspaRegsFile 
*          1    00005000    00000025     UNINITIALIZED
                  00005000    00000025     DSP2833x_GlobalVariableDefs.obj (McbspaRegsFile)

McbspbRegsFile 
*          1    00005040    00000025     UNINITIALIZED
                  00005040    00000025     DSP2833x_GlobalVariableDefs.obj (McbspbRegsFile)

ECanaRegsFile 
*          1    00006000    00000034     UNINITIALIZED
                  00006000    00000034     DSP2833x_GlobalVariableDefs.obj (ECanaRegsFile)

ECanaLAMRegsFile 
*          1    00006040    00000040     UNINITIALIZED
                  00006040    00000040     DSP2833x_GlobalVariableDefs.obj (ECanaLAMRegsFile)

ECanaMOTSRegsFile 
*          1    00006080    00000040     UNINITIALIZED
                  00006080    00000040     DSP2833x_GlobalVariableDefs.obj (ECanaMOTSRegsFile)

ECanaMOTORegsFile 
*          1    000060c0    00000040     UNINITIALIZED
                  000060c0    00000040     DSP2833x_GlobalVariableDefs.obj (ECanaMOTORegsFile)

ECanaMboxesFile 
*          1    00006100    00000100     UNINITIALIZED
                  00006100    00000100     DSP2833x_GlobalVariableDefs.obj (ECanaMboxesFile)

ECanbRegsFile 
*          1    00006200    00000034     UNINITIALIZED
                  00006200    00000034     DSP2833x_GlobalVariableDefs.obj (ECanbRegsFile)

ECanbLAMRegsFile 
*          1    00006240    00000040     UNINITIALIZED
                  00006240    00000040     DSP2833x_GlobalVariableDefs.obj (ECanbLAMRegsFile)

ECanbMOTSRegsFile 
*          1    00006280    00000040     UNINITIALIZED
                  00006280    00000040     DSP2833x_GlobalVariableDefs.obj (ECanbMOTSRegsFile)

ECanbMOTORegsFile 
*          1    000062c0    00000040     UNINITIALIZED
                  000062c0    00000040     DSP2833x_GlobalVariableDefs.obj (ECanbMOTORegsFile)

ECanbMboxesFile 
*          1    00006300    00000100     UNINITIALIZED
                  00006300    00000100     DSP2833x_GlobalVariableDefs.obj (ECanbMboxesFile)

EPwm1RegsFile 
*          1    00006800    00000022     UNINITIALIZED
                  00006800    00000022     DSP2833x_GlobalVariableDefs.obj (EPwm1RegsFile)

EPwm2RegsFile 
*          1    00006840    00000022     UNINITIALIZED
                  00006840    00000022     DSP2833x_GlobalVariableDefs.obj (EPwm2RegsFile)

EPwm3RegsFile 
*          1    00006880    00000022     UNINITIALIZED
                  00006880    00000022     DSP2833x_GlobalVariableDefs.obj (EPwm3RegsFile)

EPwm4RegsFile 
*          1    000068c0    00000022     UNINITIALIZED
                  000068c0    00000022     DSP2833x_GlobalVariableDefs.obj (EPwm4RegsFile)

EPwm5RegsFile 
*          1    00006900    00000022     UNINITIALIZED
                  00006900    00000022     DSP2833x_GlobalVariableDefs.obj (EPwm5RegsFile)

EPwm6RegsFile 
*          1    00006940    00000022     UNINITIALIZED
                  00006940    00000022     DSP2833x_GlobalVariableDefs.obj (EPwm6RegsFile)

ECap1RegsFile 
*          1    00006a00    00000020     UNINITIALIZED
                  00006a00    00000020     DSP2833x_GlobalVariableDefs.obj (ECap1RegsFile)

ECap2RegsFile 
*          1    00006a20    00000020     UNINITIALIZED
                  00006a20    00000020     DSP2833x_GlobalVariableDefs.obj (ECap2RegsFile)

ECap3RegsFile 
*          1    00006a40    00000020     UNINITIALIZED
                  00006a40    00000020     DSP2833x_GlobalVariableDefs.obj (ECap3RegsFile)

ECap4RegsFile 
*          1    00006a60    00000020     UNINITIALIZED
                  00006a60    00000020     DSP2833x_GlobalVariableDefs.obj (ECap4RegsFile)

ECap5RegsFile 
*          1    00006a80    00000020     UNINITIALIZED
                  00006a80    00000020     DSP2833x_GlobalVariableDefs.obj (ECap5RegsFile)

ECap6RegsFile 
*          1    00006aa0    00000020     UNINITIALIZED
                  00006aa0    00000020     DSP2833x_GlobalVariableDefs.obj (ECap6RegsFile)

EQep1RegsFile 
*          1    00006b00    00000040     UNINITIALIZED
                  00006b00    00000040     DSP2833x_GlobalVariableDefs.obj (EQep1RegsFile)

EQep2RegsFile 
*          1    00006b40    00000040     UNINITIALIZED
                  00006b40    00000040     DSP2833x_GlobalVariableDefs.obj (EQep2RegsFile)

GpioCtrlRegsFile 
*          1    00006f80    0000002e     UNINITIALIZED
                  00006f80    0000002e     DSP2833x_GlobalVariableDefs.obj (GpioCtrlRegsFile)

GpioDataRegsFile 
*          1    00006fc0    00000020     UNINITIALIZED
                  00006fc0    00000020     DSP2833x_GlobalVariableDefs.obj (GpioDataRegsFile)

GpioIntRegsFile 
*          1    00006fe0    0000000a     UNINITIALIZED
                  00006fe0    0000000a     DSP2833x_GlobalVariableDefs.obj (GpioIntRegsFile)

SysCtrlRegsFile 
*          1    00007010    00000020     UNINITIALIZED
                  00007010    00000020     DSP2833x_GlobalVariableDefs.obj (SysCtrlRegsFile)

SpiaRegsFile 
*          1    00007040    00000010     UNINITIALIZED
                  00007040    00000010     DSP2833x_GlobalVariableDefs.obj (SpiaRegsFile)

SciaRegsFile 
*          1    00007050    00000010     UNINITIALIZED
                  00007050    00000010     DSP2833x_GlobalVariableDefs.obj (SciaRegsFile)

XIntruptRegsFile 
*          1    00007070    00000010     UNINITIALIZED
                  00007070    00000010     DSP2833x_GlobalVariableDefs.obj (XIntruptRegsFile)

AdcRegsFile 
*          1    00007100    0000001e     UNINITIALIZED
                  00007100    0000001e     DSP2833x_GlobalVariableDefs.obj (AdcRegsFile)

ScibRegsFile 
*          1    00007750    00000010     UNINITIALIZED
                  00007750    00000010     DSP2833x_GlobalVariableDefs.obj (ScibRegsFile)

ScicRegsFile 
*          1    00007770    00000010     UNINITIALIZED
                  00007770    00000010     DSP2833x_GlobalVariableDefs.obj (ScicRegsFile)

I2caRegsFile 
*          1    00007900    00000022     UNINITIALIZED
                  00007900    00000022     DSP2833x_GlobalVariableDefs.obj (I2caRegsFile)

CsmPwlFile 
*          1    0033fff8    00000008     UNINITIALIZED
                  0033fff8    00000008     DSP2833x_GlobalVariableDefs.obj (CsmPwlFile)

MODULE SUMMARY

       Module                            code   initialized data   uninitialized data
       ------                            ----   ----------------   ------------------
    .\App\ad7606\
       ad7606.obj                        113    4                  0                 
    +--+---------------------------------+------+------------------+--------------------+
       Total:                            113    4                  0                 
                                                                                     
    .\App\beep\
       beep.obj                          16     0                  0                 
    +--+---------------------------------+------+------------------+--------------------+
       Total:                            16     0                  0                 
                                                                                     
    .\App\fft\
       fft.obj                           0      4                  0                 
    +--+---------------------------------+------+------------------+--------------------+
       Total:                            0      4                  0                 
                                                                                     
    .\App\sci-x\
       sci.obj                           211    8                  0                 
    +--+---------------------------------+------+------------------+--------------------+
       Total:                            211    8                  0                 
                                                                                     
    .\App\sogi\
       sogi.obj                          305    36                 0                 
    +--+---------------------------------+------+------------------+--------------------+
       Total:                            305    36                 0                 
                                                                                     
    .\App\timer\
       timer.obj                         110    0                  0                 
    +--+---------------------------------+------+------------------+--------------------+
       Total:                            110    0                  0                 
                                                                                     
    .\Dsp2833x_Lib\src\
       DSP2833x_GlobalVariableDefs.obj   0      0                  2678              
       DSP2833x_DefaultIsr.obj           803    0                  0                 
       DSP2833x_PieVect.obj              32     256                0                 
       DSP2833x_Xintf.obj                250    0                  0                 
       DSP2833x_SysCtrl.obj              215    0                  0                 
       DSP2833x_CpuTimers.obj            123    0                  0                 
       DSP2833x_Sci.obj                  71     0                  0                 
       DSP2833x_PieCtrl.obj              40     0                  0                 
       DSP2833x_CodeStartBranch.obj      10     0                  0                 
       DSP2833x_ADC_cal.obj              7      0                  0                 
       DSP2833x_usDelay.obj              4      0                  0                 
    +--+---------------------------------+------+------------------+--------------------+
       Total:                            1555   256                2678              
                                                                                     
    .\User\
       main.obj                          148    27                 0                 
    +--+---------------------------------+------+------------------+--------------------+
       Total:                            148    27                 0                 
                                                                                     
    E:\ti\ccs1220\ccs\tools\compiler\ti-cgt-c2000_22.6.0.LTS\lib\rts2800_fpu32.lib
       _printfi.c.obj                    3269   66                 0                 
       memory.c.obj                      652    4                  0                 
       vla_alloc.c.obj                   383    5                  0                 
       ll_div28.asm.obj                  263    0                  0                 
       ctype.c.obj                       0      257                0                 
       s_atanf.c.obj                     202    30                 0                 
       s_scalbn.c.obj                    169    28                 0                 
       fd_add28.asm.obj                  156    0                  0                 
       fd_div28.asm.obj                  139    0                  0                 
       fs_div28.asm.obj                  136    0                  0                 
       fd_mpy28.asm.obj                  131    0                  0                 
       s_frexp.c.obj                     90     8                  0                 
       boot28.asm.obj                    86     0                  0                 
       exit.c.obj                        41     14                 0                 
       e_powf.c.obj                      0      50                 0                 
       atoi.c.obj                        49     0                  0                 
       _ltoa.c.obj                       48     0                  0                 
       vsprintf.c.obj                    48     0                  0                 
       fd_cmp28.asm.obj                  42     0                  0                 
       l_div28.asm.obj                   42     0                  0                 
       cpy_tbl.c.obj                     36     0                  0                 
       s_copysign.c.obj                  36     0                  0                 
       fd_toi28.asm.obj                  33     0                  0                 
       fd_tol28.asm.obj                  31     0                  0                 
       ll_cmp28.asm.obj                  30     0                  0                 
       i_tofd28.asm.obj                  29     0                  0                 
       memcpy.c.obj                      29     0                  0                 
       fs_tofdfpu32.asm.obj              28     0                  0                 
       l_tofd28.asm.obj                  28     0                  0                 
       ll_aox28.asm.obj                  24     0                  0                 
       _lock.c.obj                       9      10                 0                 
       args_main.c.obj                   18     0                  0                 
       memccpy.c.obj                     16     0                  0                 
       fd_sub28.asm.obj                  14     0                  0                 
       e_atan2f.c.obj                    0      12                 0                 
       strchr.c.obj                      12     0                  0                 
       fd_neg28.asm.obj                  9      0                  0                 
       wcslen.c.obj                      9      0                  0                 
       strlen.c.obj                      8      0                  0                 
       memset.c.obj                      7      0                  0                 
       s_scalbnf.c.obj                   0      6                  0                 
       strcpy.c.obj                      5      0                  0                 
       errno.c.obj                       0      4                  0                 
       error.c.obj                       3      0                  0                 
       pre_init.c.obj                    2      0                  0                 
       startup.c.obj                     1      0                  0                 
    +--+---------------------------------+------+------------------+--------------------+
       Total:                            6363   494                0                 
                                                                                     
       Heap:                             0      0                  1024              
       Stack:                            0      0                  1024              
    +--+---------------------------------+------+------------------+--------------------+
       Grand Total:                      8821   829                4726              


GLOBAL DATA SYMBOLS: SORTED BY DATA PAGE

address     data page           name
--------    ----------------    ----
00000000       0 (00000000)     _output1

00000400      10 (00000400)     __sys_memory

00000880      22 (00000880)     _DevEmuRegs

00000a80      2a (00000a80)     _FlashRegs

00000ae0      2b (00000ac0)     _CsmRegs

00000b00      2c (00000b00)     _AdcMirror
00000b20      2c (00000b00)     _XintfRegs

00000c00      30 (00000c00)     _CpuTimer0Regs
00000c08      30 (00000c00)     _CpuTimer1Regs
00000c10      30 (00000c00)     _CpuTimer2Regs

00000ce0      33 (00000cc0)     _PieCtrlRegs

00000d00      34 (00000d00)     _PieVectTable

00001000      40 (00001000)     _DmaRegs

00001400      50 (00001400)     _output2

00002800      a0 (00002800)     _testSample6

00003c00      f0 (00003c00)     _testSample7

00005000     140 (00005000)     _McbspaRegs

00005040     141 (00005040)     _McbspbRegs

00005210     148 (00005200)     _CpuTimer0
00005218     148 (00005200)     _CpuTimer1
00005220     148 (00005200)     _CpuTimer2
00005228     148 (00005200)     _N_FFT
0000522a     148 (00005200)     _WNP
0000522e     148 (00005200)     _WNP_XJB
00005232     148 (00005200)     _timer0_flag
00005233     148 (00005200)     _text
00005234     148 (00005200)     _adc_cnt
00005236     148 (00005200)     _PI
00005238     148 (00005200)     _my_ang
0000523a     148 (00005200)     _avr_ang

00005240     149 (00005240)     _sci_b_buf
00005272     149 (00005240)     _adc_value
0000527a     149 (00005240)     ___TI_enable_exit_profile_output
0000527c     149 (00005240)     ___TI_cleanup_ptr
0000527e     149 (00005240)     ___TI_dtors_ptr

00005280     14a (00005280)     __lock
00005282     14a (00005280)     __unlock
00005286     14a (00005280)     _errno
00005287     14a (00005280)     _sci_rx_data_len

00006000     180 (00006000)     _ECanaRegs

00006040     181 (00006040)     _ECanaLAMRegs

00006080     182 (00006080)     _ECanaMOTSRegs

000060c0     183 (000060c0)     _ECanaMOTORegs

00006100     184 (00006100)     _ECanaMboxes

00006200     188 (00006200)     _ECanbRegs

00006240     189 (00006240)     _ECanbLAMRegs

00006280     18a (00006280)     _ECanbMOTSRegs

000062c0     18b (000062c0)     _ECanbMOTORegs

00006300     18c (00006300)     _ECanbMboxes

00006800     1a0 (00006800)     _EPwm1Regs

00006840     1a1 (00006840)     _EPwm2Regs

00006880     1a2 (00006880)     _EPwm3Regs

000068c0     1a3 (000068c0)     _EPwm4Regs

00006900     1a4 (00006900)     _EPwm5Regs

00006940     1a5 (00006940)     _EPwm6Regs

00006a00     1a8 (00006a00)     _ECap1Regs
00006a20     1a8 (00006a00)     _ECap2Regs

00006a40     1a9 (00006a40)     _ECap3Regs
00006a60     1a9 (00006a40)     _ECap4Regs

00006a80     1aa (00006a80)     _ECap5Regs
00006aa0     1aa (00006a80)     _ECap6Regs

00006b00     1ac (00006b00)     _EQep1Regs

00006b40     1ad (00006b40)     _EQep2Regs

00006f80     1be (00006f80)     _GpioCtrlRegs

00006fc0     1bf (00006fc0)     _GpioDataRegs
00006fe0     1bf (00006fc0)     _GpioIntRegs

00007010     1c0 (00007000)     _SysCtrlRegs

00007040     1c1 (00007040)     _SpiaRegs
00007050     1c1 (00007040)     _SciaRegs
00007070     1c1 (00007040)     _XIntruptRegs

00007100     1c4 (00007100)     _AdcRegs

00007750     1dd (00007740)     _ScibRegs
00007770     1dd (00007740)     _ScicRegs

00007900     1e4 (00007900)     _I2caRegs

0000c000     300 (0000c000)     __stack

0000d000     340 (0000d000)     __ctypes_

0000d102     344 (0000d100)     _PieVectTableInit

0033fff8    cfff (0033ffc0)     _CsmPwl


GLOBAL SYMBOLS: SORTED ALPHABETICALLY BY Name 

page  address   name                            
----  -------   ----                            
0     00009000  .text                           
0     0000b03e  C$$EXIT                         
0     0000a96f  FD$$ADD                         
0     0000afea  FD$$CMP                         
0     0000ab32  FD$$DIV                         
0     0000ac45  FD$$MPY                         
0     0000b234  FD$$NEG                         
0     0000b211  FD$$SUB                         
0     0000b0d7  FD$$TOI                         
0     0000b118  FD$$TOL                         
0     0000abbd  FS$$DIV                         
0     0000b18f  FS$$TOFD                        
0     0000b155  I$$TOFD                         
0     0000b014  L$$DIV                          
0     0000b023  L$$MOD                          
0     0000b1ab  L$$TOFD                         
0     0000b1c7  LL$$AND                         
0     0000b137  LL$$CMP                         
0     0000a524  LL$$DIV                         
0     0000a560  LL$$MOD                         
0     0000b1cf  LL$$OR                          
0     0000b1d7  LL$$XOR                         
0     0000b031  UL$$DIV                         
0     0000b038  UL$$MOD                         
0     0000b149  ULL$$CMP                        
0     0000a59a  ULL$$DIV                        
0     0000a5c9  ULL$$MOD                        
0     00009dab  _ADCINT_ISR                     
0     00380080  _ADC_cal                        
1     00000b00  _AdcMirror                      
1     00007100  _AdcRegs                        
0     0000ad09  _ConfigCpuTimer                 
0     00005210  _CpuTimer0                      
1     00000c00  _CpuTimer0Regs                  
0     00005218  _CpuTimer1                      
1     00000c08  _CpuTimer1Regs                  
0     00005220  _CpuTimer2                      
1     00000c10  _CpuTimer2Regs                  
1     0033fff8  _CsmPwl                         
1     00000ae0  _CsmRegs                        
0     0000a7cb  _CsmUnlock                      
0     00009cd9  _DATALOG_ISR                    
0     00009ecd  _DINTCH1_ISR                    
0     00009ed7  _DINTCH2_ISR                    
0     00009ee1  _DINTCH3_ISR                    
0     00009eeb  _DINTCH4_ISR                    
0     00009ef5  _DINTCH5_ISR                    
0     00009eff  _DINTCH6_ISR                    
0     00008052  _DSP28x_usDelay                 
1     00000880  _DevEmuRegs                     
0     0000a738  _DisableDog                     
1     00001000  _DmaRegs                        
0     00009f59  _ECAN0INTA_ISR                  
0     00009f6d  _ECAN0INTB_ISR                  
0     00009f63  _ECAN1INTA_ISR                  
0     00009f77  _ECAN1INTB_ISR                  
0     00009e41  _ECAP1_INT_ISR                  
0     00009e4b  _ECAP2_INT_ISR                  
0     00009e55  _ECAP3_INT_ISR                  
0     00009e5f  _ECAP4_INT_ISR                  
0     00009e69  _ECAP5_INT_ISR                  
0     00009e73  _ECAP6_INT_ISR                  
1     00006040  _ECanaLAMRegs                   
1     000060c0  _ECanaMOTORegs                  
1     00006080  _ECanaMOTSRegs                  
1     00006100  _ECanaMboxes                    
1     00006000  _ECanaRegs                      
1     00006240  _ECanbLAMRegs                   
1     000062c0  _ECanbMOTORegs                  
1     00006280  _ECanbMOTSRegs                  
1     00006300  _ECanbMboxes                    
1     00006200  _ECanbRegs                      
1     00006a00  _ECap1Regs                      
1     00006a20  _ECap2Regs                      
1     00006a40  _ECap3Regs                      
1     00006a60  _ECap4Regs                      
1     00006a80  _ECap5Regs                      
1     00006aa0  _ECap6Regs                      
0     00009fc7  _EMPTY_ISR                      
0     00009ced  _EMUINT_ISR                     
0     00009e05  _EPWM1_INT_ISR                  
0     00009dc9  _EPWM1_TZINT_ISR                
0     00009e0f  _EPWM2_INT_ISR                  
0     00009dd3  _EPWM2_TZINT_ISR                
0     00009e19  _EPWM3_INT_ISR                  
0     00009ddd  _EPWM3_TZINT_ISR                
0     00009e23  _EPWM4_INT_ISR                  
0     00009de7  _EPWM4_TZINT_ISR                
0     00009e2d  _EPWM5_INT_ISR                  
0     00009df1  _EPWM5_TZINT_ISR                
0     00009e37  _EPWM6_INT_ISR                  
0     00009dfb  _EPWM6_TZINT_ISR                
1     00006800  _EPwm1Regs                      
1     00006840  _EPwm2Regs                      
1     00006880  _EPwm3Regs                      
1     000068c0  _EPwm4Regs                      
1     00006900  _EPwm5Regs                      
1     00006940  _EPwm6Regs                      
0     00009e7d  _EQEP1_INT_ISR                  
0     00009e87  _EQEP2_INT_ISR                  
1     00006b00  _EQep1Regs                      
1     00006b40  _EQep2Regs                      
0     0000b086  _EnableInterrupts               
1     00000a80  _FlashRegs                      
0     0000a3f3  _G1_filter                      
0     0000a461  _G2_filter                      
1     00006f80  _GpioCtrlRegs                   
1     00006fc0  _GpioDataRegs                   
1     00006fe0  _GpioIntRegs                    
0     00009f09  _I2CINT1A_ISR                   
0     00009f13  _I2CINT2A_ISR                   
1     00007900  _I2caRegs                       
0     00009d01  _ILLEGAL_ISR                    
0     00009cc5  _INT13_ISR                      
0     00009ccf  _INT14_ISR                      
0     0000acc8  _InitCpuTimers                  
0     0000a790  _InitPeripheralClocks           
0     0000b067  _InitPieCtrl                    
0     0000b0f8  _InitPieVectTable               
0     0000a740  _InitPll                        
0     0000ae64  _InitSci                        
0     0000ae65  _InitSciGpio                    
0     0000ae6a  _InitSciaGpio                   
0     0000ae7f  _InitScibGpio                   
0     0000ae95  _InitScicGpio                   
0     0000a725  _InitSysCtrl                    
0     0000a62b  _InitXintf                      
0     0000a6cb  _InitXintf16Gpio                
0     0000a684  _InitXintf32Gpio                
0     00009fbd  _LUF_ISR                        
0     00009fb3  _LVF_ISR                        
0     00009eb9  _MRINTA_ISR                     
0     00009ea5  _MRINTB_ISR                     
0     00009ec3  _MXINTA_ISR                     
0     00009eaf  _MXINTB_ISR                     
1     00005000  _McbspaRegs                     
1     00005040  _McbspbRegs                     
0     00009cf7  _NMI_ISR                        
0     00005228  _N_FFT                          
0     00005236  _PI                             
0     00009fd4  _PIE_RESERVED                   
1     00000ce0  _PieCtrlRegs                    
1     00000d00  _PieVectTable                   
1     0000d102  _PieVectTableInit               
0     00009ce3  _RTOSINT_ISR                    
0     0000aeab  _SCIB_IRQ_Handle                
0     00009f31  _SCIRXINTA_ISR                  
0     00009f45  _SCIRXINTB_ISR                  
0     00009f1d  _SCIRXINTC_ISR                  
0     00009f3b  _SCITXINTA_ISR                  
0     00009f4f  _SCITXINTB_ISR                  
0     00009f27  _SCITXINTC_ISR                  
0     00009d83  _SEQ1INT_ISR                    
0     00009d8d  _SEQ2INT_ISR                    
0     00009e91  _SPIRXINTA_ISR                  
0     00009e9b  _SPITXINTA_ISR                  
1     00007050  _SciaRegs                       
1     00007750  _ScibRegs                       
1     00007770  _ScicRegs                       
0     0000a72e  _ServiceDog                     
1     00007040  _SpiaRegs                       
1     00007010  _SysCtrlRegs                    
0     0000aeeb  _TIM0_IRQ_Handle                
0     00009db5  _TINT0_ISR                      
0     00009d65  _USER10_ISR                     
0     00009d6f  _USER11_ISR                     
0     00009d79  _USER12_ISR                     
0     00009d0b  _USER1_ISR                      
0     00009d15  _USER2_ISR                      
0     00009d1f  _USER3_ISR                      
0     00009d29  _USER4_ISR                      
0     00009d33  _USER5_ISR                      
0     00009d3d  _USER6_ISR                      
0     00009d47  _USER7_ISR                      
0     00009d51  _USER8_ISR                      
0     00009d5b  _USER9_ISR                      
0     00009dbf  _WAKEINT_ISR                    
0     0000522a  _WNP                            
0     0000522e  _WNP_XJB                        
0     00009d97  _XINT1_ISR                      
0     00009da1  _XINT2_ISR                      
0     00009f81  _XINT3_ISR                      
0     00009f8b  _XINT4_ISR                      
0     00009f95  _XINT5_ISR                      
0     00009f9f  _XINT6_ISR                      
0     00009fa9  _XINT7_ISR                      
1     00007070  _XIntruptRegs                   
1     00000b20  _XintfRegs                      
1     0000c400  __STACK_END                     
abs   00000400  __STACK_SIZE                    
abs   00000400  __SYSMEM_SIZE                   
0     0000527c  ___TI_cleanup_ptr               
0     0000527e  ___TI_dtors_ptr                 
0     0000527a  ___TI_enable_exit_profile_output
0     0000a272  ___TI_heap_check                
0     0000a255  ___TI_heap_largest_available    
0     0000a238  ___TI_heap_total_available      
0     0000af8a  ___TI_ltoa                      
abs   ffffffff  ___TI_pprof_out_hndl            
0     00009b40  ___TI_printfi                   
abs   ffffffff  ___TI_prof_data_size            
abs   ffffffff  ___TI_prof_data_start           
0     0000b262  ___abort_execution              
abs   ffffffff  ___binit__                      
abs   ffffffff  ___c_args__                     
0     00008000  ___cinit__                      
0     0000b268  ___etext__                      
abs   ffffffff  ___pinit__                      
0     00009000  ___text__                       
0     0000a30f  ___vla_alloc                    
0     0000a274  ___vla_dealloc                  
0     0000a2be  ___vla_dealloc_eh               
0     0000b1df  __args_main                     
1     0000d000  __ctypes_                       
0     00005280  __lock                          
0     0000b233  __nop                           
0     0000b22f  __register_lock                 
0     0000b22b  __register_unlock               
1     0000c000  __stack                         
1     00000400  __sys_memory                    
0     0000b267  __system_post_cinit             
0     0000b265  __system_pre_init               
0     00005282  __unlock                        
0     0000b03e  _abort                          
0     0000ad43  _ad7606_init                    
0     0000ad8f  _ad7606_sample                  
0     00005234  _adc_cnt                        
0     00005272  _adc_value                      
0     0000a192  _aligned_alloc                  
0     0000a7fc  _atan                           
0     0000a7fc  _atanf                          
0     0000af59  _atoi                           
0     0000523a  _avr_ang                        
0     0000b1f1  _beep_init                      
0     0000ae0e  _c_int00                        
0     0000a165  _calloc                         
0     0000b08f  _copy_in                        
0     0000b0b3  _copysignl                      
0     00005286  _errno                          
0     0000b040  _exit                           
0     0000a013  _free                           
0     0000adb4  _frexpl                         
0     0000a8c6  _ldexpl                         
0     0000aa0b  _main                           
0     00009fe8  _malloc                         
0     0000a192  _memalign                       
0     0000b201  _memccpy                        
0     0000b172  _memcpy                         
0     0000b256  _memset                         
0     0000a161  _minit                          
0     00005238  _my_ang                         
0     00000000  _output1                        
0     00001400  _output2                        
0     0000a0dd  _realloc                        
0     00009fde  _rsvd_ISR                       
0     0000a4ce  _run_sogi                       
0     0000a8c6  _scalbnl                        
0     00005240  _sci_b_buf                      
0     0000aac1  _sci_b_init                     
0     00005287  _sci_rx_data_len                
0     0000ab0c  _sci_send_byte                  
0     0000ab1d  _sci_send_msg                   
0     0000b21f  _strchr                         
0     0000b25d  _strcpy                         
0     0000b24e  _strlen                         
0     00002800  _testSample6                    
0     00003c00  _testSample7                    
0     00005233  _text                           
0     00005232  _timer0_flag                    
0     0000af23  _timer0_init                    
0     0000aa9f  _uart_printf                    
0     0000afba  _vsprintf                       
0     0000b23d  _wcslen                         
abs   ffffffff  binit                           
0     00008000  cinit                           
0     00000000  code_start                      
0     0000b268  etext                           
abs   ffffffff  pinit                           


GLOBAL SYMBOLS: SORTED BY Symbol Address 

page  address   name                            
----  -------   ----                            
0     00000000  _output1                        
0     00000000  code_start                      
0     00001400  _output2                        
0     00002800  _testSample6                    
0     00003c00  _testSample7                    
0     00005210  _CpuTimer0                      
0     00005218  _CpuTimer1                      
0     00005220  _CpuTimer2                      
0     00005228  _N_FFT                          
0     0000522a  _WNP                            
0     0000522e  _WNP_XJB                        
0     00005232  _timer0_flag                    
0     00005233  _text                           
0     00005234  _adc_cnt                        
0     00005236  _PI                             
0     00005238  _my_ang                         
0     0000523a  _avr_ang                        
0     00005240  _sci_b_buf                      
0     00005272  _adc_value                      
0     0000527a  ___TI_enable_exit_profile_output
0     0000527c  ___TI_cleanup_ptr               
0     0000527e  ___TI_dtors_ptr                 
0     00005280  __lock                          
0     00005282  __unlock                        
0     00005286  _errno                          
0     00005287  _sci_rx_data_len                
0     00008000  ___cinit__                      
0     00008000  cinit                           
0     00008052  _DSP28x_usDelay                 
0     00009000  .text                           
0     00009000  ___text__                       
0     00009b40  ___TI_printfi                   
0     00009cc5  _INT13_ISR                      
0     00009ccf  _INT14_ISR                      
0     00009cd9  _DATALOG_ISR                    
0     00009ce3  _RTOSINT_ISR                    
0     00009ced  _EMUINT_ISR                     
0     00009cf7  _NMI_ISR                        
0     00009d01  _ILLEGAL_ISR                    
0     00009d0b  _USER1_ISR                      
0     00009d15  _USER2_ISR                      
0     00009d1f  _USER3_ISR                      
0     00009d29  _USER4_ISR                      
0     00009d33  _USER5_ISR                      
0     00009d3d  _USER6_ISR                      
0     00009d47  _USER7_ISR                      
0     00009d51  _USER8_ISR                      
0     00009d5b  _USER9_ISR                      
0     00009d65  _USER10_ISR                     
0     00009d6f  _USER11_ISR                     
0     00009d79  _USER12_ISR                     
0     00009d83  _SEQ1INT_ISR                    
0     00009d8d  _SEQ2INT_ISR                    
0     00009d97  _XINT1_ISR                      
0     00009da1  _XINT2_ISR                      
0     00009dab  _ADCINT_ISR                     
0     00009db5  _TINT0_ISR                      
0     00009dbf  _WAKEINT_ISR                    
0     00009dc9  _EPWM1_TZINT_ISR                
0     00009dd3  _EPWM2_TZINT_ISR                
0     00009ddd  _EPWM3_TZINT_ISR                
0     00009de7  _EPWM4_TZINT_ISR                
0     00009df1  _EPWM5_TZINT_ISR                
0     00009dfb  _EPWM6_TZINT_ISR                
0     00009e05  _EPWM1_INT_ISR                  
0     00009e0f  _EPWM2_INT_ISR                  
0     00009e19  _EPWM3_INT_ISR                  
0     00009e23  _EPWM4_INT_ISR                  
0     00009e2d  _EPWM5_INT_ISR                  
0     00009e37  _EPWM6_INT_ISR                  
0     00009e41  _ECAP1_INT_ISR                  
0     00009e4b  _ECAP2_INT_ISR                  
0     00009e55  _ECAP3_INT_ISR                  
0     00009e5f  _ECAP4_INT_ISR                  
0     00009e69  _ECAP5_INT_ISR                  
0     00009e73  _ECAP6_INT_ISR                  
0     00009e7d  _EQEP1_INT_ISR                  
0     00009e87  _EQEP2_INT_ISR                  
0     00009e91  _SPIRXINTA_ISR                  
0     00009e9b  _SPITXINTA_ISR                  
0     00009ea5  _MRINTB_ISR                     
0     00009eaf  _MXINTB_ISR                     
0     00009eb9  _MRINTA_ISR                     
0     00009ec3  _MXINTA_ISR                     
0     00009ecd  _DINTCH1_ISR                    
0     00009ed7  _DINTCH2_ISR                    
0     00009ee1  _DINTCH3_ISR                    
0     00009eeb  _DINTCH4_ISR                    
0     00009ef5  _DINTCH5_ISR                    
0     00009eff  _DINTCH6_ISR                    
0     00009f09  _I2CINT1A_ISR                   
0     00009f13  _I2CINT2A_ISR                   
0     00009f1d  _SCIRXINTC_ISR                  
0     00009f27  _SCITXINTC_ISR                  
0     00009f31  _SCIRXINTA_ISR                  
0     00009f3b  _SCITXINTA_ISR                  
0     00009f45  _SCIRXINTB_ISR                  
0     00009f4f  _SCITXINTB_ISR                  
0     00009f59  _ECAN0INTA_ISR                  
0     00009f63  _ECAN1INTA_ISR                  
0     00009f6d  _ECAN0INTB_ISR                  
0     00009f77  _ECAN1INTB_ISR                  
0     00009f81  _XINT3_ISR                      
0     00009f8b  _XINT4_ISR                      
0     00009f95  _XINT5_ISR                      
0     00009f9f  _XINT6_ISR                      
0     00009fa9  _XINT7_ISR                      
0     00009fb3  _LVF_ISR                        
0     00009fbd  _LUF_ISR                        
0     00009fc7  _EMPTY_ISR                      
0     00009fd4  _PIE_RESERVED                   
0     00009fde  _rsvd_ISR                       
0     00009fe8  _malloc                         
0     0000a013  _free                           
0     0000a0dd  _realloc                        
0     0000a161  _minit                          
0     0000a165  _calloc                         
0     0000a192  _aligned_alloc                  
0     0000a192  _memalign                       
0     0000a238  ___TI_heap_total_available      
0     0000a255  ___TI_heap_largest_available    
0     0000a272  ___TI_heap_check                
0     0000a274  ___vla_dealloc                  
0     0000a2be  ___vla_dealloc_eh               
0     0000a30f  ___vla_alloc                    
0     0000a3f3  _G1_filter                      
0     0000a461  _G2_filter                      
0     0000a4ce  _run_sogi                       
0     0000a524  LL$$DIV                         
0     0000a560  LL$$MOD                         
0     0000a59a  ULL$$DIV                        
0     0000a5c9  ULL$$MOD                        
0     0000a62b  _InitXintf                      
0     0000a684  _InitXintf32Gpio                
0     0000a6cb  _InitXintf16Gpio                
0     0000a725  _InitSysCtrl                    
0     0000a72e  _ServiceDog                     
0     0000a738  _DisableDog                     
0     0000a740  _InitPll                        
0     0000a790  _InitPeripheralClocks           
0     0000a7cb  _CsmUnlock                      
0     0000a7fc  _atan                           
0     0000a7fc  _atanf                          
0     0000a8c6  _ldexpl                         
0     0000a8c6  _scalbnl                        
0     0000a96f  FD$$ADD                         
0     0000aa0b  _main                           
0     0000aa9f  _uart_printf                    
0     0000aac1  _sci_b_init                     
0     0000ab0c  _sci_send_byte                  
0     0000ab1d  _sci_send_msg                   
0     0000ab32  FD$$DIV                         
0     0000abbd  FS$$DIV                         
0     0000ac45  FD$$MPY                         
0     0000acc8  _InitCpuTimers                  
0     0000ad09  _ConfigCpuTimer                 
0     0000ad43  _ad7606_init                    
0     0000ad8f  _ad7606_sample                  
0     0000adb4  _frexpl                         
0     0000ae0e  _c_int00                        
0     0000ae64  _InitSci                        
0     0000ae65  _InitSciGpio                    
0     0000ae6a  _InitSciaGpio                   
0     0000ae7f  _InitScibGpio                   
0     0000ae95  _InitScicGpio                   
0     0000aeab  _SCIB_IRQ_Handle                
0     0000aeeb  _TIM0_IRQ_Handle                
0     0000af23  _timer0_init                    
0     0000af59  _atoi                           
0     0000af8a  ___TI_ltoa                      
0     0000afba  _vsprintf                       
0     0000afea  FD$$CMP                         
0     0000b014  L$$DIV                          
0     0000b023  L$$MOD                          
0     0000b031  UL$$DIV                         
0     0000b038  UL$$MOD                         
0     0000b03e  C$$EXIT                         
0     0000b03e  _abort                          
0     0000b040  _exit                           
0     0000b067  _InitPieCtrl                    
0     0000b086  _EnableInterrupts               
0     0000b08f  _copy_in                        
0     0000b0b3  _copysignl                      
0     0000b0d7  FD$$TOI                         
0     0000b0f8  _InitPieVectTable               
0     0000b118  FD$$TOL                         
0     0000b137  LL$$CMP                         
0     0000b149  ULL$$CMP                        
0     0000b155  I$$TOFD                         
0     0000b172  _memcpy                         
0     0000b18f  FS$$TOFD                        
0     0000b1ab  L$$TOFD                         
0     0000b1c7  LL$$AND                         
0     0000b1cf  LL$$OR                          
0     0000b1d7  LL$$XOR                         
0     0000b1df  __args_main                     
0     0000b1f1  _beep_init                      
0     0000b201  _memccpy                        
0     0000b211  FD$$SUB                         
0     0000b21f  _strchr                         
0     0000b22b  __register_unlock               
0     0000b22f  __register_lock                 
0     0000b233  __nop                           
0     0000b234  FD$$NEG                         
0     0000b23d  _wcslen                         
0     0000b24e  _strlen                         
0     0000b256  _memset                         
0     0000b25d  _strcpy                         
0     0000b262  ___abort_execution              
0     0000b265  __system_pre_init               
0     0000b267  __system_post_cinit             
0     0000b268  ___etext__                      
0     0000b268  etext                           
0     00380080  _ADC_cal                        
1     00000400  __sys_memory                    
1     00000880  _DevEmuRegs                     
1     00000a80  _FlashRegs                      
1     00000ae0  _CsmRegs                        
1     00000b00  _AdcMirror                      
1     00000b20  _XintfRegs                      
1     00000c00  _CpuTimer0Regs                  
1     00000c08  _CpuTimer1Regs                  
1     00000c10  _CpuTimer2Regs                  
1     00000ce0  _PieCtrlRegs                    
1     00000d00  _PieVectTable                   
1     00001000  _DmaRegs                        
1     00005000  _McbspaRegs                     
1     00005040  _McbspbRegs                     
1     00006000  _ECanaRegs                      
1     00006040  _ECanaLAMRegs                   
1     00006080  _ECanaMOTSRegs                  
1     000060c0  _ECanaMOTORegs                  
1     00006100  _ECanaMboxes                    
1     00006200  _ECanbRegs                      
1     00006240  _ECanbLAMRegs                   
1     00006280  _ECanbMOTSRegs                  
1     000062c0  _ECanbMOTORegs                  
1     00006300  _ECanbMboxes                    
1     00006800  _EPwm1Regs                      
1     00006840  _EPwm2Regs                      
1     00006880  _EPwm3Regs                      
1     000068c0  _EPwm4Regs                      
1     00006900  _EPwm5Regs                      
1     00006940  _EPwm6Regs                      
1     00006a00  _ECap1Regs                      
1     00006a20  _ECap2Regs                      
1     00006a40  _ECap3Regs                      
1     00006a60  _ECap4Regs                      
1     00006a80  _ECap5Regs                      
1     00006aa0  _ECap6Regs                      
1     00006b00  _EQep1Regs                      
1     00006b40  _EQep2Regs                      
1     00006f80  _GpioCtrlRegs                   
1     00006fc0  _GpioDataRegs                   
1     00006fe0  _GpioIntRegs                    
1     00007010  _SysCtrlRegs                    
1     00007040  _SpiaRegs                       
1     00007050  _SciaRegs                       
1     00007070  _XIntruptRegs                   
1     00007100  _AdcRegs                        
1     00007750  _ScibRegs                       
1     00007770  _ScicRegs                       
1     00007900  _I2caRegs                       
1     0000c000  __stack                         
1     0000c400  __STACK_END                     
1     0000d000  __ctypes_                       
1     0000d102  _PieVectTableInit               
1     0033fff8  _CsmPwl                         
abs   00000400  __STACK_SIZE                    
abs   00000400  __SYSMEM_SIZE                   
abs   ffffffff  ___TI_pprof_out_hndl            
abs   ffffffff  ___TI_prof_data_size            
abs   ffffffff  ___TI_prof_data_start           
abs   ffffffff  ___binit__                      
abs   ffffffff  ___c_args__                     
abs   ffffffff  ___pinit__                      
abs   ffffffff  binit                           
abs   ffffffff  pinit                           

[278 symbols]
