******************************************************************************
             TMS320C2000 Linker PC v22.6.0                     
******************************************************************************
>> Linked Mon Mar 20 15:03:59 2023

OUTPUT FILE NAME:   <EisTemplate.out>
ENTRY POINT SYMBOL: "_c_int00"  address: 0000b08b


MEMORY CONFIGURATION

         name            origin    length      used     unused   attr    fill
----------------------  --------  ---------  --------  --------  ----  --------
PAGE 0:
  BEGIN                 00000000   00000002  00000002  00000000  RWIX
  BOOT_RSVD             00000002   0000004e  00000000  0000004e  RWIX
  RAMM0                 00000050   000003b0  00000000  000003b0  RWIX
  RAML0                 00008000   00001000  00000048  00000fb8  RWIX
  RAML1                 00009000   00003000  0000251a  00000ae6  RWIX
  RAML2                 0000c000   00001000  00000000  00001000  RWIX
  RAML3                 0000d000   00001000  00000000  00001000  RWIX
  ZONE6A                00100000   0000fc00  00000000  0000fc00  RWIX
  CSM_RSVD              0033ff80   00000076  00000000  00000076  RWIX
  CSM_PWL               0033fff8   00000008  00000000  00000008  RWIX
  ADC_CAL               00380080   00000009  00000007  00000002  RWIX
  IQTABLES              003fe000   00000b50  00000000  00000b50  RWIX
  IQTABLES2             003feb50   0000008c  00000000  0000008c  RWIX
  FPUTABLES             003febdc   000006a0  00000000  000006a0  RWIX
  BOOTROM               003ff27c   00000d44  00000000  00000d44  RWIX
  RESET                 003fffc0   00000002  00000000  00000002  RWIX

PAGE 1:
  RAMM1                 00000400   00000400  00000000  00000400  RWIX
  DEV_EMU               00000880   00000180  000000d0  000000b0  RWIX
  FLASH_REGS            00000a80   00000060  00000008  00000058  RWIX
  CSM                   00000ae0   00000010  00000010  00000000  RWIX
  ADC_MIRROR            00000b00   00000010  00000010  00000000  RWIX
  XINTF                 00000b20   00000020  0000001e  00000002  RWIX
  CPU_TIMER0            00000c00   00000008  00000008  00000000  RWIX
  CPU_TIMER1            00000c08   00000008  00000008  00000000  RWIX
  CPU_TIMER2            00000c10   00000008  00000008  00000000  RWIX
  PIE_CTRL              00000ce0   00000020  0000001a  00000006  RWIX
  PIE_VECT              00000d00   00000100  00000100  00000000  RWIX
  DMA                   00001000   00000200  000000e0  00000120  RWIX
  MCBSPA                00005000   00000040  00000025  0000001b  RWIX
  MCBSPB                00005040   00000040  00000025  0000001b  RWIX
  ECANA                 00006000   00000040  00000034  0000000c  RWIX
  ECANA_LAM             00006040   00000040  00000040  00000000  RWIX
  ECANA_MOTS            00006080   00000040  00000040  00000000  RWIX
  ECANA_MOTO            000060c0   00000040  00000040  00000000  RWIX
  ECANA_MBOX            00006100   00000100  00000100  00000000  RWIX
  ECANB                 00006200   00000040  00000034  0000000c  RWIX
  ECANB_LAM             00006240   00000040  00000040  00000000  RWIX
  ECANB_MOTS            00006280   00000040  00000040  00000000  RWIX
  ECANB_MOTO            000062c0   00000040  00000040  00000000  RWIX
  ECANB_MBOX            00006300   00000100  00000100  00000000  RWIX
  EPWM1                 00006800   00000022  00000022  00000000  RWIX
  EPWM2                 00006840   00000022  00000022  00000000  RWIX
  EPWM3                 00006880   00000022  00000022  00000000  RWIX
  EPWM4                 000068c0   00000022  00000022  00000000  RWIX
  EPWM5                 00006900   00000022  00000022  00000000  RWIX
  EPWM6                 00006940   00000022  00000022  00000000  RWIX
  ECAP1                 00006a00   00000020  00000020  00000000  RWIX
  ECAP2                 00006a20   00000020  00000020  00000000  RWIX
  ECAP3                 00006a40   00000020  00000020  00000000  RWIX
  ECAP4                 00006a60   00000020  00000020  00000000  RWIX
  ECAP5                 00006a80   00000020  00000020  00000000  RWIX
  ECAP6                 00006aa0   00000020  00000020  00000000  RWIX
  EQEP1                 00006b00   00000040  00000040  00000000  RWIX
  EQEP2                 00006b40   00000040  00000040  00000000  RWIX
  GPIOCTRL              00006f80   00000040  0000002e  00000012  RWIX
  GPIODAT               00006fc0   00000020  00000020  00000000  RWIX
  GPIOINT               00006fe0   00000020  0000000a  00000016  RWIX
  SYSTEM                00007010   00000020  00000020  00000000  RWIX
  SPIA                  00007040   00000010  00000010  00000000  RWIX
  SCIA                  00007050   00000010  00000010  00000000  RWIX
  XINTRUPT              00007070   00000010  00000010  00000000  RWIX
  ADC                   00007100   00000020  0000001e  00000002  RWIX
  SCIB                  00007750   00000010  00000010  00000000  RWIX
  SCIC                  00007770   00000010  00000010  00000000  RWIX
  I2CA                  00007900   00000040  00000022  0000001e  RWIX
  RAML4                 0000c000   00001000  00000400  00000c00  RWIX
  RAML5                 0000d000   00001000  00000f72  0000008e  RWIX
  RAML6                 0000e000   00001000  00000000  00001000  RWIX
  RAML7                 0000f000   00001000  00000000  00001000  RWIX
  ZONE7B                0020fc00   00000400  00000000  00000400  RWIX
  CSM_PWL               0033fff8   00000008  00000008  00000000  RWIX


SECTION ALLOCATION MAP

 output                                  attributes/
section   page    origin      length       input sections
--------  ----  ----------  ----------   ----------------
codestart 
*          0    00000000    00000002     
                  00000000    00000002     DSP2833x_CodeStartBranch.obj (codestart)

.cinit     0    00008000    00000044     
                  00008000    00000016     main.obj (.cinit)
                  00008016    0000000e     rts2800_fpu32.lib : exit.c.obj (.cinit)
                  00008024    00000005                       : _lock.c.obj (.cinit:__lock)
                  00008029    00000005                       : _lock.c.obj (.cinit:__unlock)
                  0000802e    00000004     ad7606.obj (.cinit:_adc_value)
                  00008032    00000004     sci.obj (.cinit:_sci_b_buf)
                  00008036    00000004     fft.obj (.cinit)
                  0000803a    00000004     rts2800_fpu32.lib : errno.c.obj (.cinit)
                  0000803e    00000004     sci.obj (.cinit)
                  00008042    00000002     --HOLE-- [fill = 0]

ramfuncs   0    00008044    00000004     
                  00008044    00000004     DSP2833x_usDelay.obj (ramfuncs)

.text      0    00009000    0000251a     
                  00009000    000006d0     rts2800_fpu32.lib : _printfi.c.obj (.text)
                  000096d0    000005f5                       : _printfi.c.obj (.text:__TI_printfi)
                  00009cc5    0000038c                       : e_powf.c.obj (.text)
                  0000a051    00000323     DSP2833x_DefaultIsr.obj (.text:retain)
                  0000a374    00000257     fft.obj (.text)
                  0000a5cb    00000107     rts2800_fpu32.lib : ll_div28.asm.obj (.text)
                  0000a6d2    000000fa     DSP2833x_Xintf.obj (.text)
                  0000a7cc    000000d7     DSP2833x_SysCtrl.obj (.text)
                  0000a8a3    000000d2     rts2800_fpu32.lib : e_atan2f.c.obj (.text)
                  0000a975    000000ca                       : s_atanf.c.obj (.text)
                  0000aa3f    000000a9                       : s_scalbn.c.obj (.text)
                  0000aae8    0000009c                       : fd_add28.asm.obj (.text)
                  0000ab84    00000093     sci.obj (.text)
                  0000ac17    0000008b     rts2800_fpu32.lib : fd_div28.asm.obj (.text)
                  0000aca2    00000088                       : fs_div28.asm.obj (.text)
                  0000ad2a    00000083                       : fd_mpy28.asm.obj (.text)
                  0000adad    0000007b     DSP2833x_CpuTimers.obj (.text)
                  0000ae28    00000077     main.obj (.text)
                  0000ae9f    00000071     ad7606.obj (.text)
                  0000af10    00000066     rts2800_fpu32.lib : s_sinf.c.obj (.text)
                  0000af76    00000063                       : s_cosf.c.obj (.text)
                  0000afd9    0000005a                       : s_frexp.c.obj (.text)
                  0000b033    00000058                       : s_scalbnf.c.obj (.text)
                  0000b08b    00000056                       : boot28.asm.obj (.text)
                  0000b0e1    00000047     DSP2833x_Sci.obj (.text)
                  0000b128    00000040     sci.obj (.text:retain)
                  0000b168    00000038     timer.obj (.text:retain)
                  0000b1a0    00000036     timer.obj (.text)
                  0000b1d6    00000031     rts2800_fpu32.lib : atoi.c.obj (.text)
                  0000b207    00000030                       : _ltoa.c.obj (.text)
                  0000b237    00000030                       : vsprintf.c.obj (.text)
                  0000b267    0000002a                       : fd_cmp28.asm.obj (.text)
                  0000b291    0000002a                       : l_div28.asm.obj (.text)
                  0000b2bb    00000029                       : exit.c.obj (.text)
                  0000b2e4    00000028     DSP2833x_PieCtrl.obj (.text)
                  0000b30c    00000027     rts2800_fpu32.lib : e_sqrtf.c.obj (.text)
                  0000b333    00000024                       : cpy_tbl.c.obj (.text)
                  0000b357    00000024                       : s_copysign.c.obj (.text)
                  0000b37b    00000021                       : fd_toi28.asm.obj (.text)
                  0000b39c    00000020     DSP2833x_PieVect.obj (.text)
                  0000b3bc    0000001f     rts2800_fpu32.lib : fd_tol28.asm.obj (.text)
                  0000b3db    0000001e                       : ll_cmp28.asm.obj (.text)
                  0000b3f9    0000001d                       : i_tofd28.asm.obj (.text)
                  0000b416    0000001d                       : memcpy.c.obj (.text)
                  0000b433    0000001c                       : fs_tofdfpu32.asm.obj (.text)
                  0000b44f    0000001c                       : l_tofd28.asm.obj (.text)
                  0000b46b    00000018                       : ll_aox28.asm.obj (.text)
                  0000b483    00000012                       : args_main.c.obj (.text)
                  0000b495    00000011                       : s_copysignf.c.obj (.text)
                  0000b4a6    00000010     beep.obj (.text)
                  0000b4b6    00000010     rts2800_fpu32.lib : memccpy.c.obj (.text)
                  0000b4c6    0000000e                       : fd_sub28.asm.obj (.text)
                  0000b4d4    0000000c                       : strchr.c.obj (.text)
                  0000b4e0    00000009                       : _lock.c.obj (.text)
                  0000b4e9    00000009                       : fd_neg28.asm.obj (.text)
                  0000b4f2    00000009                       : wcslen.c.obj (.text)
                  0000b4fb    00000008     DSP2833x_CodeStartBranch.obj (.text)
                  0000b503    00000008     rts2800_fpu32.lib : strlen.c.obj (.text)
                  0000b50b    00000007                       : memset.c.obj (.text)
                  0000b512    00000005                       : strcpy.c.obj (.text)
                  0000b517    00000002                       : pre_init.c.obj (.text)
                  0000b519    00000001                       : startup.c.obj (.text)

.pinit     0    00008000    00000000     UNINITIALIZED

DevEmuRegsFile 
*          1    00000880    000000d0     UNINITIALIZED
                  00000880    000000d0     DSP2833x_GlobalVariableDefs.obj (DevEmuRegsFile)

FlashRegsFile 
*          1    00000a80    00000008     UNINITIALIZED
                  00000a80    00000008     DSP2833x_GlobalVariableDefs.obj (FlashRegsFile)

CsmRegsFile 
*          1    00000ae0    00000010     UNINITIALIZED
                  00000ae0    00000010     DSP2833x_GlobalVariableDefs.obj (CsmRegsFile)

AdcMirrorFile 
*          1    00000b00    00000010     UNINITIALIZED
                  00000b00    00000010     DSP2833x_GlobalVariableDefs.obj (AdcMirrorFile)

XintfRegsFile 
*          1    00000b20    0000001e     UNINITIALIZED
                  00000b20    0000001e     DSP2833x_GlobalVariableDefs.obj (XintfRegsFile)

CpuTimer0RegsFile 
*          1    00000c00    00000008     UNINITIALIZED
                  00000c00    00000008     DSP2833x_GlobalVariableDefs.obj (CpuTimer0RegsFile)

CpuTimer1RegsFile 
*          1    00000c08    00000008     UNINITIALIZED
                  00000c08    00000008     DSP2833x_GlobalVariableDefs.obj (CpuTimer1RegsFile)

CpuTimer2RegsFile 
*          1    00000c10    00000008     UNINITIALIZED
                  00000c10    00000008     DSP2833x_GlobalVariableDefs.obj (CpuTimer2RegsFile)

PieCtrlRegsFile 
*          1    00000ce0    0000001a     UNINITIALIZED
                  00000ce0    0000001a     DSP2833x_GlobalVariableDefs.obj (PieCtrlRegsFile)

ECanaMOTSRegsFile 
*          1    00006080    00000040     UNINITIALIZED
                  00006080    00000040     DSP2833x_GlobalVariableDefs.obj (ECanaMOTSRegsFile)

ECanaMOTORegsFile 
*          1    000060c0    00000040     UNINITIALIZED
                  000060c0    00000040     DSP2833x_GlobalVariableDefs.obj (ECanaMOTORegsFile)

ECanbMOTSRegsFile 
*          1    00006280    00000040     UNINITIALIZED
                  00006280    00000040     DSP2833x_GlobalVariableDefs.obj (ECanbMOTSRegsFile)

ECanbMOTORegsFile 
*          1    000062c0    00000040     UNINITIALIZED
                  000062c0    00000040     DSP2833x_GlobalVariableDefs.obj (ECanbMOTORegsFile)

.stack     1    0000c000    00000400     UNINITIALIZED
                  0000c000    00000400     --HOLE--

.econst    1    0000d000    000002d6     
                  0000d000    00000101     rts2800_fpu32.lib : ctype.c.obj (.econst:.string:__ctypes_)
                  0000d101    00000001     --HOLE-- [fill = 0]
                  0000d102    00000100     DSP2833x_PieVect.obj (.econst:_PieVectTableInit)
                  0000d202    00000032     rts2800_fpu32.lib : e_powf.c.obj (.econst)
                  0000d234    00000026                       : _printfi.c.obj (.econst:.string)
                  0000d25a    0000001c                       : _printfi.c.obj (.econst)
                  0000d276    0000001c                       : s_scalbn.c.obj (.econst)
                  0000d292    0000000c                       : e_atan2f.c.obj (.econst)
                  0000d29e    0000000a                       : s_atanf.c.obj (.econst:_aT)
                  0000d2a8    00000008                       : s_atanf.c.obj (.econst:_atanhi)
                  0000d2b0    00000008                       : s_atanf.c.obj (.econst:_atanlo)
                  0000d2b8    00000008                       : s_frexp.c.obj (.econst)
                  0000d2c0    00000006                       : s_scalbnf.c.obj (.econst)
                  0000d2c6    00000004                       : e_powf.c.obj (.econst:_bp)
                  0000d2ca    00000004                       : e_powf.c.obj (.econst:_dp_h)
                  0000d2ce    00000004                       : e_powf.c.obj (.econst:_dp_l)
                  0000d2d2    00000004                       : s_atanf.c.obj (.econst)

.ebss      1    0000d2d6    00000c9c     UNINITIALIZED
                  0000d2d6    00000018     DSP2833x_CpuTimers.obj (.ebss)
                  0000d2ee    0000000a     fft.obj (.ebss)
                  0000d2f8    00000008     ad7606.obj (.ebss:_adc_value)
                  0000d300    00000300     main.obj (.ebss:_output1)
                  0000d600    00000300     main.obj (.ebss:_output2)
                  0000d900    00000210     sci.obj (.ebss:_write_buf$1)
                  0000db10    00000008     main.obj (.ebss)
                  0000db18    00000006     rts2800_fpu32.lib : exit.c.obj (.ebss)
                  0000db1e    00000002                       : _lock.c.obj (.ebss:__lock)
                  0000db20    00000002                       : _lock.c.obj (.ebss:__unlock)
                  0000db22    00000001                       : errno.c.obj (.ebss)
                  0000db23    00000001     sci.obj (.ebss)
                  0000db24    0000001c     --HOLE--
                  0000db40    00000200     fft.obj (.ebss:_input_complex)
                  0000dd40    00000100     main.obj (.ebss:_testSample6)
                  0000de40    00000100     main.obj (.ebss:_testSample7)
                  0000df40    00000032     sci.obj (.ebss:_sci_b_buf)

.reset     0    003fffc0    00000002     DSECT
                  003fffc0    00000002     rts2800_fpu32.lib : boot28.asm.obj (.reset)

csm_rsvd   0    0033ff80    00000000     DSECT

csmpasswds 
*          0    0033fff8    00000000     DSECT

.adc_cal   0    00380080    00000007     NOLOAD SECTION
                  00380080    00000007     DSP2833x_ADC_cal.obj (.adc_cal)

PieVectTableFile 
*          1    00000d00    00000100     UNINITIALIZED
                  00000d00    00000100     DSP2833x_GlobalVariableDefs.obj (PieVectTableFile)

DmaRegsFile 
*          1    00001000    000000e0     UNINITIALIZED
                  00001000    000000e0     DSP2833x_GlobalVariableDefs.obj (DmaRegsFile)

McbspaRegsFile 
*          1    00005000    00000025     UNINITIALIZED
                  00005000    00000025     DSP2833x_GlobalVariableDefs.obj (McbspaRegsFile)

McbspbRegsFile 
*          1    00005040    00000025     UNINITIALIZED
                  00005040    00000025     DSP2833x_GlobalVariableDefs.obj (McbspbRegsFile)

ECanaRegsFile 
*          1    00006000    00000034     UNINITIALIZED
                  00006000    00000034     DSP2833x_GlobalVariableDefs.obj (ECanaRegsFile)

ECanaLAMRegsFile 
*          1    00006040    00000040     UNINITIALIZED
                  00006040    00000040     DSP2833x_GlobalVariableDefs.obj (ECanaLAMRegsFile)

ECanaMboxesFile 
*          1    00006100    00000100     UNINITIALIZED
                  00006100    00000100     DSP2833x_GlobalVariableDefs.obj (ECanaMboxesFile)

ECanbRegsFile 
*          1    00006200    00000034     UNINITIALIZED
                  00006200    00000034     DSP2833x_GlobalVariableDefs.obj (ECanbRegsFile)

ECanbLAMRegsFile 
*          1    00006240    00000040     UNINITIALIZED
                  00006240    00000040     DSP2833x_GlobalVariableDefs.obj (ECanbLAMRegsFile)

ECanbMboxesFile 
*          1    00006300    00000100     UNINITIALIZED
                  00006300    00000100     DSP2833x_GlobalVariableDefs.obj (ECanbMboxesFile)

EPwm1RegsFile 
*          1    00006800    00000022     UNINITIALIZED
                  00006800    00000022     DSP2833x_GlobalVariableDefs.obj (EPwm1RegsFile)

EPwm2RegsFile 
*          1    00006840    00000022     UNINITIALIZED
                  00006840    00000022     DSP2833x_GlobalVariableDefs.obj (EPwm2RegsFile)

EPwm3RegsFile 
*          1    00006880    00000022     UNINITIALIZED
                  00006880    00000022     DSP2833x_GlobalVariableDefs.obj (EPwm3RegsFile)

EPwm4RegsFile 
*          1    000068c0    00000022     UNINITIALIZED
                  000068c0    00000022     DSP2833x_GlobalVariableDefs.obj (EPwm4RegsFile)

EPwm5RegsFile 
*          1    00006900    00000022     UNINITIALIZED
                  00006900    00000022     DSP2833x_GlobalVariableDefs.obj (EPwm5RegsFile)

EPwm6RegsFile 
*          1    00006940    00000022     UNINITIALIZED
                  00006940    00000022     DSP2833x_GlobalVariableDefs.obj (EPwm6RegsFile)

ECap1RegsFile 
*          1    00006a00    00000020     UNINITIALIZED
                  00006a00    00000020     DSP2833x_GlobalVariableDefs.obj (ECap1RegsFile)

ECap2RegsFile 
*          1    00006a20    00000020     UNINITIALIZED
                  00006a20    00000020     DSP2833x_GlobalVariableDefs.obj (ECap2RegsFile)

ECap3RegsFile 
*          1    00006a40    00000020     UNINITIALIZED
                  00006a40    00000020     DSP2833x_GlobalVariableDefs.obj (ECap3RegsFile)

ECap4RegsFile 
*          1    00006a60    00000020     UNINITIALIZED
                  00006a60    00000020     DSP2833x_GlobalVariableDefs.obj (ECap4RegsFile)

ECap5RegsFile 
*          1    00006a80    00000020     UNINITIALIZED
                  00006a80    00000020     DSP2833x_GlobalVariableDefs.obj (ECap5RegsFile)

ECap6RegsFile 
*          1    00006aa0    00000020     UNINITIALIZED
                  00006aa0    00000020     DSP2833x_GlobalVariableDefs.obj (ECap6RegsFile)

EQep1RegsFile 
*          1    00006b00    00000040     UNINITIALIZED
                  00006b00    00000040     DSP2833x_GlobalVariableDefs.obj (EQep1RegsFile)

EQep2RegsFile 
*          1    00006b40    00000040     UNINITIALIZED
                  00006b40    00000040     DSP2833x_GlobalVariableDefs.obj (EQep2RegsFile)

GpioCtrlRegsFile 
*          1    00006f80    0000002e     UNINITIALIZED
                  00006f80    0000002e     DSP2833x_GlobalVariableDefs.obj (GpioCtrlRegsFile)

GpioDataRegsFile 
*          1    00006fc0    00000020     UNINITIALIZED
                  00006fc0    00000020     DSP2833x_GlobalVariableDefs.obj (GpioDataRegsFile)

GpioIntRegsFile 
*          1    00006fe0    0000000a     UNINITIALIZED
                  00006fe0    0000000a     DSP2833x_GlobalVariableDefs.obj (GpioIntRegsFile)

SysCtrlRegsFile 
*          1    00007010    00000020     UNINITIALIZED
                  00007010    00000020     DSP2833x_GlobalVariableDefs.obj (SysCtrlRegsFile)

SpiaRegsFile 
*          1    00007040    00000010     UNINITIALIZED
                  00007040    00000010     DSP2833x_GlobalVariableDefs.obj (SpiaRegsFile)

SciaRegsFile 
*          1    00007050    00000010     UNINITIALIZED
                  00007050    00000010     DSP2833x_GlobalVariableDefs.obj (SciaRegsFile)

XIntruptRegsFile 
*          1    00007070    00000010     UNINITIALIZED
                  00007070    00000010     DSP2833x_GlobalVariableDefs.obj (XIntruptRegsFile)

AdcRegsFile 
*          1    00007100    0000001e     UNINITIALIZED
                  00007100    0000001e     DSP2833x_GlobalVariableDefs.obj (AdcRegsFile)

ScibRegsFile 
*          1    00007750    00000010     UNINITIALIZED
                  00007750    00000010     DSP2833x_GlobalVariableDefs.obj (ScibRegsFile)

ScicRegsFile 
*          1    00007770    00000010     UNINITIALIZED
                  00007770    00000010     DSP2833x_GlobalVariableDefs.obj (ScicRegsFile)

I2caRegsFile 
*          1    00007900    00000022     UNINITIALIZED
                  00007900    00000022     DSP2833x_GlobalVariableDefs.obj (I2caRegsFile)

CsmPwlFile 
*          1    0033fff8    00000008     UNINITIALIZED
                  0033fff8    00000008     DSP2833x_GlobalVariableDefs.obj (CsmPwlFile)

MODULE SUMMARY

       Module                            code   initialized data   uninitialized data
       ------                            ----   ----------------   ------------------
    .\App\ad7606\
       ad7606.obj                        113    4                  8                 
    +--+---------------------------------+------+------------------+--------------------+
       Total:                            113    4                  8                 
                                                                                     
    .\App\beep\
       beep.obj                          16     0                  0                 
    +--+---------------------------------+------+------------------+--------------------+
       Total:                            16     0                  0                 
                                                                                     
    .\App\fft\
       fft.obj                           599    4                  522               
    +--+---------------------------------+------+------------------+--------------------+
       Total:                            599    4                  522               
                                                                                     
    .\App\sci-x\
       sci.obj                           211    8                  579               
    +--+---------------------------------+------+------------------+--------------------+
       Total:                            211    8                  579               
                                                                                     
    .\App\timer\
       timer.obj                         110    0                  0                 
    +--+---------------------------------+------+------------------+--------------------+
       Total:                            110    0                  0                 
                                                                                     
    .\Dsp2833x_Lib\src\
       DSP2833x_GlobalVariableDefs.obj   0      0                  2678              
       DSP2833x_DefaultIsr.obj           803    0                  0                 
       DSP2833x_PieVect.obj              32     256                0                 
       DSP2833x_Xintf.obj                250    0                  0                 
       DSP2833x_SysCtrl.obj              215    0                  0                 
       DSP2833x_CpuTimers.obj            123    0                  24                
       DSP2833x_Sci.obj                  71     0                  0                 
       DSP2833x_PieCtrl.obj              40     0                  0                 
       DSP2833x_CodeStartBranch.obj      10     0                  0                 
       DSP2833x_ADC_cal.obj              7      0                  0                 
       DSP2833x_usDelay.obj              4      0                  0                 
    +--+---------------------------------+------+------------------+--------------------+
       Total:                            1555   256                2702              
                                                                                     
    .\User\
       main.obj                          119    22                 2056              
    +--+---------------------------------+------+------------------+--------------------+
       Total:                            119    22                 2056              
                                                                                     
    E:\ti\ccs1220\ccs\tools\compiler\ti-cgt-c2000_22.6.0.LTS\lib\rts2800_fpu32.lib
       _printfi.c.obj                    3269   66                 0                 
       e_powf.c.obj                      908    62                 0                 
       ll_div28.asm.obj                  263    0                  0                 
       ctype.c.obj                       0      257                0                 
       s_atanf.c.obj                     202    30                 0                 
       e_atan2f.c.obj                    210    12                 0                 
       s_scalbn.c.obj                    169    28                 0                 
       fd_add28.asm.obj                  156    0                  0                 
       fd_div28.asm.obj                  139    0                  0                 
       fs_div28.asm.obj                  136    0                  0                 
       fd_mpy28.asm.obj                  131    0                  0                 
       s_sinf.c.obj                      102    0                  0                 
       s_cosf.c.obj                      99     0                  0                 
       s_frexp.c.obj                     90     8                  0                 
       s_scalbnf.c.obj                   88     6                  0                 
       boot28.asm.obj                    86     0                  0                 
       exit.c.obj                        41     14                 6                 
       atoi.c.obj                        49     0                  0                 
       _ltoa.c.obj                       48     0                  0                 
       vsprintf.c.obj                    48     0                  0                 
       fd_cmp28.asm.obj                  42     0                  0                 
       l_div28.asm.obj                   42     0                  0                 
       e_sqrtf.c.obj                     39     0                  0                 
       cpy_tbl.c.obj                     36     0                  0                 
       s_copysign.c.obj                  36     0                  0                 
       fd_toi28.asm.obj                  33     0                  0                 
       fd_tol28.asm.obj                  31     0                  0                 
       ll_cmp28.asm.obj                  30     0                  0                 
       i_tofd28.asm.obj                  29     0                  0                 
       memcpy.c.obj                      29     0                  0                 
       fs_tofdfpu32.asm.obj              28     0                  0                 
       l_tofd28.asm.obj                  28     0                  0                 
       ll_aox28.asm.obj                  24     0                  0                 
       _lock.c.obj                       9      10                 4                 
       args_main.c.obj                   18     0                  0                 
       s_copysignf.c.obj                 17     0                  0                 
       memccpy.c.obj                     16     0                  0                 
       fd_sub28.asm.obj                  14     0                  0                 
       strchr.c.obj                      12     0                  0                 
       fd_neg28.asm.obj                  9      0                  0                 
       wcslen.c.obj                      9      0                  0                 
       strlen.c.obj                      8      0                  0                 
       memset.c.obj                      7      0                  0                 
       errno.c.obj                       0      4                  1                 
       strcpy.c.obj                      5      0                  0                 
       pre_init.c.obj                    2      0                  0                 
       startup.c.obj                     1      0                  0                 
    +--+---------------------------------+------+------------------+--------------------+
       Total:                            6788   497                11                
                                                                                     
       Stack:                            0      0                  1024              
    +--+---------------------------------+------+------------------+--------------------+
       Grand Total:                      9511   791                6902              


GLOBAL DATA SYMBOLS: SORTED BY DATA PAGE

address     data page           name
--------    ----------------    ----
00000880      22 (00000880)     _DevEmuRegs

00000a80      2a (00000a80)     _FlashRegs

00000ae0      2b (00000ac0)     _CsmRegs

00000b00      2c (00000b00)     _AdcMirror
00000b20      2c (00000b00)     _XintfRegs

00000c00      30 (00000c00)     _CpuTimer0Regs
00000c08      30 (00000c00)     _CpuTimer1Regs
00000c10      30 (00000c00)     _CpuTimer2Regs

00000ce0      33 (00000cc0)     _PieCtrlRegs

00000d00      34 (00000d00)     _PieVectTable

00001000      40 (00001000)     _DmaRegs

00005000     140 (00005000)     _McbspaRegs

00005040     141 (00005040)     _McbspbRegs

00006000     180 (00006000)     _ECanaRegs

00006040     181 (00006040)     _ECanaLAMRegs

00006080     182 (00006080)     _ECanaMOTSRegs

000060c0     183 (000060c0)     _ECanaMOTORegs

00006100     184 (00006100)     _ECanaMboxes

00006200     188 (00006200)     _ECanbRegs

00006240     189 (00006240)     _ECanbLAMRegs

00006280     18a (00006280)     _ECanbMOTSRegs

000062c0     18b (000062c0)     _ECanbMOTORegs

00006300     18c (00006300)     _ECanbMboxes

00006800     1a0 (00006800)     _EPwm1Regs

00006840     1a1 (00006840)     _EPwm2Regs

00006880     1a2 (00006880)     _EPwm3Regs

000068c0     1a3 (000068c0)     _EPwm4Regs

00006900     1a4 (00006900)     _EPwm5Regs

00006940     1a5 (00006940)     _EPwm6Regs

00006a00     1a8 (00006a00)     _ECap1Regs
00006a20     1a8 (00006a00)     _ECap2Regs

00006a40     1a9 (00006a40)     _ECap3Regs
00006a60     1a9 (00006a40)     _ECap4Regs

00006a80     1aa (00006a80)     _ECap5Regs
00006aa0     1aa (00006a80)     _ECap6Regs

00006b00     1ac (00006b00)     _EQep1Regs

00006b40     1ad (00006b40)     _EQep2Regs

00006f80     1be (00006f80)     _GpioCtrlRegs

00006fc0     1bf (00006fc0)     _GpioDataRegs
00006fe0     1bf (00006fc0)     _GpioIntRegs

00007010     1c0 (00007000)     _SysCtrlRegs

00007040     1c1 (00007040)     _SpiaRegs
00007050     1c1 (00007040)     _SciaRegs
00007070     1c1 (00007040)     _XIntruptRegs

00007100     1c4 (00007100)     _AdcRegs

00007750     1dd (00007740)     _ScibRegs
00007770     1dd (00007740)     _ScicRegs

00007900     1e4 (00007900)     _I2caRegs

0000c000     300 (0000c000)     __stack

0000d000     340 (0000d000)     __ctypes_

0000d102     344 (0000d100)     _PieVectTableInit

0000d2d6     34b (0000d2c0)     _CpuTimer0
0000d2de     34b (0000d2c0)     _CpuTimer1
0000d2e6     34b (0000d2c0)     _CpuTimer2
0000d2ee     34b (0000d2c0)     _N_FFT
0000d2f0     34b (0000d2c0)     _WNP
0000d2f4     34b (0000d2c0)     _WNP_XJB
0000d2f8     34b (0000d2c0)     _adc_value

0000d300     34c (0000d300)     _output1

0000d600     358 (0000d600)     _output2

0000db10     36c (0000db00)     _timer0_flag
0000db11     36c (0000db00)     _text
0000db12     36c (0000db00)     _adc_cnt
0000db14     36c (0000db00)     _PI
0000db16     36c (0000db00)     _my_ang
0000db18     36c (0000db00)     ___TI_enable_exit_profile_output
0000db1a     36c (0000db00)     ___TI_cleanup_ptr
0000db1c     36c (0000db00)     ___TI_dtors_ptr
0000db1e     36c (0000db00)     __lock
0000db20     36c (0000db00)     __unlock
0000db22     36c (0000db00)     _errno
0000db23     36c (0000db00)     _sci_rx_data_len

0000db40     36d (0000db40)     _input_complex

0000dd40     375 (0000dd40)     _testSample6

0000de40     379 (0000de40)     _testSample7

0000df40     37d (0000df40)     _sci_b_buf

0033fff8    cfff (0033ffc0)     _CsmPwl


GLOBAL SYMBOLS: SORTED ALPHABETICALLY BY Name 

page  address   name                            
----  -------   ----                            
0     00009000  .text                           
0     0000b2bb  C$$EXIT                         
0     0000aae8  FD$$ADD                         
0     0000b267  FD$$CMP                         
0     0000ac17  FD$$DIV                         
0     0000ad2a  FD$$MPY                         
0     0000b4e9  FD$$NEG                         
0     0000b4c6  FD$$SUB                         
0     0000b37b  FD$$TOI                         
0     0000b3bc  FD$$TOL                         
0     0000aca2  FS$$DIV                         
0     0000b433  FS$$TOFD                        
0     0000b3f9  I$$TOFD                         
0     0000b291  L$$DIV                          
0     0000b2a0  L$$MOD                          
0     0000b44f  L$$TOFD                         
0     0000b46b  LL$$AND                         
0     0000b3db  LL$$CMP                         
0     0000a5cb  LL$$DIV                         
0     0000a607  LL$$MOD                         
0     0000b473  LL$$OR                          
0     0000b47b  LL$$XOR                         
0     0000b2ae  UL$$DIV                         
0     0000b2b5  UL$$MOD                         
0     0000b3ed  ULL$$CMP                        
0     0000a641  ULL$$DIV                        
0     0000a670  ULL$$MOD                        
0     0000a137  _ADCINT_ISR                     
0     00380080  _ADC_cal                        
1     00000b00  _AdcMirror                      
1     00007100  _AdcRegs                        
0     0000a45a  _B2FFT_CHEUNG                   
0     0000adee  _ConfigCpuTimer                 
1     0000d2d6  _CpuTimer0                      
1     00000c00  _CpuTimer0Regs                  
1     0000d2de  _CpuTimer1                      
1     00000c08  _CpuTimer1Regs                  
1     0000d2e6  _CpuTimer2                      
1     00000c10  _CpuTimer2Regs                  
1     0033fff8  _CsmPwl                         
1     00000ae0  _CsmRegs                        
0     0000a872  _CsmUnlock                      
0     0000a065  _DATALOG_ISR                    
0     0000a259  _DINTCH1_ISR                    
0     0000a263  _DINTCH2_ISR                    
0     0000a26d  _DINTCH3_ISR                    
0     0000a277  _DINTCH4_ISR                    
0     0000a281  _DINTCH5_ISR                    
0     0000a28b  _DINTCH6_ISR                    
0     00008044  _DSP28x_usDelay                 
1     00000880  _DevEmuRegs                     
0     0000a7df  _DisableDog                     
1     00001000  _DmaRegs                        
0     0000a2e5  _ECAN0INTA_ISR                  
0     0000a2f9  _ECAN0INTB_ISR                  
0     0000a2ef  _ECAN1INTA_ISR                  
0     0000a303  _ECAN1INTB_ISR                  
0     0000a1cd  _ECAP1_INT_ISR                  
0     0000a1d7  _ECAP2_INT_ISR                  
0     0000a1e1  _ECAP3_INT_ISR                  
0     0000a1eb  _ECAP4_INT_ISR                  
0     0000a1f5  _ECAP5_INT_ISR                  
0     0000a1ff  _ECAP6_INT_ISR                  
1     00006040  _ECanaLAMRegs                   
1     000060c0  _ECanaMOTORegs                  
1     00006080  _ECanaMOTSRegs                  
1     00006100  _ECanaMboxes                    
1     00006000  _ECanaRegs                      
1     00006240  _ECanbLAMRegs                   
1     000062c0  _ECanbMOTORegs                  
1     00006280  _ECanbMOTSRegs                  
1     00006300  _ECanbMboxes                    
1     00006200  _ECanbRegs                      
1     00006a00  _ECap1Regs                      
1     00006a20  _ECap2Regs                      
1     00006a40  _ECap3Regs                      
1     00006a60  _ECap4Regs                      
1     00006a80  _ECap5Regs                      
1     00006aa0  _ECap6Regs                      
0     0000a353  _EMPTY_ISR                      
0     0000a079  _EMUINT_ISR                     
0     0000a191  _EPWM1_INT_ISR                  
0     0000a155  _EPWM1_TZINT_ISR                
0     0000a19b  _EPWM2_INT_ISR                  
0     0000a15f  _EPWM2_TZINT_ISR                
0     0000a1a5  _EPWM3_INT_ISR                  
0     0000a169  _EPWM3_TZINT_ISR                
0     0000a1af  _EPWM4_INT_ISR                  
0     0000a173  _EPWM4_TZINT_ISR                
0     0000a1b9  _EPWM5_INT_ISR                  
0     0000a17d  _EPWM5_TZINT_ISR                
0     0000a1c3  _EPWM6_INT_ISR                  
0     0000a187  _EPWM6_TZINT_ISR                
1     00006800  _EPwm1Regs                      
1     00006840  _EPwm2Regs                      
1     00006880  _EPwm3Regs                      
1     000068c0  _EPwm4Regs                      
1     00006900  _EPwm5Regs                      
1     00006940  _EPwm6Regs                      
0     0000a209  _EQEP1_INT_ISR                  
0     0000a213  _EQEP2_INT_ISR                  
1     00006b00  _EQep1Regs                      
1     00006b40  _EQep2Regs                      
0     0000b303  _EnableInterrupts               
1     00000a80  _FlashRegs                      
1     00006f80  _GpioCtrlRegs                   
1     00006fc0  _GpioDataRegs                   
1     00006fe0  _GpioIntRegs                    
0     0000a295  _I2CINT1A_ISR                   
0     0000a29f  _I2CINT2A_ISR                   
1     00007900  _I2caRegs                       
0     0000a08d  _ILLEGAL_ISR                    
0     0000a051  _INT13_ISR                      
0     0000a05b  _INT14_ISR                      
0     0000adad  _InitCpuTimers                  
0     0000a837  _InitPeripheralClocks           
0     0000b2e4  _InitPieCtrl                    
0     0000b39c  _InitPieVectTable               
0     0000a7e7  _InitPll                        
0     0000b0e1  _InitSci                        
0     0000b0e2  _InitSciGpio                    
0     0000b0e7  _InitSciaGpio                   
0     0000b0fc  _InitScibGpio                   
0     0000b112  _InitScicGpio                   
0     0000a7cc  _InitSysCtrl                    
0     0000a6d2  _InitXintf                      
0     0000a772  _InitXintf16Gpio                
0     0000a72b  _InitXintf32Gpio                
0     0000a349  _LUF_ISR                        
0     0000a33f  _LVF_ISR                        
0     0000a245  _MRINTA_ISR                     
0     0000a231  _MRINTB_ISR                     
0     0000a374  _MUL_Complex                    
0     0000a24f  _MXINTA_ISR                     
0     0000a23b  _MXINTB_ISR                     
1     00005000  _McbspaRegs                     
1     00005040  _McbspbRegs                     
0     0000a3ab  _ModelComplex                   
0     0000a083  _NMI_ISR                        
1     0000d2ee  _N_FFT                          
1     0000db14  _PI                             
0     0000a360  _PIE_RESERVED                   
0     0000a418  _PhaseComplex                   
1     00000ce0  _PieCtrlRegs                    
1     00000d00  _PieVectTable                   
1     0000d102  _PieVectTableInit               
0     0000a06f  _RTOSINT_ISR                    
0     0000b128  _SCIB_IRQ_Handle                
0     0000a2bd  _SCIRXINTA_ISR                  
0     0000a2d1  _SCIRXINTB_ISR                  
0     0000a2a9  _SCIRXINTC_ISR                  
0     0000a2c7  _SCITXINTA_ISR                  
0     0000a2db  _SCITXINTB_ISR                  
0     0000a2b3  _SCITXINTC_ISR                  
0     0000a10f  _SEQ1INT_ISR                    
0     0000a119  _SEQ2INT_ISR                    
0     0000a21d  _SPIRXINTA_ISR                  
0     0000a227  _SPITXINTA_ISR                  
1     00007050  _SciaRegs                       
1     00007750  _ScibRegs                       
1     00007770  _ScicRegs                       
0     0000a7d5  _ServiceDog                     
1     00007040  _SpiaRegs                       
1     00007010  _SysCtrlRegs                    
0     0000b168  _TIM0_IRQ_Handle                
0     0000a141  _TINT0_ISR                      
0     0000a0f1  _USER10_ISR                     
0     0000a0fb  _USER11_ISR                     
0     0000a105  _USER12_ISR                     
0     0000a097  _USER1_ISR                      
0     0000a0a1  _USER2_ISR                      
0     0000a0ab  _USER3_ISR                      
0     0000a0b5  _USER4_ISR                      
0     0000a0bf  _USER5_ISR                      
0     0000a0c9  _USER6_ISR                      
0     0000a0d3  _USER7_ISR                      
0     0000a0dd  _USER8_ISR                      
0     0000a0e7  _USER9_ISR                      
0     0000a14b  _WAKEINT_ISR                    
1     0000d2f0  _WNP                            
1     0000d2f4  _WNP_XJB                        
0     0000a123  _XINT1_ISR                      
0     0000a12d  _XINT2_ISR                      
0     0000a30d  _XINT3_ISR                      
0     0000a317  _XINT4_ISR                      
0     0000a321  _XINT5_ISR                      
0     0000a32b  _XINT6_ISR                      
0     0000a335  _XINT7_ISR                      
1     00007070  _XIntruptRegs                   
1     00000b20  _XintfRegs                      
1     0000c400  __STACK_END                     
abs   00000400  __STACK_SIZE                    
1     0000db1a  ___TI_cleanup_ptr               
1     0000db1c  ___TI_dtors_ptr                 
1     0000db18  ___TI_enable_exit_profile_output
0     0000b207  ___TI_ltoa                      
abs   ffffffff  ___TI_pprof_out_hndl            
0     00009b40  ___TI_printfi                   
abs   ffffffff  ___TI_prof_data_size            
abs   ffffffff  ___TI_prof_data_start           
abs   ffffffff  ___binit__                      
abs   ffffffff  ___c_args__                     
0     00008000  ___cinit__                      
0     0000b51a  ___etext__                      
abs   ffffffff  ___pinit__                      
0     00009000  ___text__                       
0     0000b483  __args_main                     
1     0000d000  __ctypes_                       
1     0000db1e  __lock                          
0     0000b4e8  __nop                           
0     0000b4e4  __register_lock                 
0     0000b4e0  __register_unlock               
1     0000c000  __stack                         
0     0000b519  __system_post_cinit             
0     0000b517  __system_pre_init               
1     0000db20  __unlock                        
0     0000b2bb  _abort                          
0     0000ae9f  _ad7606_init                    
0     0000aeeb  _ad7606_sample                  
1     0000db12  _adc_cnt                        
1     0000d2f8  _adc_value                      
0     0000a975  _atan                           
0     0000a8a3  _atan2                          
0     0000a8a3  _atan2f                         
0     0000a975  _atanf                          
0     0000b1d6  _atoi                           
0     0000b4a6  _beep_init                      
0     0000b08b  _c_int00                        
0     0000b333  _copy_in                        
0     0000b495  _copysign                       
0     0000b495  _copysignf                      
0     0000b357  _copysignl                      
0     0000af76  _cos                            
0     0000af76  _cosf                           
1     0000db22  _errno                          
0     0000b2bd  _exit                           
0     0000afd9  _frexpl                         
1     0000db40  _input_complex                  
0     0000b033  _ldexp                          
0     0000b033  _ldexpf                         
0     0000aa3f  _ldexpl                         
0     0000ae28  _main                           
0     0000b4b6  _memccpy                        
0     0000b416  _memcpy                         
0     0000b50b  _memset                         
1     0000db16  _my_ang                         
1     0000d300  _output1                        
1     0000d600  _output2                        
0     00009cc5  _pow                            
0     00009cc5  _powf                           
0     0000a36a  _rsvd_ISR                       
0     0000a571  _run_fft                        
0     0000b033  _scalbn                         
0     0000b033  _scalbnf                        
0     0000aa3f  _scalbnl                        
1     0000df40  _sci_b_buf                      
0     0000aba6  _sci_b_init                     
1     0000db23  _sci_rx_data_len                
0     0000abf1  _sci_send_byte                  
0     0000ac02  _sci_send_msg                   
0     0000af10  _sin                            
0     0000af10  _sinf                           
0     0000b30c  _sqrt                           
0     0000b30c  _sqrtf                          
0     0000b4d4  _strchr                         
0     0000b512  _strcpy                         
0     0000b503  _strlen                         
1     0000dd40  _testSample6                    
1     0000de40  _testSample7                    
1     0000db11  _text                           
1     0000db10  _timer0_flag                    
0     0000b1a0  _timer0_init                    
0     0000ab84  _uart_printf                    
0     0000b237  _vsprintf                       
0     0000b4f2  _wcslen                         
abs   ffffffff  binit                           
0     00008000  cinit                           
0     00000000  code_start                      
0     0000b51a  etext                           
abs   ffffffff  pinit                           


GLOBAL SYMBOLS: SORTED BY Symbol Address 

page  address   name                            
----  -------   ----                            
0     00000000  code_start                      
0     00008000  ___cinit__                      
0     00008000  cinit                           
0     00008044  _DSP28x_usDelay                 
0     00009000  .text                           
0     00009000  ___text__                       
0     00009b40  ___TI_printfi                   
0     00009cc5  _pow                            
0     00009cc5  _powf                           
0     0000a051  _INT13_ISR                      
0     0000a05b  _INT14_ISR                      
0     0000a065  _DATALOG_ISR                    
0     0000a06f  _RTOSINT_ISR                    
0     0000a079  _EMUINT_ISR                     
0     0000a083  _NMI_ISR                        
0     0000a08d  _ILLEGAL_ISR                    
0     0000a097  _USER1_ISR                      
0     0000a0a1  _USER2_ISR                      
0     0000a0ab  _USER3_ISR                      
0     0000a0b5  _USER4_ISR                      
0     0000a0bf  _USER5_ISR                      
0     0000a0c9  _USER6_ISR                      
0     0000a0d3  _USER7_ISR                      
0     0000a0dd  _USER8_ISR                      
0     0000a0e7  _USER9_ISR                      
0     0000a0f1  _USER10_ISR                     
0     0000a0fb  _USER11_ISR                     
0     0000a105  _USER12_ISR                     
0     0000a10f  _SEQ1INT_ISR                    
0     0000a119  _SEQ2INT_ISR                    
0     0000a123  _XINT1_ISR                      
0     0000a12d  _XINT2_ISR                      
0     0000a137  _ADCINT_ISR                     
0     0000a141  _TINT0_ISR                      
0     0000a14b  _WAKEINT_ISR                    
0     0000a155  _EPWM1_TZINT_ISR                
0     0000a15f  _EPWM2_TZINT_ISR                
0     0000a169  _EPWM3_TZINT_ISR                
0     0000a173  _EPWM4_TZINT_ISR                
0     0000a17d  _EPWM5_TZINT_ISR                
0     0000a187  _EPWM6_TZINT_ISR                
0     0000a191  _EPWM1_INT_ISR                  
0     0000a19b  _EPWM2_INT_ISR                  
0     0000a1a5  _EPWM3_INT_ISR                  
0     0000a1af  _EPWM4_INT_ISR                  
0     0000a1b9  _EPWM5_INT_ISR                  
0     0000a1c3  _EPWM6_INT_ISR                  
0     0000a1cd  _ECAP1_INT_ISR                  
0     0000a1d7  _ECAP2_INT_ISR                  
0     0000a1e1  _ECAP3_INT_ISR                  
0     0000a1eb  _ECAP4_INT_ISR                  
0     0000a1f5  _ECAP5_INT_ISR                  
0     0000a1ff  _ECAP6_INT_ISR                  
0     0000a209  _EQEP1_INT_ISR                  
0     0000a213  _EQEP2_INT_ISR                  
0     0000a21d  _SPIRXINTA_ISR                  
0     0000a227  _SPITXINTA_ISR                  
0     0000a231  _MRINTB_ISR                     
0     0000a23b  _MXINTB_ISR                     
0     0000a245  _MRINTA_ISR                     
0     0000a24f  _MXINTA_ISR                     
0     0000a259  _DINTCH1_ISR                    
0     0000a263  _DINTCH2_ISR                    
0     0000a26d  _DINTCH3_ISR                    
0     0000a277  _DINTCH4_ISR                    
0     0000a281  _DINTCH5_ISR                    
0     0000a28b  _DINTCH6_ISR                    
0     0000a295  _I2CINT1A_ISR                   
0     0000a29f  _I2CINT2A_ISR                   
0     0000a2a9  _SCIRXINTC_ISR                  
0     0000a2b3  _SCITXINTC_ISR                  
0     0000a2bd  _SCIRXINTA_ISR                  
0     0000a2c7  _SCITXINTA_ISR                  
0     0000a2d1  _SCIRXINTB_ISR                  
0     0000a2db  _SCITXINTB_ISR                  
0     0000a2e5  _ECAN0INTA_ISR                  
0     0000a2ef  _ECAN1INTA_ISR                  
0     0000a2f9  _ECAN0INTB_ISR                  
0     0000a303  _ECAN1INTB_ISR                  
0     0000a30d  _XINT3_ISR                      
0     0000a317  _XINT4_ISR                      
0     0000a321  _XINT5_ISR                      
0     0000a32b  _XINT6_ISR                      
0     0000a335  _XINT7_ISR                      
0     0000a33f  _LVF_ISR                        
0     0000a349  _LUF_ISR                        
0     0000a353  _EMPTY_ISR                      
0     0000a360  _PIE_RESERVED                   
0     0000a36a  _rsvd_ISR                       
0     0000a374  _MUL_Complex                    
0     0000a3ab  _ModelComplex                   
0     0000a418  _PhaseComplex                   
0     0000a45a  _B2FFT_CHEUNG                   
0     0000a571  _run_fft                        
0     0000a5cb  LL$$DIV                         
0     0000a607  LL$$MOD                         
0     0000a641  ULL$$DIV                        
0     0000a670  ULL$$MOD                        
0     0000a6d2  _InitXintf                      
0     0000a72b  _InitXintf32Gpio                
0     0000a772  _InitXintf16Gpio                
0     0000a7cc  _InitSysCtrl                    
0     0000a7d5  _ServiceDog                     
0     0000a7df  _DisableDog                     
0     0000a7e7  _InitPll                        
0     0000a837  _InitPeripheralClocks           
0     0000a872  _CsmUnlock                      
0     0000a8a3  _atan2                          
0     0000a8a3  _atan2f                         
0     0000a975  _atan                           
0     0000a975  _atanf                          
0     0000aa3f  _ldexpl                         
0     0000aa3f  _scalbnl                        
0     0000aae8  FD$$ADD                         
0     0000ab84  _uart_printf                    
0     0000aba6  _sci_b_init                     
0     0000abf1  _sci_send_byte                  
0     0000ac02  _sci_send_msg                   
0     0000ac17  FD$$DIV                         
0     0000aca2  FS$$DIV                         
0     0000ad2a  FD$$MPY                         
0     0000adad  _InitCpuTimers                  
0     0000adee  _ConfigCpuTimer                 
0     0000ae28  _main                           
0     0000ae9f  _ad7606_init                    
0     0000aeeb  _ad7606_sample                  
0     0000af10  _sin                            
0     0000af10  _sinf                           
0     0000af76  _cos                            
0     0000af76  _cosf                           
0     0000afd9  _frexpl                         
0     0000b033  _ldexp                          
0     0000b033  _ldexpf                         
0     0000b033  _scalbn                         
0     0000b033  _scalbnf                        
0     0000b08b  _c_int00                        
0     0000b0e1  _InitSci                        
0     0000b0e2  _InitSciGpio                    
0     0000b0e7  _InitSciaGpio                   
0     0000b0fc  _InitScibGpio                   
0     0000b112  _InitScicGpio                   
0     0000b128  _SCIB_IRQ_Handle                
0     0000b168  _TIM0_IRQ_Handle                
0     0000b1a0  _timer0_init                    
0     0000b1d6  _atoi                           
0     0000b207  ___TI_ltoa                      
0     0000b237  _vsprintf                       
0     0000b267  FD$$CMP                         
0     0000b291  L$$DIV                          
0     0000b2a0  L$$MOD                          
0     0000b2ae  UL$$DIV                         
0     0000b2b5  UL$$MOD                         
0     0000b2bb  C$$EXIT                         
0     0000b2bb  _abort                          
0     0000b2bd  _exit                           
0     0000b2e4  _InitPieCtrl                    
0     0000b303  _EnableInterrupts               
0     0000b30c  _sqrt                           
0     0000b30c  _sqrtf                          
0     0000b333  _copy_in                        
0     0000b357  _copysignl                      
0     0000b37b  FD$$TOI                         
0     0000b39c  _InitPieVectTable               
0     0000b3bc  FD$$TOL                         
0     0000b3db  LL$$CMP                         
0     0000b3ed  ULL$$CMP                        
0     0000b3f9  I$$TOFD                         
0     0000b416  _memcpy                         
0     0000b433  FS$$TOFD                        
0     0000b44f  L$$TOFD                         
0     0000b46b  LL$$AND                         
0     0000b473  LL$$OR                          
0     0000b47b  LL$$XOR                         
0     0000b483  __args_main                     
0     0000b495  _copysign                       
0     0000b495  _copysignf                      
0     0000b4a6  _beep_init                      
0     0000b4b6  _memccpy                        
0     0000b4c6  FD$$SUB                         
0     0000b4d4  _strchr                         
0     0000b4e0  __register_unlock               
0     0000b4e4  __register_lock                 
0     0000b4e8  __nop                           
0     0000b4e9  FD$$NEG                         
0     0000b4f2  _wcslen                         
0     0000b503  _strlen                         
0     0000b50b  _memset                         
0     0000b512  _strcpy                         
0     0000b517  __system_pre_init               
0     0000b519  __system_post_cinit             
0     0000b51a  ___etext__                      
0     0000b51a  etext                           
0     00380080  _ADC_cal                        
1     00000880  _DevEmuRegs                     
1     00000a80  _FlashRegs                      
1     00000ae0  _CsmRegs                        
1     00000b00  _AdcMirror                      
1     00000b20  _XintfRegs                      
1     00000c00  _CpuTimer0Regs                  
1     00000c08  _CpuTimer1Regs                  
1     00000c10  _CpuTimer2Regs                  
1     00000ce0  _PieCtrlRegs                    
1     00000d00  _PieVectTable                   
1     00001000  _DmaRegs                        
1     00005000  _McbspaRegs                     
1     00005040  _McbspbRegs                     
1     00006000  _ECanaRegs                      
1     00006040  _ECanaLAMRegs                   
1     00006080  _ECanaMOTSRegs                  
1     000060c0  _ECanaMOTORegs                  
1     00006100  _ECanaMboxes                    
1     00006200  _ECanbRegs                      
1     00006240  _ECanbLAMRegs                   
1     00006280  _ECanbMOTSRegs                  
1     000062c0  _ECanbMOTORegs                  
1     00006300  _ECanbMboxes                    
1     00006800  _EPwm1Regs                      
1     00006840  _EPwm2Regs                      
1     00006880  _EPwm3Regs                      
1     000068c0  _EPwm4Regs                      
1     00006900  _EPwm5Regs                      
1     00006940  _EPwm6Regs                      
1     00006a00  _ECap1Regs                      
1     00006a20  _ECap2Regs                      
1     00006a40  _ECap3Regs                      
1     00006a60  _ECap4Regs                      
1     00006a80  _ECap5Regs                      
1     00006aa0  _ECap6Regs                      
1     00006b00  _EQep1Regs                      
1     00006b40  _EQep2Regs                      
1     00006f80  _GpioCtrlRegs                   
1     00006fc0  _GpioDataRegs                   
1     00006fe0  _GpioIntRegs                    
1     00007010  _SysCtrlRegs                    
1     00007040  _SpiaRegs                       
1     00007050  _SciaRegs                       
1     00007070  _XIntruptRegs                   
1     00007100  _AdcRegs                        
1     00007750  _ScibRegs                       
1     00007770  _ScicRegs                       
1     00007900  _I2caRegs                       
1     0000c000  __stack                         
1     0000c400  __STACK_END                     
1     0000d000  __ctypes_                       
1     0000d102  _PieVectTableInit               
1     0000d2d6  _CpuTimer0                      
1     0000d2de  _CpuTimer1                      
1     0000d2e6  _CpuTimer2                      
1     0000d2ee  _N_FFT                          
1     0000d2f0  _WNP                            
1     0000d2f4  _WNP_XJB                        
1     0000d2f8  _adc_value                      
1     0000d300  _output1                        
1     0000d600  _output2                        
1     0000db10  _timer0_flag                    
1     0000db11  _text                           
1     0000db12  _adc_cnt                        
1     0000db14  _PI                             
1     0000db16  _my_ang                         
1     0000db18  ___TI_enable_exit_profile_output
1     0000db1a  ___TI_cleanup_ptr               
1     0000db1c  ___TI_dtors_ptr                 
1     0000db1e  __lock                          
1     0000db20  __unlock                        
1     0000db22  _errno                          
1     0000db23  _sci_rx_data_len                
1     0000db40  _input_complex                  
1     0000dd40  _testSample6                    
1     0000de40  _testSample7                    
1     0000df40  _sci_b_buf                      
1     0033fff8  _CsmPwl                         
abs   00000400  __STACK_SIZE                    
abs   ffffffff  ___TI_pprof_out_hndl            
abs   ffffffff  ___TI_prof_data_size            
abs   ffffffff  ___TI_prof_data_start           
abs   ffffffff  ___binit__                      
abs   ffffffff  ___c_args__                     
abs   ffffffff  ___pinit__                      
abs   ffffffff  binit                           
abs   ffffffff  pinit                           

[280 symbols]
