<?xml version="1.0" encoding="ISO-8859-1" ?>
<link_info>
   <banner>TMS320C2000 Linker PC v22.6.0.LTS</banner>
   <copyright>Copyright (c) 1996-2018 Texas Instruments Incorporated</copyright>
   <link_time>0x6412d71d</link_time>
   <link_errors>0x0</link_errors>
   <output_file>EisTemplate.out</output_file>
   <entry_point>
      <name>_c_int00</name>
      <address>0xaefe</address>
   </entry_point>
   <input_file_list>
      <input_file id="fl-2">
         <path>.\App\ad7606\</path>
         <kind>object</kind>
         <file>ad7606.obj</file>
         <name>ad7606.obj</name>
      </input_file>
      <input_file id="fl-3">
         <path>.\App\beep\</path>
         <kind>object</kind>
         <file>beep.obj</file>
         <name>beep.obj</name>
      </input_file>
      <input_file id="fl-4">
         <path>.\App\da5620\</path>
         <kind>object</kind>
         <file>da5620.obj</file>
         <name>da5620.obj</name>
      </input_file>
      <input_file id="fl-5">
         <path>.\App\fft\</path>
         <kind>object</kind>
         <file>fft.obj</file>
         <name>fft.obj</name>
      </input_file>
      <input_file id="fl-6">
         <path>.\App\sci-x\</path>
         <kind>object</kind>
         <file>sci.obj</file>
         <name>sci.obj</name>
      </input_file>
      <input_file id="fl-7">
         <path>.\App\timer\</path>
         <kind>object</kind>
         <file>timer.obj</file>
         <name>timer.obj</name>
      </input_file>
      <input_file id="fl-8">
         <path>.\Dsp2833x_Lib\src\</path>
         <kind>object</kind>
         <file>DSP2833x_ADC_cal.obj</file>
         <name>DSP2833x_ADC_cal.obj</name>
      </input_file>
      <input_file id="fl-9">
         <path>.\Dsp2833x_Lib\src\</path>
         <kind>object</kind>
         <file>DSP2833x_CodeStartBranch.obj</file>
         <name>DSP2833x_CodeStartBranch.obj</name>
      </input_file>
      <input_file id="fl-a">
         <path>.\Dsp2833x_Lib\src\</path>
         <kind>object</kind>
         <file>DSP2833x_CpuTimers.obj</file>
         <name>DSP2833x_CpuTimers.obj</name>
      </input_file>
      <input_file id="fl-b">
         <path>.\Dsp2833x_Lib\src\</path>
         <kind>object</kind>
         <file>DSP2833x_DMA.obj</file>
         <name>DSP2833x_DMA.obj</name>
      </input_file>
      <input_file id="fl-c">
         <path>.\Dsp2833x_Lib\src\</path>
         <kind>object</kind>
         <file>DSP2833x_DefaultIsr.obj</file>
         <name>DSP2833x_DefaultIsr.obj</name>
      </input_file>
      <input_file id="fl-d">
         <path>.\Dsp2833x_Lib\src\</path>
         <kind>object</kind>
         <file>DSP2833x_GlobalVariableDefs.obj</file>
         <name>DSP2833x_GlobalVariableDefs.obj</name>
      </input_file>
      <input_file id="fl-e">
         <path>.\Dsp2833x_Lib\src\</path>
         <kind>object</kind>
         <file>DSP2833x_Gpio.obj</file>
         <name>DSP2833x_Gpio.obj</name>
      </input_file>
      <input_file id="fl-f">
         <path>.\Dsp2833x_Lib\src\</path>
         <kind>object</kind>
         <file>DSP2833x_MemCopy.obj</file>
         <name>DSP2833x_MemCopy.obj</name>
      </input_file>
      <input_file id="fl-10">
         <path>.\Dsp2833x_Lib\src\</path>
         <kind>object</kind>
         <file>DSP2833x_PieCtrl.obj</file>
         <name>DSP2833x_PieCtrl.obj</name>
      </input_file>
      <input_file id="fl-11">
         <path>.\Dsp2833x_Lib\src\</path>
         <kind>object</kind>
         <file>DSP2833x_PieVect.obj</file>
         <name>DSP2833x_PieVect.obj</name>
      </input_file>
      <input_file id="fl-12">
         <path>.\Dsp2833x_Lib\src\</path>
         <kind>object</kind>
         <file>DSP2833x_Sci.obj</file>
         <name>DSP2833x_Sci.obj</name>
      </input_file>
      <input_file id="fl-13">
         <path>.\Dsp2833x_Lib\src\</path>
         <kind>object</kind>
         <file>DSP2833x_Spi.obj</file>
         <name>DSP2833x_Spi.obj</name>
      </input_file>
      <input_file id="fl-14">
         <path>.\Dsp2833x_Lib\src\</path>
         <kind>object</kind>
         <file>DSP2833x_SysCtrl.obj</file>
         <name>DSP2833x_SysCtrl.obj</name>
      </input_file>
      <input_file id="fl-15">
         <path>.\Dsp2833x_Lib\src\</path>
         <kind>object</kind>
         <file>DSP2833x_Xintf.obj</file>
         <name>DSP2833x_Xintf.obj</name>
      </input_file>
      <input_file id="fl-16">
         <path>.\Dsp2833x_Lib\src\</path>
         <kind>object</kind>
         <file>DSP2833x_usDelay.obj</file>
         <name>DSP2833x_usDelay.obj</name>
      </input_file>
      <input_file id="fl-17">
         <path>.\User\</path>
         <kind>object</kind>
         <file>main.obj</file>
         <name>main.obj</name>
      </input_file>
      <input_file id="fl-1e">
         <kind>object</kind>
         <file>&lt;internal&gt;</file>
         <name>&lt;internal&gt;</name>
      </input_file>
      <input_file id="fl-2a">
         <path>E:\ti\ccs1220\ccs\tools\compiler\ti-cgt-c2000_22.6.0.LTS\lib\</path>
         <kind>archive</kind>
         <file>rts2800_fpu32.lib</file>
         <name>e_powf.c.obj</name>
      </input_file>
      <input_file id="fl-2b">
         <path>E:\ti\ccs1220\ccs\tools\compiler\ti-cgt-c2000_22.6.0.LTS\lib\</path>
         <kind>archive</kind>
         <file>rts2800_fpu32.lib</file>
         <name>e_sqrtf.c.obj</name>
      </input_file>
      <input_file id="fl-2c">
         <path>E:\ti\ccs1220\ccs\tools\compiler\ti-cgt-c2000_22.6.0.LTS\lib\</path>
         <kind>archive</kind>
         <file>rts2800_fpu32.lib</file>
         <name>s_atanf.c.obj</name>
      </input_file>
      <input_file id="fl-2d">
         <path>E:\ti\ccs1220\ccs\tools\compiler\ti-cgt-c2000_22.6.0.LTS\lib\</path>
         <kind>archive</kind>
         <file>rts2800_fpu32.lib</file>
         <name>s_cosf.c.obj</name>
      </input_file>
      <input_file id="fl-2e">
         <path>E:\ti\ccs1220\ccs\tools\compiler\ti-cgt-c2000_22.6.0.LTS\lib\</path>
         <kind>archive</kind>
         <file>rts2800_fpu32.lib</file>
         <name>s_scalbnf.c.obj</name>
      </input_file>
      <input_file id="fl-2f">
         <path>E:\ti\ccs1220\ccs\tools\compiler\ti-cgt-c2000_22.6.0.LTS\lib\</path>
         <kind>archive</kind>
         <file>rts2800_fpu32.lib</file>
         <name>s_sinf.c.obj</name>
      </input_file>
      <input_file id="fl-30">
         <path>E:\ti\ccs1220\ccs\tools\compiler\ti-cgt-c2000_22.6.0.LTS\lib\</path>
         <kind>archive</kind>
         <file>rts2800_fpu32.lib</file>
         <name>vsprintf.c.obj</name>
      </input_file>
      <input_file id="fl-31">
         <path>E:\ti\ccs1220\ccs\tools\compiler\ti-cgt-c2000_22.6.0.LTS\lib\</path>
         <kind>archive</kind>
         <file>rts2800_fpu32.lib</file>
         <name>boot28.asm.obj</name>
      </input_file>
      <input_file id="fl-32">
         <path>E:\ti\ccs1220\ccs\tools\compiler\ti-cgt-c2000_22.6.0.LTS\lib\</path>
         <kind>archive</kind>
         <file>rts2800_fpu32.lib</file>
         <name>fs_div28.asm.obj</name>
      </input_file>
      <input_file id="fl-33">
         <path>E:\ti\ccs1220\ccs\tools\compiler\ti-cgt-c2000_22.6.0.LTS\lib\</path>
         <kind>archive</kind>
         <file>rts2800_fpu32.lib</file>
         <name>cpy_tbl.c.obj</name>
      </input_file>
      <input_file id="fl-34">
         <path>E:\ti\ccs1220\ccs\tools\compiler\ti-cgt-c2000_22.6.0.LTS\lib\</path>
         <kind>archive</kind>
         <file>rts2800_fpu32.lib</file>
         <name>memcpy.c.obj</name>
      </input_file>
      <input_file id="fl-35">
         <path>E:\ti\ccs1220\ccs\tools\compiler\ti-cgt-c2000_22.6.0.LTS\lib\</path>
         <kind>archive</kind>
         <file>rts2800_fpu32.lib</file>
         <name>pre_init.c.obj</name>
      </input_file>
      <input_file id="fl-36">
         <path>E:\ti\ccs1220\ccs\tools\compiler\ti-cgt-c2000_22.6.0.LTS\lib\</path>
         <kind>archive</kind>
         <file>rts2800_fpu32.lib</file>
         <name>startup.c.obj</name>
      </input_file>
      <input_file id="fl-37">
         <path>E:\ti\ccs1220\ccs\tools\compiler\ti-cgt-c2000_22.6.0.LTS\lib\</path>
         <kind>archive</kind>
         <file>rts2800_fpu32.lib</file>
         <name>exit.c.obj</name>
      </input_file>
      <input_file id="fl-38">
         <path>E:\ti\ccs1220\ccs\tools\compiler\ti-cgt-c2000_22.6.0.LTS\lib\</path>
         <kind>archive</kind>
         <file>rts2800_fpu32.lib</file>
         <name>_lock.c.obj</name>
      </input_file>
      <input_file id="fl-39">
         <path>E:\ti\ccs1220\ccs\tools\compiler\ti-cgt-c2000_22.6.0.LTS\lib\</path>
         <kind>archive</kind>
         <file>rts2800_fpu32.lib</file>
         <name>args_main.c.obj</name>
      </input_file>
      <input_file id="fl-3a">
         <path>E:\ti\ccs1220\ccs\tools\compiler\ti-cgt-c2000_22.6.0.LTS\lib\</path>
         <kind>archive</kind>
         <file>rts2800_fpu32.lib</file>
         <name>errno.c.obj</name>
      </input_file>
      <input_file id="fl-3b">
         <path>E:\ti\ccs1220\ccs\tools\compiler\ti-cgt-c2000_22.6.0.LTS\lib\</path>
         <kind>archive</kind>
         <file>rts2800_fpu32.lib</file>
         <name>s_copysignf.c.obj</name>
      </input_file>
      <input_file id="fl-3c">
         <path>E:\ti\ccs1220\ccs\tools\compiler\ti-cgt-c2000_22.6.0.LTS\lib\</path>
         <kind>archive</kind>
         <file>rts2800_fpu32.lib</file>
         <name>_printfi.c.obj</name>
      </input_file>
      <input_file id="fl-3d">
         <path>E:\ti\ccs1220\ccs\tools\compiler\ti-cgt-c2000_22.6.0.LTS\lib\</path>
         <kind>archive</kind>
         <file>rts2800_fpu32.lib</file>
         <name>fd_cmp28.asm.obj</name>
      </input_file>
      <input_file id="fl-3e">
         <path>E:\ti\ccs1220\ccs\tools\compiler\ti-cgt-c2000_22.6.0.LTS\lib\</path>
         <kind>archive</kind>
         <file>rts2800_fpu32.lib</file>
         <name>fd_mpy28.asm.obj</name>
      </input_file>
      <input_file id="fl-3f">
         <path>E:\ti\ccs1220\ccs\tools\compiler\ti-cgt-c2000_22.6.0.LTS\lib\</path>
         <kind>archive</kind>
         <file>rts2800_fpu32.lib</file>
         <name>fd_neg28.asm.obj</name>
      </input_file>
      <input_file id="fl-40">
         <path>E:\ti\ccs1220\ccs\tools\compiler\ti-cgt-c2000_22.6.0.LTS\lib\</path>
         <kind>archive</kind>
         <file>rts2800_fpu32.lib</file>
         <name>fd_sub28.asm.obj</name>
      </input_file>
      <input_file id="fl-41">
         <path>E:\ti\ccs1220\ccs\tools\compiler\ti-cgt-c2000_22.6.0.LTS\lib\</path>
         <kind>archive</kind>
         <file>rts2800_fpu32.lib</file>
         <name>fd_toi28.asm.obj</name>
      </input_file>
      <input_file id="fl-42">
         <path>E:\ti\ccs1220\ccs\tools\compiler\ti-cgt-c2000_22.6.0.LTS\lib\</path>
         <kind>archive</kind>
         <file>rts2800_fpu32.lib</file>
         <name>fd_tol28.asm.obj</name>
      </input_file>
      <input_file id="fl-43">
         <path>E:\ti\ccs1220\ccs\tools\compiler\ti-cgt-c2000_22.6.0.LTS\lib\</path>
         <kind>archive</kind>
         <file>rts2800_fpu32.lib</file>
         <name>ll_aox28.asm.obj</name>
      </input_file>
      <input_file id="fl-44">
         <path>E:\ti\ccs1220\ccs\tools\compiler\ti-cgt-c2000_22.6.0.LTS\lib\</path>
         <kind>archive</kind>
         <file>rts2800_fpu32.lib</file>
         <name>ll_cmp28.asm.obj</name>
      </input_file>
      <input_file id="fl-45">
         <path>E:\ti\ccs1220\ccs\tools\compiler\ti-cgt-c2000_22.6.0.LTS\lib\</path>
         <kind>archive</kind>
         <file>rts2800_fpu32.lib</file>
         <name>ll_div28.asm.obj</name>
      </input_file>
      <input_file id="fl-46">
         <path>E:\ti\ccs1220\ccs\tools\compiler\ti-cgt-c2000_22.6.0.LTS\lib\</path>
         <kind>archive</kind>
         <file>rts2800_fpu32.lib</file>
         <name>i_tofd28.asm.obj</name>
      </input_file>
      <input_file id="fl-47">
         <path>E:\ti\ccs1220\ccs\tools\compiler\ti-cgt-c2000_22.6.0.LTS\lib\</path>
         <kind>archive</kind>
         <file>rts2800_fpu32.lib</file>
         <name>l_tofd28.asm.obj</name>
      </input_file>
      <input_file id="fl-48">
         <path>E:\ti\ccs1220\ccs\tools\compiler\ti-cgt-c2000_22.6.0.LTS\lib\</path>
         <kind>archive</kind>
         <file>rts2800_fpu32.lib</file>
         <name>fs_tofdfpu32.asm.obj</name>
      </input_file>
      <input_file id="fl-49">
         <path>E:\ti\ccs1220\ccs\tools\compiler\ti-cgt-c2000_22.6.0.LTS\lib\</path>
         <kind>archive</kind>
         <file>rts2800_fpu32.lib</file>
         <name>fd_div28.asm.obj</name>
      </input_file>
      <input_file id="fl-4a">
         <path>E:\ti\ccs1220\ccs\tools\compiler\ti-cgt-c2000_22.6.0.LTS\lib\</path>
         <kind>archive</kind>
         <file>rts2800_fpu32.lib</file>
         <name>_ltoa.c.obj</name>
      </input_file>
      <input_file id="fl-4b">
         <path>E:\ti\ccs1220\ccs\tools\compiler\ti-cgt-c2000_22.6.0.LTS\lib\</path>
         <kind>archive</kind>
         <file>rts2800_fpu32.lib</file>
         <name>atoi.c.obj</name>
      </input_file>
      <input_file id="fl-4c">
         <path>E:\ti\ccs1220\ccs\tools\compiler\ti-cgt-c2000_22.6.0.LTS\lib\</path>
         <kind>archive</kind>
         <file>rts2800_fpu32.lib</file>
         <name>ctype.c.obj</name>
      </input_file>
      <input_file id="fl-4d">
         <path>E:\ti\ccs1220\ccs\tools\compiler\ti-cgt-c2000_22.6.0.LTS\lib\</path>
         <kind>archive</kind>
         <file>rts2800_fpu32.lib</file>
         <name>memccpy.c.obj</name>
      </input_file>
      <input_file id="fl-4e">
         <path>E:\ti\ccs1220\ccs\tools\compiler\ti-cgt-c2000_22.6.0.LTS\lib\</path>
         <kind>archive</kind>
         <file>rts2800_fpu32.lib</file>
         <name>memset.c.obj</name>
      </input_file>
      <input_file id="fl-4f">
         <path>E:\ti\ccs1220\ccs\tools\compiler\ti-cgt-c2000_22.6.0.LTS\lib\</path>
         <kind>archive</kind>
         <file>rts2800_fpu32.lib</file>
         <name>strchr.c.obj</name>
      </input_file>
      <input_file id="fl-50">
         <path>E:\ti\ccs1220\ccs\tools\compiler\ti-cgt-c2000_22.6.0.LTS\lib\</path>
         <kind>archive</kind>
         <file>rts2800_fpu32.lib</file>
         <name>strcpy.c.obj</name>
      </input_file>
      <input_file id="fl-51">
         <path>E:\ti\ccs1220\ccs\tools\compiler\ti-cgt-c2000_22.6.0.LTS\lib\</path>
         <kind>archive</kind>
         <file>rts2800_fpu32.lib</file>
         <name>strlen.c.obj</name>
      </input_file>
      <input_file id="fl-52">
         <path>E:\ti\ccs1220\ccs\tools\compiler\ti-cgt-c2000_22.6.0.LTS\lib\</path>
         <kind>archive</kind>
         <file>rts2800_fpu32.lib</file>
         <name>s_frexp.c.obj</name>
      </input_file>
      <input_file id="fl-53">
         <path>E:\ti\ccs1220\ccs\tools\compiler\ti-cgt-c2000_22.6.0.LTS\lib\</path>
         <kind>archive</kind>
         <file>rts2800_fpu32.lib</file>
         <name>s_scalbn.c.obj</name>
      </input_file>
      <input_file id="fl-54">
         <path>E:\ti\ccs1220\ccs\tools\compiler\ti-cgt-c2000_22.6.0.LTS\lib\</path>
         <kind>archive</kind>
         <file>rts2800_fpu32.lib</file>
         <name>s_copysign.c.obj</name>
      </input_file>
      <input_file id="fl-55">
         <path>E:\ti\ccs1220\ccs\tools\compiler\ti-cgt-c2000_22.6.0.LTS\lib\</path>
         <kind>archive</kind>
         <file>rts2800_fpu32.lib</file>
         <name>wcslen.c.obj</name>
      </input_file>
      <input_file id="fl-56">
         <path>E:\ti\ccs1220\ccs\tools\compiler\ti-cgt-c2000_22.6.0.LTS\lib\</path>
         <kind>archive</kind>
         <file>rts2800_fpu32.lib</file>
         <name>fd_add28.asm.obj</name>
      </input_file>
      <input_file id="fl-57">
         <path>E:\ti\ccs1220\ccs\tools\compiler\ti-cgt-c2000_22.6.0.LTS\lib\</path>
         <kind>archive</kind>
         <file>rts2800_fpu32.lib</file>
         <name>l_div28.asm.obj</name>
      </input_file>
   </input_file_list>
   <object_component_list>
      <object_component id="oc-76">
         <name>codestart</name>
         <load_address>0x0</load_address>
         <run_address>0x0</run_address>
         <size>0x2</size>
         <input_file_ref idref="fl-9"/>
      </object_component>
      <object_component id="oc-e7">
         <name>ramfuncs</name>
         <load_address>0x803f</load_address>
         <run_address>0x803f</run_address>
         <size>0x4</size>
         <input_file_ref idref="fl-16"/>
      </object_component>
      <object_component id="oc-211">
         <name>.text</name>
         <load_address>0x9000</load_address>
         <run_address>0x9000</run_address>
         <size>0x6d0</size>
         <input_file_ref idref="fl-3c"/>
      </object_component>
      <object_component id="oc-205">
         <name>.text:__TI_printfi</name>
         <load_address>0x96d0</load_address>
         <run_address>0x96d0</run_address>
         <size>0x5f5</size>
         <input_file_ref idref="fl-3c"/>
      </object_component>
      <object_component id="oc-200">
         <name>.text</name>
         <load_address>0x9cc5</load_address>
         <run_address>0x9cc5</run_address>
         <size>0x38c</size>
         <input_file_ref idref="fl-2a"/>
      </object_component>
      <object_component id="oc-87">
         <name>.text:retain</name>
         <load_address>0xa051</load_address>
         <run_address>0xa051</run_address>
         <size>0x323</size>
         <input_file_ref idref="fl-c"/>
      </object_component>
      <object_component id="oc-1f6">
         <name>.text</name>
         <load_address>0xa374</load_address>
         <run_address>0xa374</run_address>
         <size>0x213</size>
         <input_file_ref idref="fl-5"/>
      </object_component>
      <object_component id="oc-181">
         <name>.text</name>
         <load_address>0xa587</load_address>
         <run_address>0xa587</run_address>
         <size>0x107</size>
         <input_file_ref idref="fl-45"/>
      </object_component>
      <object_component id="oc-1ef">
         <name>.text</name>
         <load_address>0xa68e</load_address>
         <run_address>0xa68e</run_address>
         <size>0xfa</size>
         <input_file_ref idref="fl-15"/>
      </object_component>
      <object_component id="oc-1ed">
         <name>.text</name>
         <load_address>0xa788</load_address>
         <run_address>0xa788</run_address>
         <size>0xd7</size>
         <input_file_ref idref="fl-14"/>
      </object_component>
      <object_component id="oc-1ff">
         <name>.text</name>
         <load_address>0xa85f</load_address>
         <run_address>0xa85f</run_address>
         <size>0xca</size>
         <input_file_ref idref="fl-2c"/>
      </object_component>
      <object_component id="oc-218">
         <name>.text</name>
         <load_address>0xa929</load_address>
         <run_address>0xa929</run_address>
         <size>0xa9</size>
         <input_file_ref idref="fl-53"/>
      </object_component>
      <object_component id="oc-1d5">
         <name>.text</name>
         <load_address>0xa9d2</load_address>
         <run_address>0xa9d2</run_address>
         <size>0x9c</size>
         <input_file_ref idref="fl-56"/>
      </object_component>
      <object_component id="oc-1f2">
         <name>.text</name>
         <load_address>0xaa6e</load_address>
         <run_address>0xaa6e</run_address>
         <size>0x93</size>
         <input_file_ref idref="fl-6"/>
      </object_component>
      <object_component id="oc-195">
         <name>.text</name>
         <load_address>0xab01</load_address>
         <run_address>0xab01</run_address>
         <size>0x8b</size>
         <input_file_ref idref="fl-49"/>
      </object_component>
      <object_component id="oc-11f">
         <name>.text</name>
         <load_address>0xab8c</load_address>
         <run_address>0xab8c</run_address>
         <size>0x88</size>
         <input_file_ref idref="fl-32"/>
      </object_component>
      <object_component id="oc-15e">
         <name>.text</name>
         <load_address>0xac14</load_address>
         <run_address>0xac14</run_address>
         <size>0x83</size>
         <input_file_ref idref="fl-3e"/>
      </object_component>
      <object_component id="oc-1fd">
         <name>.text</name>
         <load_address>0xac97</load_address>
         <run_address>0xac97</run_address>
         <size>0x7b</size>
         <input_file_ref idref="fl-a"/>
      </object_component>
      <object_component id="oc-1e6">
         <name>.text</name>
         <load_address>0xad12</load_address>
         <run_address>0xad12</run_address>
         <size>0x71</size>
         <input_file_ref idref="fl-2"/>
      </object_component>
      <object_component id="oc-202">
         <name>.text</name>
         <load_address>0xad83</load_address>
         <run_address>0xad83</run_address>
         <size>0x66</size>
         <input_file_ref idref="fl-2f"/>
      </object_component>
      <object_component id="oc-201">
         <name>.text</name>
         <load_address>0xade9</load_address>
         <run_address>0xade9</run_address>
         <size>0x63</size>
         <input_file_ref idref="fl-2d"/>
      </object_component>
      <object_component id="oc-217">
         <name>.text</name>
         <load_address>0xae4c</load_address>
         <run_address>0xae4c</run_address>
         <size>0x5a</size>
         <input_file_ref idref="fl-52"/>
      </object_component>
      <object_component id="oc-20c">
         <name>.text</name>
         <load_address>0xaea6</load_address>
         <run_address>0xaea6</run_address>
         <size>0x58</size>
         <input_file_ref idref="fl-2e"/>
      </object_component>
      <object_component id="oc-4b">
         <name>.text</name>
         <load_address>0xaefe</load_address>
         <run_address>0xaefe</run_address>
         <size>0x56</size>
         <input_file_ref idref="fl-31"/>
      </object_component>
      <object_component id="oc-1e8">
         <name>.text</name>
         <load_address>0xaf54</load_address>
         <run_address>0xaf54</run_address>
         <size>0x4b</size>
         <input_file_ref idref="fl-17"/>
      </object_component>
      <object_component id="oc-1fc">
         <name>.text</name>
         <load_address>0xaf9f</load_address>
         <run_address>0xaf9f</run_address>
         <size>0x47</size>
         <input_file_ref idref="fl-12"/>
      </object_component>
      <object_component id="oc-65">
         <name>.text:retain</name>
         <load_address>0xafe6</load_address>
         <run_address>0xafe6</run_address>
         <size>0x40</size>
         <input_file_ref idref="fl-6"/>
      </object_component>
      <object_component id="oc-6b">
         <name>.text:retain</name>
         <load_address>0xb026</load_address>
         <run_address>0xb026</run_address>
         <size>0x38</size>
         <input_file_ref idref="fl-7"/>
      </object_component>
      <object_component id="oc-1f3">
         <name>.text</name>
         <load_address>0xb05e</load_address>
         <run_address>0xb05e</run_address>
         <size>0x36</size>
         <input_file_ref idref="fl-7"/>
      </object_component>
      <object_component id="oc-20d">
         <name>.text</name>
         <load_address>0xb094</load_address>
         <run_address>0xb094</run_address>
         <size>0x31</size>
         <input_file_ref idref="fl-4b"/>
      </object_component>
      <object_component id="oc-216">
         <name>.text</name>
         <load_address>0xb0c5</load_address>
         <run_address>0xb0c5</run_address>
         <size>0x30</size>
         <input_file_ref idref="fl-4a"/>
      </object_component>
      <object_component id="oc-1fb">
         <name>.text</name>
         <load_address>0xb0f5</load_address>
         <run_address>0xb0f5</run_address>
         <size>0x30</size>
         <input_file_ref idref="fl-30"/>
      </object_component>
      <object_component id="oc-159">
         <name>.text</name>
         <load_address>0xb125</load_address>
         <run_address>0xb125</run_address>
         <size>0x2a</size>
         <input_file_ref idref="fl-3d"/>
      </object_component>
      <object_component id="oc-1da">
         <name>.text</name>
         <load_address>0xb14f</load_address>
         <run_address>0xb14f</run_address>
         <size>0x2a</size>
         <input_file_ref idref="fl-57"/>
      </object_component>
      <object_component id="oc-1e3">
         <name>.text</name>
         <load_address>0xb179</load_address>
         <run_address>0xb179</run_address>
         <size>0x29</size>
         <input_file_ref idref="fl-37"/>
      </object_component>
      <object_component id="oc-1f0">
         <name>.text</name>
         <load_address>0xb1a2</load_address>
         <run_address>0xb1a2</run_address>
         <size>0x28</size>
         <input_file_ref idref="fl-10"/>
      </object_component>
      <object_component id="oc-1fe">
         <name>.text</name>
         <load_address>0xb1ca</load_address>
         <run_address>0xb1ca</run_address>
         <size>0x27</size>
         <input_file_ref idref="fl-2b"/>
      </object_component>
      <object_component id="oc-1e0">
         <name>.text</name>
         <load_address>0xb1f1</load_address>
         <run_address>0xb1f1</run_address>
         <size>0x24</size>
         <input_file_ref idref="fl-33"/>
      </object_component>
      <object_component id="oc-21a">
         <name>.text</name>
         <load_address>0xb215</load_address>
         <run_address>0xb215</run_address>
         <size>0x24</size>
         <input_file_ref idref="fl-54"/>
      </object_component>
      <object_component id="oc-16d">
         <name>.text</name>
         <load_address>0xb239</load_address>
         <run_address>0xb239</run_address>
         <size>0x21</size>
         <input_file_ref idref="fl-41"/>
      </object_component>
      <object_component id="oc-1f1">
         <name>.text</name>
         <load_address>0xb25a</load_address>
         <run_address>0xb25a</run_address>
         <size>0x20</size>
         <input_file_ref idref="fl-11"/>
      </object_component>
      <object_component id="oc-172">
         <name>.text</name>
         <load_address>0xb27a</load_address>
         <run_address>0xb27a</run_address>
         <size>0x1f</size>
         <input_file_ref idref="fl-42"/>
      </object_component>
      <object_component id="oc-17c">
         <name>.text</name>
         <load_address>0xb299</load_address>
         <run_address>0xb299</run_address>
         <size>0x1e</size>
         <input_file_ref idref="fl-44"/>
      </object_component>
      <object_component id="oc-186">
         <name>.text</name>
         <load_address>0xb2b7</load_address>
         <run_address>0xb2b7</run_address>
         <size>0x1d</size>
         <input_file_ref idref="fl-46"/>
      </object_component>
      <object_component id="oc-1e7">
         <name>.text</name>
         <load_address>0xb2d4</load_address>
         <run_address>0xb2d4</run_address>
         <size>0x1d</size>
         <input_file_ref idref="fl-34"/>
      </object_component>
      <object_component id="oc-190">
         <name>.text</name>
         <load_address>0xb2f1</load_address>
         <run_address>0xb2f1</run_address>
         <size>0x1c</size>
         <input_file_ref idref="fl-48"/>
      </object_component>
      <object_component id="oc-18b">
         <name>.text</name>
         <load_address>0xb30d</load_address>
         <run_address>0xb30d</run_address>
         <size>0x1c</size>
         <input_file_ref idref="fl-47"/>
      </object_component>
      <object_component id="oc-177">
         <name>.text</name>
         <load_address>0xb329</load_address>
         <run_address>0xb329</run_address>
         <size>0x18</size>
         <input_file_ref idref="fl-43"/>
      </object_component>
      <object_component id="oc-1e2">
         <name>.text</name>
         <load_address>0xb341</load_address>
         <run_address>0xb341</run_address>
         <size>0x12</size>
         <input_file_ref idref="fl-39"/>
      </object_component>
      <object_component id="oc-214">
         <name>.text</name>
         <load_address>0xb353</load_address>
         <run_address>0xb353</run_address>
         <size>0x11</size>
         <input_file_ref idref="fl-3b"/>
      </object_component>
      <object_component id="oc-1ee">
         <name>.text</name>
         <load_address>0xb364</load_address>
         <run_address>0xb364</run_address>
         <size>0x10</size>
         <input_file_ref idref="fl-3"/>
      </object_component>
      <object_component id="oc-212">
         <name>.text</name>
         <load_address>0xb374</load_address>
         <run_address>0xb374</run_address>
         <size>0x10</size>
         <input_file_ref idref="fl-4d"/>
      </object_component>
      <object_component id="oc-168">
         <name>.text</name>
         <load_address>0xb384</load_address>
         <run_address>0xb384</run_address>
         <size>0xe</size>
         <input_file_ref idref="fl-40"/>
      </object_component>
      <object_component id="oc-219">
         <name>.text</name>
         <load_address>0xb392</load_address>
         <run_address>0xb392</run_address>
         <size>0xc</size>
         <input_file_ref idref="fl-4f"/>
      </object_component>
      <object_component id="oc-1f7">
         <name>.text</name>
         <load_address>0xb39e</load_address>
         <run_address>0xb39e</run_address>
         <size>0x9</size>
         <input_file_ref idref="fl-38"/>
      </object_component>
      <object_component id="oc-163">
         <name>.text</name>
         <load_address>0xb3a7</load_address>
         <run_address>0xb3a7</run_address>
         <size>0x9</size>
         <input_file_ref idref="fl-3f"/>
      </object_component>
      <object_component id="oc-213">
         <name>.text</name>
         <load_address>0xb3b0</load_address>
         <run_address>0xb3b0</run_address>
         <size>0x9</size>
         <input_file_ref idref="fl-55"/>
      </object_component>
      <object_component id="oc-75">
         <name>.text</name>
         <load_address>0xb3b9</load_address>
         <run_address>0xb3b9</run_address>
         <size>0x8</size>
         <input_file_ref idref="fl-9"/>
      </object_component>
      <object_component id="oc-20e">
         <name>.text</name>
         <load_address>0xb3c1</load_address>
         <run_address>0xb3c1</run_address>
         <size>0x8</size>
         <input_file_ref idref="fl-51"/>
      </object_component>
      <object_component id="oc-20f">
         <name>.text</name>
         <load_address>0xb3c9</load_address>
         <run_address>0xb3c9</run_address>
         <size>0x7</size>
         <input_file_ref idref="fl-4e"/>
      </object_component>
      <object_component id="oc-210">
         <name>.text</name>
         <load_address>0xb3d0</load_address>
         <run_address>0xb3d0</run_address>
         <size>0x5</size>
         <input_file_ref idref="fl-50"/>
      </object_component>
      <object_component id="oc-1df">
         <name>.text</name>
         <load_address>0xb3d5</load_address>
         <run_address>0xb3d5</run_address>
         <size>0x2</size>
         <input_file_ref idref="fl-35"/>
      </object_component>
      <object_component id="oc-1e1">
         <name>.text</name>
         <load_address>0xb3d7</load_address>
         <run_address>0xb3d7</run_address>
         <size>0x1</size>
         <input_file_ref idref="fl-36"/>
      </object_component>
      <object_component id="oc-ed">
         <name>.cinit</name>
         <load_address>0x8000</load_address>
         <run_address>0x8000</run_address>
         <size>0x11</size>
         <input_file_ref idref="fl-17"/>
      </object_component>
      <object_component id="oc-139">
         <name>.cinit</name>
         <load_address>0x8011</load_address>
         <run_address>0x8011</run_address>
         <size>0xe</size>
         <input_file_ref idref="fl-37"/>
      </object_component>
      <object_component id="oc-1ea">
         <name>.cinit:__lock</name>
         <load_address>0x801f</load_address>
         <run_address>0x801f</run_address>
         <size>0x5</size>
         <input_file_ref idref="fl-38"/>
      </object_component>
      <object_component id="oc-1f8">
         <name>.cinit:__unlock</name>
         <load_address>0x8024</load_address>
         <run_address>0x8024</run_address>
         <size>0x5</size>
         <input_file_ref idref="fl-38"/>
      </object_component>
      <object_component id="oc-1ec">
         <name>.cinit:_adc_value</name>
         <load_address>0x8029</load_address>
         <run_address>0x8029</run_address>
         <size>0x4</size>
         <input_file_ref idref="fl-2"/>
      </object_component>
      <object_component id="oc-1e5">
         <name>.cinit:_sci_b_buf</name>
         <load_address>0x802d</load_address>
         <run_address>0x802d</run_address>
         <size>0x4</size>
         <input_file_ref idref="fl-6"/>
      </object_component>
      <object_component id="oc-5c">
         <name>.cinit</name>
         <load_address>0x8031</load_address>
         <run_address>0x8031</run_address>
         <size>0x4</size>
         <input_file_ref idref="fl-5"/>
      </object_component>
      <object_component id="oc-14a">
         <name>.cinit</name>
         <load_address>0x8035</load_address>
         <run_address>0x8035</run_address>
         <size>0x4</size>
         <input_file_ref idref="fl-3a"/>
      </object_component>
      <object_component id="oc-63">
         <name>.cinit</name>
         <load_address>0x8039</load_address>
         <run_address>0x8039</run_address>
         <size>0x4</size>
         <input_file_ref idref="fl-6"/>
      </object_component>
      <object_component id="oc-119">
         <name>.stack</name>
         <uninitialized>true</uninitialized>
         <run_address>0xc000</run_address>
         <size>0x0</size>
         <input_file_ref idref="fl-31"/>
      </object_component>
      <object_component id="oc-26f">
         <name>.stack</name>
         <uninitialized>true</uninitialized>
         <run_address>0xc000</run_address>
         <size>0x0</size>
      </object_component>
      <object_component id="oc-1eb">
         <name>.ebss:_adc_value</name>
         <uninitialized>true</uninitialized>
         <run_address>0xc932</run_address>
         <size>0x8</size>
         <input_file_ref idref="fl-2"/>
      </object_component>
      <object_component id="oc-5d">
         <name>.ebss</name>
         <uninitialized>true</uninitialized>
         <run_address>0xc928</run_address>
         <size>0xa</size>
         <input_file_ref idref="fl-5"/>
      </object_component>
      <object_component id="oc-203">
         <name>.ebss:_input_complex</name>
         <uninitialized>true</uninitialized>
         <run_address>0xc940</run_address>
         <size>0x200</size>
         <input_file_ref idref="fl-5"/>
      </object_component>
      <object_component id="oc-64">
         <name>.ebss</name>
         <uninitialized>true</uninitialized>
         <run_address>0xcc7d</run_address>
         <size>0x1</size>
         <input_file_ref idref="fl-6"/>
      </object_component>
      <object_component id="oc-1e4">
         <name>.ebss:_sci_b_buf</name>
         <uninitialized>true</uninitialized>
         <run_address>0xcc40</run_address>
         <size>0x32</size>
         <input_file_ref idref="fl-6"/>
      </object_component>
      <object_component id="oc-1fa">
         <name>.ebss:_write_buf$1</name>
         <uninitialized>true</uninitialized>
         <run_address>0xc700</run_address>
         <size>0x210</size>
         <input_file_ref idref="fl-6"/>
      </object_component>
      <object_component id="oc-7c">
         <name>.ebss</name>
         <uninitialized>true</uninitialized>
         <run_address>0xc910</run_address>
         <size>0x18</size>
         <input_file_ref idref="fl-a"/>
      </object_component>
      <object_component id="oc-ee">
         <name>.ebss</name>
         <uninitialized>true</uninitialized>
         <run_address>0xc93a</run_address>
         <size>0x6</size>
         <input_file_ref idref="fl-17"/>
      </object_component>
      <object_component id="oc-1f4">
         <name>.ebss:_testSample7</name>
         <uninitialized>true</uninitialized>
         <run_address>0xcb40</run_address>
         <size>0x100</size>
         <input_file_ref idref="fl-17"/>
      </object_component>
      <object_component id="oc-1f5">
         <name>.ebss:_output</name>
         <uninitialized>true</uninitialized>
         <run_address>0xc400</run_address>
         <size>0x300</size>
         <input_file_ref idref="fl-17"/>
      </object_component>
      <object_component id="oc-13a">
         <name>.ebss</name>
         <uninitialized>true</uninitialized>
         <run_address>0xcc72</run_address>
         <size>0x6</size>
         <input_file_ref idref="fl-37"/>
      </object_component>
      <object_component id="oc-1e9">
         <name>.ebss:__lock</name>
         <uninitialized>true</uninitialized>
         <run_address>0xcc78</run_address>
         <size>0x2</size>
         <input_file_ref idref="fl-38"/>
      </object_component>
      <object_component id="oc-204">
         <name>.ebss:__unlock</name>
         <uninitialized>true</uninitialized>
         <run_address>0xcc7a</run_address>
         <size>0x2</size>
         <input_file_ref idref="fl-38"/>
      </object_component>
      <object_component id="oc-14b">
         <name>.ebss</name>
         <uninitialized>true</uninitialized>
         <run_address>0xcc7c</run_address>
         <size>0x1</size>
         <input_file_ref idref="fl-3a"/>
      </object_component>
      <object_component id="oc-215">
         <name>.econst:.string:__ctypes_</name>
         <load_address>0xd000</load_address>
         <run_address>0xd000</run_address>
         <size>0x101</size>
         <input_file_ref idref="fl-4c"/>
      </object_component>
      <object_component id="oc-1f9">
         <name>.econst:_PieVectTableInit</name>
         <load_address>0xd102</load_address>
         <run_address>0xd102</run_address>
         <size>0x100</size>
         <input_file_ref idref="fl-11"/>
      </object_component>
      <object_component id="oc-f4">
         <name>.econst</name>
         <load_address>0xd202</load_address>
         <run_address>0xd202</run_address>
         <size>0x32</size>
         <input_file_ref idref="fl-2a"/>
      </object_component>
      <object_component id="oc-154">
         <name>.econst:.string</name>
         <load_address>0xd234</load_address>
         <run_address>0xd234</run_address>
         <size>0x26</size>
         <input_file_ref idref="fl-3c"/>
      </object_component>
      <object_component id="oc-153">
         <name>.econst</name>
         <load_address>0xd25a</load_address>
         <run_address>0xd25a</run_address>
         <size>0x1c</size>
         <input_file_ref idref="fl-3c"/>
      </object_component>
      <object_component id="oc-1c6">
         <name>.econst</name>
         <load_address>0xd276</load_address>
         <run_address>0xd276</run_address>
         <size>0x1c</size>
         <input_file_ref idref="fl-53"/>
      </object_component>
      <object_component id="oc-208">
         <name>.econst:_aT</name>
         <load_address>0xd292</load_address>
         <run_address>0xd292</run_address>
         <size>0xa</size>
         <input_file_ref idref="fl-2c"/>
      </object_component>
      <object_component id="oc-206">
         <name>.econst:_atanhi</name>
         <load_address>0xd29c</load_address>
         <run_address>0xd29c</run_address>
         <size>0x8</size>
         <input_file_ref idref="fl-2c"/>
      </object_component>
      <object_component id="oc-207">
         <name>.econst:_atanlo</name>
         <load_address>0xd2a4</load_address>
         <run_address>0xd2a4</run_address>
         <size>0x8</size>
         <input_file_ref idref="fl-2c"/>
      </object_component>
      <object_component id="oc-1c0">
         <name>.econst</name>
         <load_address>0xd2ac</load_address>
         <run_address>0xd2ac</run_address>
         <size>0x8</size>
         <input_file_ref idref="fl-52"/>
      </object_component>
      <object_component id="oc-10a">
         <name>.econst</name>
         <load_address>0xd2b4</load_address>
         <run_address>0xd2b4</run_address>
         <size>0x6</size>
         <input_file_ref idref="fl-2e"/>
      </object_component>
      <object_component id="oc-209">
         <name>.econst:_bp</name>
         <load_address>0xd2ba</load_address>
         <run_address>0xd2ba</run_address>
         <size>0x4</size>
         <input_file_ref idref="fl-2a"/>
      </object_component>
      <object_component id="oc-20b">
         <name>.econst:_dp_h</name>
         <load_address>0xd2be</load_address>
         <run_address>0xd2be</run_address>
         <size>0x4</size>
         <input_file_ref idref="fl-2a"/>
      </object_component>
      <object_component id="oc-20a">
         <name>.econst:_dp_l</name>
         <load_address>0xd2c2</load_address>
         <run_address>0xd2c2</run_address>
         <size>0x4</size>
         <input_file_ref idref="fl-2a"/>
      </object_component>
      <object_component id="oc-ff">
         <name>.econst</name>
         <load_address>0xd2c6</load_address>
         <run_address>0xd2c6</run_address>
         <size>0x4</size>
         <input_file_ref idref="fl-2c"/>
      </object_component>
      <object_component id="oc-11a">
         <name>.reset</name>
         <load_address>0x3fffc0</load_address>
         <run_address>0x3fffc0</run_address>
         <size>0x2</size>
         <input_file_ref idref="fl-31"/>
      </object_component>
      <object_component id="oc-70">
         <name>.adc_cal</name>
         <load_address>0x380080</load_address>
         <run_address>0x380080</run_address>
         <size>0x7</size>
         <input_file_ref idref="fl-8"/>
      </object_component>
      <object_component id="oc-bd">
         <name>PieVectTableFile</name>
         <uninitialized>true</uninitialized>
         <run_address>0xd00</run_address>
         <size>0x100</size>
         <input_file_ref idref="fl-d"/>
      </object_component>
      <object_component id="oc-b9">
         <name>DevEmuRegsFile</name>
         <uninitialized>true</uninitialized>
         <run_address>0x880</run_address>
         <size>0xd0</size>
         <input_file_ref idref="fl-d"/>
      </object_component>
      <object_component id="oc-91">
         <name>FlashRegsFile</name>
         <uninitialized>true</uninitialized>
         <run_address>0xa80</run_address>
         <size>0x8</size>
         <input_file_ref idref="fl-d"/>
      </object_component>
      <object_component id="oc-94">
         <name>CsmRegsFile</name>
         <uninitialized>true</uninitialized>
         <run_address>0xae0</run_address>
         <size>0x10</size>
         <input_file_ref idref="fl-d"/>
      </object_component>
      <object_component id="oc-93">
         <name>AdcMirrorFile</name>
         <uninitialized>true</uninitialized>
         <run_address>0xb00</run_address>
         <size>0x10</size>
         <input_file_ref idref="fl-d"/>
      </object_component>
      <object_component id="oc-9c">
         <name>XintfRegsFile</name>
         <uninitialized>true</uninitialized>
         <run_address>0xb20</run_address>
         <size>0x1e</size>
         <input_file_ref idref="fl-d"/>
      </object_component>
      <object_component id="oc-8d">
         <name>CpuTimer0RegsFile</name>
         <uninitialized>true</uninitialized>
         <run_address>0xc00</run_address>
         <size>0x8</size>
         <input_file_ref idref="fl-d"/>
      </object_component>
      <object_component id="oc-8e">
         <name>CpuTimer1RegsFile</name>
         <uninitialized>true</uninitialized>
         <run_address>0xc08</run_address>
         <size>0x8</size>
         <input_file_ref idref="fl-d"/>
      </object_component>
      <object_component id="oc-8f">
         <name>CpuTimer2RegsFile</name>
         <uninitialized>true</uninitialized>
         <run_address>0xc10</run_address>
         <size>0x8</size>
         <input_file_ref idref="fl-d"/>
      </object_component>
      <object_component id="oc-9a">
         <name>PieCtrlRegsFile</name>
         <uninitialized>true</uninitialized>
         <run_address>0xce0</run_address>
         <size>0x1a</size>
         <input_file_ref idref="fl-d"/>
      </object_component>
      <object_component id="oc-ba">
         <name>DmaRegsFile</name>
         <uninitialized>true</uninitialized>
         <run_address>0x1000</run_address>
         <size>0xe0</size>
         <input_file_ref idref="fl-d"/>
      </object_component>
      <object_component id="oc-ac">
         <name>McbspaRegsFile</name>
         <uninitialized>true</uninitialized>
         <run_address>0x5000</run_address>
         <size>0x25</size>
         <input_file_ref idref="fl-d"/>
      </object_component>
      <object_component id="oc-ad">
         <name>McbspbRegsFile</name>
         <uninitialized>true</uninitialized>
         <run_address>0x5040</run_address>
         <size>0x25</size>
         <input_file_ref idref="fl-d"/>
      </object_component>
      <object_component id="oc-af">
         <name>ECanaRegsFile</name>
         <uninitialized>true</uninitialized>
         <run_address>0x6000</run_address>
         <size>0x34</size>
         <input_file_ref idref="fl-d"/>
      </object_component>
      <object_component id="oc-b1">
         <name>ECanaLAMRegsFile</name>
         <uninitialized>true</uninitialized>
         <run_address>0x6040</run_address>
         <size>0x40</size>
         <input_file_ref idref="fl-d"/>
      </object_component>
      <object_component id="oc-bb">
         <name>ECanaMboxesFile</name>
         <uninitialized>true</uninitialized>
         <run_address>0x6100</run_address>
         <size>0x100</size>
         <input_file_ref idref="fl-d"/>
      </object_component>
      <object_component id="oc-b2">
         <name>ECanaMOTSRegsFile</name>
         <uninitialized>true</uninitialized>
         <run_address>0x6080</run_address>
         <size>0x40</size>
         <input_file_ref idref="fl-d"/>
      </object_component>
      <object_component id="oc-b3">
         <name>ECanaMOTORegsFile</name>
         <uninitialized>true</uninitialized>
         <run_address>0x60c0</run_address>
         <size>0x40</size>
         <input_file_ref idref="fl-d"/>
      </object_component>
      <object_component id="oc-b0">
         <name>ECanbRegsFile</name>
         <uninitialized>true</uninitialized>
         <run_address>0x6200</run_address>
         <size>0x34</size>
         <input_file_ref idref="fl-d"/>
      </object_component>
      <object_component id="oc-b4">
         <name>ECanbLAMRegsFile</name>
         <uninitialized>true</uninitialized>
         <run_address>0x6240</run_address>
         <size>0x40</size>
         <input_file_ref idref="fl-d"/>
      </object_component>
      <object_component id="oc-bc">
         <name>ECanbMboxesFile</name>
         <uninitialized>true</uninitialized>
         <run_address>0x6300</run_address>
         <size>0x100</size>
         <input_file_ref idref="fl-d"/>
      </object_component>
      <object_component id="oc-b5">
         <name>ECanbMOTSRegsFile</name>
         <uninitialized>true</uninitialized>
         <run_address>0x6280</run_address>
         <size>0x40</size>
         <input_file_ref idref="fl-d"/>
      </object_component>
      <object_component id="oc-b6">
         <name>ECanbMOTORegsFile</name>
         <uninitialized>true</uninitialized>
         <run_address>0x62c0</run_address>
         <size>0x40</size>
         <input_file_ref idref="fl-d"/>
      </object_component>
      <object_component id="oc-a5">
         <name>EPwm1RegsFile</name>
         <uninitialized>true</uninitialized>
         <run_address>0x6800</run_address>
         <size>0x22</size>
         <input_file_ref idref="fl-d"/>
      </object_component>
      <object_component id="oc-a6">
         <name>EPwm2RegsFile</name>
         <uninitialized>true</uninitialized>
         <run_address>0x6840</run_address>
         <size>0x22</size>
         <input_file_ref idref="fl-d"/>
      </object_component>
      <object_component id="oc-a7">
         <name>EPwm3RegsFile</name>
         <uninitialized>true</uninitialized>
         <run_address>0x6880</run_address>
         <size>0x22</size>
         <input_file_ref idref="fl-d"/>
      </object_component>
      <object_component id="oc-a8">
         <name>EPwm4RegsFile</name>
         <uninitialized>true</uninitialized>
         <run_address>0x68c0</run_address>
         <size>0x22</size>
         <input_file_ref idref="fl-d"/>
      </object_component>
      <object_component id="oc-a9">
         <name>EPwm5RegsFile</name>
         <uninitialized>true</uninitialized>
         <run_address>0x6900</run_address>
         <size>0x22</size>
         <input_file_ref idref="fl-d"/>
      </object_component>
      <object_component id="oc-aa">
         <name>EPwm6RegsFile</name>
         <uninitialized>true</uninitialized>
         <run_address>0x6940</run_address>
         <size>0x22</size>
         <input_file_ref idref="fl-d"/>
      </object_component>
      <object_component id="oc-9d">
         <name>ECap1RegsFile</name>
         <uninitialized>true</uninitialized>
         <run_address>0x6a00</run_address>
         <size>0x20</size>
         <input_file_ref idref="fl-d"/>
      </object_component>
      <object_component id="oc-9e">
         <name>ECap2RegsFile</name>
         <uninitialized>true</uninitialized>
         <run_address>0x6a20</run_address>
         <size>0x20</size>
         <input_file_ref idref="fl-d"/>
      </object_component>
      <object_component id="oc-9f">
         <name>ECap3RegsFile</name>
         <uninitialized>true</uninitialized>
         <run_address>0x6a40</run_address>
         <size>0x20</size>
         <input_file_ref idref="fl-d"/>
      </object_component>
      <object_component id="oc-a0">
         <name>ECap4RegsFile</name>
         <uninitialized>true</uninitialized>
         <run_address>0x6a60</run_address>
         <size>0x20</size>
         <input_file_ref idref="fl-d"/>
      </object_component>
      <object_component id="oc-a1">
         <name>ECap5RegsFile</name>
         <uninitialized>true</uninitialized>
         <run_address>0x6a80</run_address>
         <size>0x20</size>
         <input_file_ref idref="fl-d"/>
      </object_component>
      <object_component id="oc-a2">
         <name>ECap6RegsFile</name>
         <uninitialized>true</uninitialized>
         <run_address>0x6aa0</run_address>
         <size>0x20</size>
         <input_file_ref idref="fl-d"/>
      </object_component>
      <object_component id="oc-b7">
         <name>EQep1RegsFile</name>
         <uninitialized>true</uninitialized>
         <run_address>0x6b00</run_address>
         <size>0x40</size>
         <input_file_ref idref="fl-d"/>
      </object_component>
      <object_component id="oc-b8">
         <name>EQep2RegsFile</name>
         <uninitialized>true</uninitialized>
         <run_address>0x6b40</run_address>
         <size>0x40</size>
         <input_file_ref idref="fl-d"/>
      </object_component>
      <object_component id="oc-ae">
         <name>GpioCtrlRegsFile</name>
         <uninitialized>true</uninitialized>
         <run_address>0x6f80</run_address>
         <size>0x2e</size>
         <input_file_ref idref="fl-d"/>
      </object_component>
      <object_component id="oc-a3">
         <name>GpioDataRegsFile</name>
         <uninitialized>true</uninitialized>
         <run_address>0x6fc0</run_address>
         <size>0x20</size>
         <input_file_ref idref="fl-d"/>
      </object_component>
      <object_component id="oc-92">
         <name>GpioIntRegsFile</name>
         <uninitialized>true</uninitialized>
         <run_address>0x6fe0</run_address>
         <size>0xa</size>
         <input_file_ref idref="fl-d"/>
      </object_component>
      <object_component id="oc-a4">
         <name>SysCtrlRegsFile</name>
         <uninitialized>true</uninitialized>
         <run_address>0x7010</run_address>
         <size>0x20</size>
         <input_file_ref idref="fl-d"/>
      </object_component>
      <object_component id="oc-98">
         <name>SpiaRegsFile</name>
         <uninitialized>true</uninitialized>
         <run_address>0x7040</run_address>
         <size>0x10</size>
         <input_file_ref idref="fl-d"/>
      </object_component>
      <object_component id="oc-95">
         <name>SciaRegsFile</name>
         <uninitialized>true</uninitialized>
         <run_address>0x7050</run_address>
         <size>0x10</size>
         <input_file_ref idref="fl-d"/>
      </object_component>
      <object_component id="oc-99">
         <name>XIntruptRegsFile</name>
         <uninitialized>true</uninitialized>
         <run_address>0x7070</run_address>
         <size>0x10</size>
         <input_file_ref idref="fl-d"/>
      </object_component>
      <object_component id="oc-9b">
         <name>AdcRegsFile</name>
         <uninitialized>true</uninitialized>
         <run_address>0x7100</run_address>
         <size>0x1e</size>
         <input_file_ref idref="fl-d"/>
      </object_component>
      <object_component id="oc-96">
         <name>ScibRegsFile</name>
         <uninitialized>true</uninitialized>
         <run_address>0x7750</run_address>
         <size>0x10</size>
         <input_file_ref idref="fl-d"/>
      </object_component>
      <object_component id="oc-97">
         <name>ScicRegsFile</name>
         <uninitialized>true</uninitialized>
         <run_address>0x7770</run_address>
         <size>0x10</size>
         <input_file_ref idref="fl-d"/>
      </object_component>
      <object_component id="oc-ab">
         <name>I2caRegsFile</name>
         <uninitialized>true</uninitialized>
         <run_address>0x7900</run_address>
         <size>0x22</size>
         <input_file_ref idref="fl-d"/>
      </object_component>
      <object_component id="oc-90">
         <name>CsmPwlFile</name>
         <uninitialized>true</uninitialized>
         <run_address>0x33fff8</run_address>
         <size>0x8</size>
         <input_file_ref idref="fl-d"/>
      </object_component>
      <object_component id="oc-4c">
         <name>.debug_info</name>
         <load_address>0x0</load_address>
         <run_address>0x0</run_address>
         <size>0x1ef1</size>
         <input_file_ref idref="fl-2"/>
      </object_component>
      <object_component id="oc-51">
         <name>.debug_info</name>
         <load_address>0x1ef1</load_address>
         <run_address>0x1ef1</run_address>
         <size>0x1d58</size>
         <input_file_ref idref="fl-3"/>
      </object_component>
      <object_component id="oc-56">
         <name>.debug_info</name>
         <load_address>0x3c49</load_address>
         <run_address>0x3c49</run_address>
         <size>0x306b</size>
         <input_file_ref idref="fl-4"/>
      </object_component>
      <object_component id="oc-5b">
         <name>.debug_info</name>
         <load_address>0x6cb4</load_address>
         <run_address>0x6cb4</run_address>
         <size>0xa8c</size>
         <input_file_ref idref="fl-5"/>
      </object_component>
      <object_component id="oc-62">
         <name>.debug_info</name>
         <load_address>0x7740</load_address>
         <run_address>0x7740</run_address>
         <size>0x32e1</size>
         <input_file_ref idref="fl-6"/>
      </object_component>
      <object_component id="oc-6a">
         <name>.debug_info</name>
         <load_address>0xaa21</load_address>
         <run_address>0xaa21</run_address>
         <size>0x29a7</size>
         <input_file_ref idref="fl-7"/>
      </object_component>
      <object_component id="oc-72">
         <name>.debug_info</name>
         <load_address>0xd3c8</load_address>
         <run_address>0xd3c8</run_address>
         <size>0x119</size>
         <input_file_ref idref="fl-8"/>
      </object_component>
      <object_component id="oc-78">
         <name>.debug_info</name>
         <load_address>0xd4e1</load_address>
         <run_address>0xd4e1</run_address>
         <size>0x161</size>
         <input_file_ref idref="fl-9"/>
      </object_component>
      <object_component id="oc-7b">
         <name>.debug_info</name>
         <load_address>0xd642</load_address>
         <run_address>0xd642</run_address>
         <size>0x9c4</size>
         <input_file_ref idref="fl-a"/>
      </object_component>
      <object_component id="oc-81">
         <name>.debug_info</name>
         <load_address>0xe006</load_address>
         <run_address>0xe006</run_address>
         <size>0x170f</size>
         <input_file_ref idref="fl-b"/>
      </object_component>
      <object_component id="oc-86">
         <name>.debug_info</name>
         <load_address>0xf715</load_address>
         <run_address>0xf715</run_address>
         <size>0x2aef</size>
         <input_file_ref idref="fl-c"/>
      </object_component>
      <object_component id="oc-8c">
         <name>.debug_info</name>
         <load_address>0x12204</load_address>
         <run_address>0x12204</run_address>
         <size>0x1323f</size>
         <input_file_ref idref="fl-d"/>
      </object_component>
      <object_component id="oc-bf">
         <name>.debug_info</name>
         <load_address>0x25443</load_address>
         <run_address>0x25443</run_address>
         <size>0x1b7e</size>
         <input_file_ref idref="fl-e"/>
      </object_component>
      <object_component id="oc-c4">
         <name>.debug_info</name>
         <load_address>0x26fc1</load_address>
         <run_address>0x26fc1</run_address>
         <size>0x34f</size>
         <input_file_ref idref="fl-f"/>
      </object_component>
      <object_component id="oc-c9">
         <name>.debug_info</name>
         <load_address>0x27310</load_address>
         <run_address>0x27310</run_address>
         <size>0xb6c</size>
         <input_file_ref idref="fl-10"/>
      </object_component>
      <object_component id="oc-ce">
         <name>.debug_info</name>
         <load_address>0x27e7c</load_address>
         <run_address>0x27e7c</run_address>
         <size>0x22bc</size>
         <input_file_ref idref="fl-11"/>
      </object_component>
      <object_component id="oc-d3">
         <name>.debug_info</name>
         <load_address>0x2a138</load_address>
         <run_address>0x2a138</run_address>
         <size>0x1e00</size>
         <input_file_ref idref="fl-12"/>
      </object_component>
      <object_component id="oc-d8">
         <name>.debug_info</name>
         <load_address>0x2bf38</load_address>
         <run_address>0x2bf38</run_address>
         <size>0x1b7d</size>
         <input_file_ref idref="fl-13"/>
      </object_component>
      <object_component id="oc-dd">
         <name>.debug_info</name>
         <load_address>0x2dab5</load_address>
         <run_address>0x2dab5</run_address>
         <size>0x2007</size>
         <input_file_ref idref="fl-14"/>
      </object_component>
      <object_component id="oc-e2">
         <name>.debug_info</name>
         <load_address>0x2fabc</load_address>
         <run_address>0x2fabc</run_address>
         <size>0x2299</size>
         <input_file_ref idref="fl-15"/>
      </object_component>
      <object_component id="oc-e9">
         <name>.debug_info</name>
         <load_address>0x31d55</load_address>
         <run_address>0x31d55</run_address>
         <size>0x119</size>
         <input_file_ref idref="fl-16"/>
      </object_component>
      <object_component id="oc-ec">
         <name>.debug_info</name>
         <load_address>0x31e6e</load_address>
         <run_address>0x31e6e</run_address>
         <size>0x6e7</size>
         <input_file_ref idref="fl-17"/>
      </object_component>
      <object_component id="oc-f3">
         <name>.debug_info</name>
         <load_address>0x32555</load_address>
         <run_address>0x32555</run_address>
         <size>0x88a</size>
         <input_file_ref idref="fl-2a"/>
      </object_component>
      <object_component id="oc-f9">
         <name>.debug_info</name>
         <load_address>0x32ddf</load_address>
         <run_address>0x32ddf</run_address>
         <size>0x3db</size>
         <input_file_ref idref="fl-2b"/>
      </object_component>
      <object_component id="oc-fe">
         <name>.debug_info</name>
         <load_address>0x331ba</load_address>
         <run_address>0x331ba</run_address>
         <size>0x4ef</size>
         <input_file_ref idref="fl-2c"/>
      </object_component>
      <object_component id="oc-104">
         <name>.debug_info</name>
         <load_address>0x336a9</load_address>
         <run_address>0x336a9</run_address>
         <size>0x3cf</size>
         <input_file_ref idref="fl-2d"/>
      </object_component>
      <object_component id="oc-109">
         <name>.debug_info</name>
         <load_address>0x33a78</load_address>
         <run_address>0x33a78</run_address>
         <size>0x4b8</size>
         <input_file_ref idref="fl-2e"/>
      </object_component>
      <object_component id="oc-10f">
         <name>.debug_info</name>
         <load_address>0x33f30</load_address>
         <run_address>0x33f30</run_address>
         <size>0x3e1</size>
         <input_file_ref idref="fl-2f"/>
      </object_component>
      <object_component id="oc-114">
         <name>.debug_info</name>
         <load_address>0x34311</load_address>
         <run_address>0x34311</run_address>
         <size>0x67e</size>
         <input_file_ref idref="fl-30"/>
      </object_component>
      <object_component id="oc-11b">
         <name>.debug_info</name>
         <load_address>0x3498f</load_address>
         <run_address>0x3498f</run_address>
         <size>0x173</size>
         <input_file_ref idref="fl-31"/>
      </object_component>
      <object_component id="oc-120">
         <name>.debug_info</name>
         <load_address>0x34b02</load_address>
         <run_address>0x34b02</run_address>
         <size>0x114</size>
         <input_file_ref idref="fl-32"/>
      </object_component>
      <object_component id="oc-124">
         <name>.debug_info</name>
         <load_address>0x34c16</load_address>
         <run_address>0x34c16</run_address>
         <size>0x561</size>
         <input_file_ref idref="fl-33"/>
      </object_component>
      <object_component id="oc-129">
         <name>.debug_info</name>
         <load_address>0x35177</load_address>
         <run_address>0x35177</run_address>
         <size>0x43a</size>
         <input_file_ref idref="fl-34"/>
      </object_component>
      <object_component id="oc-12e">
         <name>.debug_info</name>
         <load_address>0x355b1</load_address>
         <run_address>0x355b1</run_address>
         <size>0x3ad</size>
         <input_file_ref idref="fl-35"/>
      </object_component>
      <object_component id="oc-133">
         <name>.debug_info</name>
         <load_address>0x3595e</load_address>
         <run_address>0x3595e</run_address>
         <size>0x3aa</size>
         <input_file_ref idref="fl-36"/>
      </object_component>
      <object_component id="oc-138">
         <name>.debug_info</name>
         <load_address>0x35d08</load_address>
         <run_address>0x35d08</run_address>
         <size>0x544</size>
         <input_file_ref idref="fl-37"/>
      </object_component>
      <object_component id="oc-13f">
         <name>.debug_info</name>
         <load_address>0x3624c</load_address>
         <run_address>0x3624c</run_address>
         <size>0x4cc</size>
         <input_file_ref idref="fl-38"/>
      </object_component>
      <object_component id="oc-144">
         <name>.debug_info</name>
         <load_address>0x36718</load_address>
         <run_address>0x36718</run_address>
         <size>0x467</size>
         <input_file_ref idref="fl-39"/>
      </object_component>
      <object_component id="oc-149">
         <name>.debug_info</name>
         <load_address>0x36b7f</load_address>
         <run_address>0x36b7f</run_address>
         <size>0x1c6</size>
         <input_file_ref idref="fl-3a"/>
      </object_component>
      <object_component id="oc-14d">
         <name>.debug_info</name>
         <load_address>0x36d45</load_address>
         <run_address>0x36d45</run_address>
         <size>0x406</size>
         <input_file_ref idref="fl-3b"/>
      </object_component>
      <object_component id="oc-152">
         <name>.debug_info</name>
         <load_address>0x3714b</load_address>
         <run_address>0x3714b</run_address>
         <size>0x2a4f</size>
         <input_file_ref idref="fl-3c"/>
      </object_component>
      <object_component id="oc-15a">
         <name>.debug_info</name>
         <load_address>0x39b9a</load_address>
         <run_address>0x39b9a</run_address>
         <size>0x120</size>
         <input_file_ref idref="fl-3d"/>
      </object_component>
      <object_component id="oc-15f">
         <name>.debug_info</name>
         <load_address>0x39cba</load_address>
         <run_address>0x39cba</run_address>
         <size>0x114</size>
         <input_file_ref idref="fl-3e"/>
      </object_component>
      <object_component id="oc-164">
         <name>.debug_info</name>
         <load_address>0x39dce</load_address>
         <run_address>0x39dce</run_address>
         <size>0x114</size>
         <input_file_ref idref="fl-3f"/>
      </object_component>
      <object_component id="oc-169">
         <name>.debug_info</name>
         <load_address>0x39ee2</load_address>
         <run_address>0x39ee2</run_address>
         <size>0x122</size>
         <input_file_ref idref="fl-40"/>
      </object_component>
      <object_component id="oc-16e">
         <name>.debug_info</name>
         <load_address>0x3a004</load_address>
         <run_address>0x3a004</run_address>
         <size>0x114</size>
         <input_file_ref idref="fl-41"/>
      </object_component>
      <object_component id="oc-173">
         <name>.debug_info</name>
         <load_address>0x3a118</load_address>
         <run_address>0x3a118</run_address>
         <size>0x114</size>
         <input_file_ref idref="fl-42"/>
      </object_component>
      <object_component id="oc-178">
         <name>.debug_info</name>
         <load_address>0x3a22c</load_address>
         <run_address>0x3a22c</run_address>
         <size>0x176</size>
         <input_file_ref idref="fl-43"/>
      </object_component>
      <object_component id="oc-17d">
         <name>.debug_info</name>
         <load_address>0x3a3a2</load_address>
         <run_address>0x3a3a2</run_address>
         <size>0x14e</size>
         <input_file_ref idref="fl-44"/>
      </object_component>
      <object_component id="oc-182">
         <name>.debug_info</name>
         <load_address>0x3a4f0</load_address>
         <run_address>0x3a4f0</run_address>
         <size>0x231</size>
         <input_file_ref idref="fl-45"/>
      </object_component>
      <object_component id="oc-187">
         <name>.debug_info</name>
         <load_address>0x3a721</load_address>
         <run_address>0x3a721</run_address>
         <size>0x118</size>
         <input_file_ref idref="fl-46"/>
      </object_component>
      <object_component id="oc-18c">
         <name>.debug_info</name>
         <load_address>0x3a839</load_address>
         <run_address>0x3a839</run_address>
         <size>0x118</size>
         <input_file_ref idref="fl-47"/>
      </object_component>
      <object_component id="oc-191">
         <name>.debug_info</name>
         <load_address>0x3a951</load_address>
         <run_address>0x3a951</run_address>
         <size>0x11a</size>
         <input_file_ref idref="fl-48"/>
      </object_component>
      <object_component id="oc-196">
         <name>.debug_info</name>
         <load_address>0x3aa6b</load_address>
         <run_address>0x3aa6b</run_address>
         <size>0x114</size>
         <input_file_ref idref="fl-49"/>
      </object_component>
      <object_component id="oc-19a">
         <name>.debug_info</name>
         <load_address>0x3ab7f</load_address>
         <run_address>0x3ab7f</run_address>
         <size>0x46c</size>
         <input_file_ref idref="fl-4a"/>
      </object_component>
      <object_component id="oc-19f">
         <name>.debug_info</name>
         <load_address>0x3afeb</load_address>
         <run_address>0x3afeb</run_address>
         <size>0x41f</size>
         <input_file_ref idref="fl-4b"/>
      </object_component>
      <object_component id="oc-1a4">
         <name>.debug_info</name>
         <load_address>0x3b40a</load_address>
         <run_address>0x3b40a</run_address>
         <size>0x1e7</size>
         <input_file_ref idref="fl-4c"/>
      </object_component>
      <object_component id="oc-1a6">
         <name>.debug_info</name>
         <load_address>0x3b5f1</load_address>
         <run_address>0x3b5f1</run_address>
         <size>0x45e</size>
         <input_file_ref idref="fl-4d"/>
      </object_component>
      <object_component id="oc-1ab">
         <name>.debug_info</name>
         <load_address>0x3ba4f</load_address>
         <run_address>0x3ba4f</run_address>
         <size>0x502</size>
         <input_file_ref idref="fl-4e"/>
      </object_component>
      <object_component id="oc-1b0">
         <name>.debug_info</name>
         <load_address>0x3bf51</load_address>
         <run_address>0x3bf51</run_address>
         <size>0x4f1</size>
         <input_file_ref idref="fl-4f"/>
      </object_component>
      <object_component id="oc-1b5">
         <name>.debug_info</name>
         <load_address>0x3c442</load_address>
         <run_address>0x3c442</run_address>
         <size>0x4e5</size>
         <input_file_ref idref="fl-50"/>
      </object_component>
      <object_component id="oc-1ba">
         <name>.debug_info</name>
         <load_address>0x3c927</load_address>
         <run_address>0x3c927</run_address>
         <size>0x4aa</size>
         <input_file_ref idref="fl-51"/>
      </object_component>
      <object_component id="oc-1bf">
         <name>.debug_info</name>
         <load_address>0x3cdd1</load_address>
         <run_address>0x3cdd1</run_address>
         <size>0x4a6</size>
         <input_file_ref idref="fl-52"/>
      </object_component>
      <object_component id="oc-1c5">
         <name>.debug_info</name>
         <load_address>0x3d277</load_address>
         <run_address>0x3d277</run_address>
         <size>0x532</size>
         <input_file_ref idref="fl-53"/>
      </object_component>
      <object_component id="oc-1cb">
         <name>.debug_info</name>
         <load_address>0x3d7a9</load_address>
         <run_address>0x3d7a9</run_address>
         <size>0x423</size>
         <input_file_ref idref="fl-54"/>
      </object_component>
      <object_component id="oc-1d0">
         <name>.debug_info</name>
         <load_address>0x3dbcc</load_address>
         <run_address>0x3dbcc</run_address>
         <size>0x40c</size>
         <input_file_ref idref="fl-55"/>
      </object_component>
      <object_component id="oc-1d6">
         <name>.debug_info</name>
         <load_address>0x3dfd8</load_address>
         <run_address>0x3dfd8</run_address>
         <size>0x114</size>
         <input_file_ref idref="fl-56"/>
      </object_component>
      <object_component id="oc-1db">
         <name>.debug_info</name>
         <load_address>0x3e0ec</load_address>
         <run_address>0x3e0ec</run_address>
         <size>0x1a5</size>
         <input_file_ref idref="fl-57"/>
      </object_component>
      <object_component id="oc-270">
         <name>.debug_info</name>
         <load_address>0x3e291</load_address>
         <run_address>0x3e291</run_address>
         <size>0xb0</size>
      </object_component>
      <object_component id="oc-4d">
         <name>.debug_frame</name>
         <load_address>0x0</load_address>
         <run_address>0x0</run_address>
         <size>0x5c</size>
         <input_file_ref idref="fl-2"/>
      </object_component>
      <object_component id="oc-52">
         <name>.debug_frame</name>
         <load_address>0x5c</load_address>
         <run_address>0x5c</run_address>
         <size>0x40</size>
         <input_file_ref idref="fl-3"/>
      </object_component>
      <object_component id="oc-57">
         <name>.debug_frame</name>
         <load_address>0x9c</load_address>
         <run_address>0x9c</run_address>
         <size>0x28</size>
         <input_file_ref idref="fl-4"/>
      </object_component>
      <object_component id="oc-5e">
         <name>.debug_frame</name>
         <load_address>0xc4</load_address>
         <run_address>0xc4</run_address>
         <size>0xb8</size>
         <input_file_ref idref="fl-5"/>
      </object_component>
      <object_component id="oc-66">
         <name>.debug_frame</name>
         <load_address>0x17c</load_address>
         <run_address>0x17c</run_address>
         <size>0xe4</size>
         <input_file_ref idref="fl-6"/>
      </object_component>
      <object_component id="oc-6c">
         <name>.debug_frame</name>
         <load_address>0x260</load_address>
         <run_address>0x260</run_address>
         <size>0xc8</size>
         <input_file_ref idref="fl-7"/>
      </object_component>
      <object_component id="oc-7d">
         <name>.debug_frame</name>
         <load_address>0x328</load_address>
         <run_address>0x328</run_address>
         <size>0x5c</size>
         <input_file_ref idref="fl-a"/>
      </object_component>
      <object_component id="oc-82">
         <name>.debug_frame</name>
         <load_address>0x384</load_address>
         <run_address>0x384</run_address>
         <size>0x28</size>
         <input_file_ref idref="fl-b"/>
      </object_component>
      <object_component id="oc-88">
         <name>.debug_frame</name>
         <load_address>0x3ac</load_address>
         <run_address>0x3ac</run_address>
         <size>0xa30</size>
         <input_file_ref idref="fl-c"/>
      </object_component>
      <object_component id="oc-c0">
         <name>.debug_frame</name>
         <load_address>0xddc</load_address>
         <run_address>0xddc</run_address>
         <size>0x28</size>
         <input_file_ref idref="fl-e"/>
      </object_component>
      <object_component id="oc-c5">
         <name>.debug_frame</name>
         <load_address>0xe04</load_address>
         <run_address>0xe04</run_address>
         <size>0x28</size>
         <input_file_ref idref="fl-f"/>
      </object_component>
      <object_component id="oc-ca">
         <name>.debug_frame</name>
         <load_address>0xe2c</load_address>
         <run_address>0xe2c</run_address>
         <size>0x58</size>
         <input_file_ref idref="fl-10"/>
      </object_component>
      <object_component id="oc-cf">
         <name>.debug_frame</name>
         <load_address>0xe84</load_address>
         <run_address>0xe84</run_address>
         <size>0x44</size>
         <input_file_ref idref="fl-11"/>
      </object_component>
      <object_component id="oc-d4">
         <name>.debug_frame</name>
         <load_address>0xec8</load_address>
         <run_address>0xec8</run_address>
         <size>0xa0</size>
         <input_file_ref idref="fl-12"/>
      </object_component>
      <object_component id="oc-d9">
         <name>.debug_frame</name>
         <load_address>0xf68</load_address>
         <run_address>0xf68</run_address>
         <size>0x28</size>
         <input_file_ref idref="fl-13"/>
      </object_component>
      <object_component id="oc-de">
         <name>.debug_frame</name>
         <load_address>0xf90</load_address>
         <run_address>0xf90</run_address>
         <size>0xc0</size>
         <input_file_ref idref="fl-14"/>
      </object_component>
      <object_component id="oc-e3">
         <name>.debug_frame</name>
         <load_address>0x1050</load_address>
         <run_address>0x1050</run_address>
         <size>0x70</size>
         <input_file_ref idref="fl-15"/>
      </object_component>
      <object_component id="oc-ef">
         <name>.debug_frame</name>
         <load_address>0x10c0</load_address>
         <run_address>0x10c0</run_address>
         <size>0x44</size>
         <input_file_ref idref="fl-17"/>
      </object_component>
      <object_component id="oc-f5">
         <name>.debug_frame</name>
         <load_address>0x1104</load_address>
         <run_address>0x1104</run_address>
         <size>0x88</size>
         <input_file_ref idref="fl-2a"/>
      </object_component>
      <object_component id="oc-fa">
         <name>.debug_frame</name>
         <load_address>0x118c</load_address>
         <run_address>0x118c</run_address>
         <size>0x44</size>
         <input_file_ref idref="fl-2b"/>
      </object_component>
      <object_component id="oc-100">
         <name>.debug_frame</name>
         <load_address>0x11d0</load_address>
         <run_address>0x11d0</run_address>
         <size>0x6c</size>
         <input_file_ref idref="fl-2c"/>
      </object_component>
      <object_component id="oc-105">
         <name>.debug_frame</name>
         <load_address>0x123c</load_address>
         <run_address>0x123c</run_address>
         <size>0x44</size>
         <input_file_ref idref="fl-2d"/>
      </object_component>
      <object_component id="oc-10b">
         <name>.debug_frame</name>
         <load_address>0x1280</load_address>
         <run_address>0x1280</run_address>
         <size>0x4c</size>
         <input_file_ref idref="fl-2e"/>
      </object_component>
      <object_component id="oc-110">
         <name>.debug_frame</name>
         <load_address>0x12cc</load_address>
         <run_address>0x12cc</run_address>
         <size>0x64</size>
         <input_file_ref idref="fl-2f"/>
      </object_component>
      <object_component id="oc-115">
         <name>.debug_frame</name>
         <load_address>0x1330</load_address>
         <run_address>0x1330</run_address>
         <size>0x84</size>
         <input_file_ref idref="fl-30"/>
      </object_component>
      <object_component id="oc-125">
         <name>.debug_frame</name>
         <load_address>0x13b4</load_address>
         <run_address>0x13b4</run_address>
         <size>0x60</size>
         <input_file_ref idref="fl-33"/>
      </object_component>
      <object_component id="oc-12a">
         <name>.debug_frame</name>
         <load_address>0x1414</load_address>
         <run_address>0x1414</run_address>
         <size>0x40</size>
         <input_file_ref idref="fl-34"/>
      </object_component>
      <object_component id="oc-12f">
         <name>.debug_frame</name>
         <load_address>0x1454</load_address>
         <run_address>0x1454</run_address>
         <size>0x40</size>
         <input_file_ref idref="fl-35"/>
      </object_component>
      <object_component id="oc-134">
         <name>.debug_frame</name>
         <load_address>0x1494</load_address>
         <run_address>0x1494</run_address>
         <size>0x40</size>
         <input_file_ref idref="fl-36"/>
      </object_component>
      <object_component id="oc-13b">
         <name>.debug_frame</name>
         <load_address>0x14d4</load_address>
         <run_address>0x14d4</run_address>
         <size>0x60</size>
         <input_file_ref idref="fl-37"/>
      </object_component>
      <object_component id="oc-140">
         <name>.debug_frame</name>
         <load_address>0x1534</load_address>
         <run_address>0x1534</run_address>
         <size>0x70</size>
         <input_file_ref idref="fl-38"/>
      </object_component>
[...]
      </symbol>
      <symbol id="sm-2fc">
         <name>_GpioDataRegs</name>
         <value>0x6fc0</value>
         <object_component_ref idref="oc-a3"/>
      </symbol>
      <symbol id="sm-2fd">
         <name>_CsmPwl</name>
         <value>0x33fff8</value>
         <object_component_ref idref="oc-90"/>
      </symbol>
      <symbol id="sm-2fe">
         <name>_AdcRegs</name>
         <value>0x7100</value>
         <object_component_ref idref="oc-9b"/>
      </symbol>
      <symbol id="sm-2ff">
         <name>_XIntruptRegs</name>
         <value>0x7070</value>
         <object_component_ref idref="oc-99"/>
      </symbol>
      <symbol id="sm-300">
         <name>_CpuTimer2Regs</name>
         <value>0xc10</value>
         <object_component_ref idref="oc-8f"/>
      </symbol>
      <symbol id="sm-301">
         <name>_PieCtrlRegs</name>
         <value>0xce0</value>
         <object_component_ref idref="oc-9a"/>
      </symbol>
      <symbol id="sm-302">
         <name>_ECanbMOTSRegs</name>
         <value>0x6280</value>
         <object_component_ref idref="oc-b5"/>
      </symbol>
      <symbol id="sm-303">
         <name>_ECanaRegs</name>
         <value>0x6000</value>
         <object_component_ref idref="oc-af"/>
      </symbol>
      <symbol id="sm-304">
         <name>_AdcMirror</name>
         <value>0xb00</value>
         <object_component_ref idref="oc-93"/>
      </symbol>
      <symbol id="sm-305">
         <name>_ECanbMboxes</name>
         <value>0x6300</value>
         <object_component_ref idref="oc-bc"/>
      </symbol>
      <symbol id="sm-306">
         <name>_XintfRegs</name>
         <value>0xb20</value>
         <object_component_ref idref="oc-9c"/>
      </symbol>
      <symbol id="sm-307">
         <name>_ScicRegs</name>
         <value>0x7770</value>
         <object_component_ref idref="oc-97"/>
      </symbol>
      <symbol id="sm-308">
         <name>_ECap1Regs</name>
         <value>0x6a00</value>
         <object_component_ref idref="oc-9d"/>
      </symbol>
      <symbol id="sm-309">
         <name>_EQep1Regs</name>
         <value>0x6b00</value>
         <object_component_ref idref="oc-b7"/>
      </symbol>
      <symbol id="sm-30a">
         <name>_McbspaRegs</name>
         <value>0x5000</value>
         <object_component_ref idref="oc-ac"/>
      </symbol>
      <symbol id="sm-30b">
         <name>_EPwm1Regs</name>
         <value>0x6800</value>
         <object_component_ref idref="oc-a5"/>
      </symbol>
      <symbol id="sm-30c">
         <name>_ECanbRegs</name>
         <value>0x6200</value>
         <object_component_ref idref="oc-b0"/>
      </symbol>
      <symbol id="sm-30d">
         <name>_ScibRegs</name>
         <value>0x7750</value>
         <object_component_ref idref="oc-96"/>
      </symbol>
      <symbol id="sm-30e">
         <name>_ECap2Regs</name>
         <value>0x6a20</value>
         <object_component_ref idref="oc-9e"/>
      </symbol>
      <symbol id="sm-30f">
         <name>_GpioIntRegs</name>
         <value>0x6fe0</value>
         <object_component_ref idref="oc-92"/>
      </symbol>
      <symbol id="sm-310">
         <name>_EQep2Regs</name>
         <value>0x6b40</value>
         <object_component_ref idref="oc-b8"/>
      </symbol>
      <symbol id="sm-311">
         <name>_EPwm2Regs</name>
         <value>0x6840</value>
         <object_component_ref idref="oc-a6"/>
      </symbol>
      <symbol id="sm-312">
         <name>_ECanaMboxes</name>
         <value>0x6100</value>
         <object_component_ref idref="oc-bb"/>
      </symbol>
      <symbol id="sm-313">
         <name>_ECap3Regs</name>
         <value>0x6a40</value>
         <object_component_ref idref="oc-9f"/>
      </symbol>
      <symbol id="sm-314">
         <name>_ECanaMOTORegs</name>
         <value>0x60c0</value>
         <object_component_ref idref="oc-b3"/>
      </symbol>
      <symbol id="sm-315">
         <name>_EPwm3Regs</name>
         <value>0x6880</value>
         <object_component_ref idref="oc-a7"/>
      </symbol>
      <symbol id="sm-316">
         <name>_ECanbLAMRegs</name>
         <value>0x6240</value>
         <object_component_ref idref="oc-b4"/>
      </symbol>
      <symbol id="sm-317">
         <name>_I2caRegs</name>
         <value>0x7900</value>
         <object_component_ref idref="oc-ab"/>
      </symbol>
      <symbol id="sm-335">
         <name>_InitPieCtrl</name>
         <value>0xb1a2</value>
         <object_component_ref idref="oc-1f0"/>
      </symbol>
      <symbol id="sm-337">
         <name>_EnableInterrupts</name>
         <value>0xb1c1</value>
         <object_component_ref idref="oc-1f0"/>
      </symbol>
      <symbol id="sm-348">
         <name>_PieVectTableInit</name>
         <value>0xd102</value>
         <object_component_ref idref="oc-1f9"/>
      </symbol>
      <symbol id="sm-349">
         <name>_InitPieVectTable</name>
         <value>0xb25a</value>
         <object_component_ref idref="oc-1f1"/>
      </symbol>
      <symbol id="sm-356">
         <name>_InitScicGpio</name>
         <value>0xafd0</value>
         <object_component_ref idref="oc-1fc"/>
      </symbol>
      <symbol id="sm-358">
         <name>_InitScibGpio</name>
         <value>0xafba</value>
         <object_component_ref idref="oc-1fc"/>
      </symbol>
      <symbol id="sm-35a">
         <name>_InitSciaGpio</name>
         <value>0xafa5</value>
         <object_component_ref idref="oc-1fc"/>
      </symbol>
      <symbol id="sm-35c">
         <name>_InitSciGpio</name>
         <value>0xafa0</value>
         <object_component_ref idref="oc-1fc"/>
      </symbol>
      <symbol id="sm-35e">
         <name>_InitSci</name>
         <value>0xaf9f</value>
         <object_component_ref idref="oc-1fc"/>
      </symbol>
      <symbol id="sm-37d">
         <name>_InitPll</name>
         <value>0xa7a3</value>
         <object_component_ref idref="oc-1ed"/>
      </symbol>
      <symbol id="sm-37f">
         <name>_DisableDog</name>
         <value>0xa79b</value>
         <object_component_ref idref="oc-1ed"/>
      </symbol>
      <symbol id="sm-381">
         <name>_InitPeripheralClocks</name>
         <value>0xa7f3</value>
         <object_component_ref idref="oc-1ed"/>
      </symbol>
      <symbol id="sm-383">
         <name>_CsmUnlock</name>
         <value>0xa82e</value>
         <object_component_ref idref="oc-1ed"/>
      </symbol>
      <symbol id="sm-385">
         <name>_ServiceDog</name>
         <value>0xa791</value>
         <object_component_ref idref="oc-1ed"/>
      </symbol>
      <symbol id="sm-387">
         <name>_InitSysCtrl</name>
         <value>0xa788</value>
         <object_component_ref idref="oc-1ed"/>
      </symbol>
      <symbol id="sm-394">
         <name>_InitXintf16Gpio</name>
         <value>0xa72e</value>
         <object_component_ref idref="oc-1ef"/>
      </symbol>
      <symbol id="sm-396">
         <name>_InitXintf</name>
         <value>0xa68e</value>
         <object_component_ref idref="oc-1ef"/>
      </symbol>
      <symbol id="sm-398">
         <name>_InitXintf32Gpio</name>
         <value>0xa6e7</value>
         <object_component_ref idref="oc-1ef"/>
      </symbol>
      <symbol id="sm-3a5">
         <name>_DSP28x_usDelay</name>
         <value>0x803f</value>
         <object_component_ref idref="oc-e7"/>
      </symbol>
      <symbol id="sm-3ba">
         <name>_main</name>
         <value>0xaf54</value>
         <object_component_ref idref="oc-1e8"/>
      </symbol>
      <symbol id="sm-3bc">
         <name>_adc_cnt</name>
         <value>0xc93c</value>
         <object_component_ref idref="oc-ee"/>
      </symbol>
      <symbol id="sm-3bd">
         <name>_timer0_flag</name>
         <value>0xc93a</value>
         <object_component_ref idref="oc-ee"/>
      </symbol>
      <symbol id="sm-3be">
         <name>_PI</name>
         <value>0xc93e</value>
         <object_component_ref idref="oc-ee"/>
      </symbol>
      <symbol id="sm-3bf">
         <name>_text</name>
         <value>0xc93b</value>
         <object_component_ref idref="oc-ee"/>
      </symbol>
      <symbol id="sm-3c0">
         <name>_testSample7</name>
         <value>0xcb40</value>
         <object_component_ref idref="oc-1f4"/>
      </symbol>
      <symbol id="sm-3c1">
         <name>_output</name>
         <value>0xc400</value>
         <object_component_ref idref="oc-1f5"/>
      </symbol>
      <symbol id="sm-419">
         <name>_powf</name>
         <value>0x9cc5</value>
         <object_component_ref idref="oc-200"/>
      </symbol>
      <symbol id="sm-41b">
         <name>_pow</name>
         <value>0x9cc5</value>
         <object_component_ref idref="oc-200"/>
      </symbol>
      <symbol id="sm-42b">
         <name>_sqrtf</name>
         <value>0xb1ca</value>
         <object_component_ref idref="oc-1fe"/>
      </symbol>
      <symbol id="sm-42d">
         <name>_sqrt</name>
         <value>0xb1ca</value>
         <object_component_ref idref="oc-1fe"/>
      </symbol>
      <symbol id="sm-452">
         <name>_atan</name>
         <value>0xa85f</value>
         <object_component_ref idref="oc-1ff"/>
      </symbol>
      <symbol id="sm-453">
         <name>_atanf</name>
         <value>0xa85f</value>
         <object_component_ref idref="oc-1ff"/>
      </symbol>
      <symbol id="sm-462">
         <name>_cos</name>
         <value>0xade9</value>
         <object_component_ref idref="oc-201"/>
      </symbol>
      <symbol id="sm-463">
         <name>_cosf</name>
         <value>0xade9</value>
         <object_component_ref idref="oc-201"/>
      </symbol>
      <symbol id="sm-47c">
         <name>_scalbn</name>
         <value>0xaea6</value>
         <object_component_ref idref="oc-20c"/>
      </symbol>
      <symbol id="sm-47d">
         <name>_ldexp</name>
         <value>0xaea6</value>
         <object_component_ref idref="oc-20c"/>
      </symbol>
      <symbol id="sm-47e">
         <name>_scalbnf</name>
         <value>0xaea6</value>
         <object_component_ref idref="oc-20c"/>
      </symbol>
      <symbol id="sm-480">
         <name>_ldexpf</name>
         <value>0xaea6</value>
         <object_component_ref idref="oc-20c"/>
      </symbol>
      <symbol id="sm-48d">
         <name>_sin</name>
         <value>0xad83</value>
         <object_component_ref idref="oc-202"/>
      </symbol>
      <symbol id="sm-48e">
         <name>_sinf</name>
         <value>0xad83</value>
         <object_component_ref idref="oc-202"/>
      </symbol>
      <symbol id="sm-49d">
         <name>_vsprintf</name>
         <value>0xb0f5</value>
         <object_component_ref idref="oc-1fb"/>
      </symbol>
      <symbol id="sm-4b9">
         <name>_c_int00</name>
         <value>0xaefe</value>
         <object_component_ref idref="oc-4b"/>
      </symbol>
      <symbol id="sm-4ba">
         <name>__stack</name>
         <value>0xc000</value>
         <object_component_ref idref="oc-119"/>
      </symbol>
      <symbol id="sm-4cb">
         <name>FS$$DIV</name>
         <value>0xab8c</value>
         <object_component_ref idref="oc-11f"/>
      </symbol>
      <symbol id="sm-4da">
         <name>_copy_in</name>
         <value>0xb1f1</value>
         <object_component_ref idref="oc-1e0"/>
      </symbol>
      <symbol id="sm-4ec">
         <name>_memcpy</name>
         <value>0xb2d4</value>
         <object_component_ref idref="oc-1e7"/>
      </symbol>
      <symbol id="sm-4f9">
         <name>__system_pre_init</name>
         <value>0xb3d5</value>
         <object_component_ref idref="oc-1df"/>
      </symbol>
      <symbol id="sm-507">
         <name>__system_post_cinit</name>
         <value>0xb3d7</value>
         <object_component_ref idref="oc-1e1"/>
      </symbol>
      <symbol id="sm-51c">
         <name>C$$EXIT</name>
         <value>0xb179</value>
         <object_component_ref idref="oc-1e3"/>
      </symbol>
      <symbol id="sm-51d">
         <name>_exit</name>
         <value>0xb17b</value>
         <object_component_ref idref="oc-1e3"/>
      </symbol>
      <symbol id="sm-51f">
         <name>___TI_cleanup_ptr</name>
         <value>0xcc74</value>
         <object_component_ref idref="oc-13a"/>
      </symbol>
      <symbol id="sm-520">
         <name>___TI_enable_exit_profile_output</name>
         <value>0xcc72</value>
         <object_component_ref idref="oc-13a"/>
      </symbol>
      <symbol id="sm-521">
         <name>_abort</name>
         <value>0xb179</value>
         <object_component_ref idref="oc-1e3"/>
      </symbol>
      <symbol id="sm-523">
         <name>___TI_dtors_ptr</name>
         <value>0xcc76</value>
         <object_component_ref idref="oc-13a"/>
      </symbol>
      <symbol id="sm-537">
         <name>__unlock</name>
         <value>0xcc7a</value>
         <object_component_ref idref="oc-204"/>
      </symbol>
      <symbol id="sm-538">
         <name>__lock</name>
         <value>0xcc78</value>
         <object_component_ref idref="oc-1e9"/>
      </symbol>
      <symbol id="sm-539">
         <name>__register_lock</name>
         <value>0xb3a2</value>
         <object_component_ref idref="oc-1f7"/>
      </symbol>
      <symbol id="sm-53b">
         <name>__nop</name>
         <value>0xb3a6</value>
         <object_component_ref idref="oc-1f7"/>
      </symbol>
      <symbol id="sm-53d">
         <name>__register_unlock</name>
         <value>0xb39e</value>
         <object_component_ref idref="oc-1f7"/>
      </symbol>
      <symbol id="sm-54d">
         <name>__args_main</name>
         <value>0xb341</value>
         <object_component_ref idref="oc-1e2"/>
      </symbol>
      <symbol id="sm-558">
         <name>_errno</name>
         <value>0xcc7c</value>
         <object_component_ref idref="oc-14b"/>
      </symbol>
      <symbol id="sm-564">
         <name>_copysignf</name>
         <value>0xb353</value>
         <object_component_ref idref="oc-214"/>
      </symbol>
      <symbol id="sm-566">
         <name>_copysign</name>
         <value>0xb353</value>
         <object_component_ref idref="oc-214"/>
      </symbol>
      <symbol id="sm-6c9">
         <name>___TI_printfi</name>
         <value>0x9b40</value>
         <object_component_ref idref="oc-205"/>
      </symbol>
      <symbol id="sm-6da">
         <name>FD$$CMP</name>
         <value>0xb125</value>
         <object_component_ref idref="oc-159"/>
      </symbol>
      <symbol id="sm-6ec">
         <name>FD$$MPY</name>
         <value>0xac14</value>
         <object_component_ref idref="oc-15e"/>
      </symbol>
      <symbol id="sm-6f9">
         <name>FD$$NEG</name>
         <value>0xb3a7</value>
         <object_component_ref idref="oc-163"/>
      </symbol>
      <symbol id="sm-705">
         <name>FD$$SUB</name>
         <value>0xb384</value>
         <object_component_ref idref="oc-168"/>
      </symbol>
      <symbol id="sm-714">
         <name>FD$$TOI</name>
         <value>0xb239</value>
         <object_component_ref idref="oc-16d"/>
      </symbol>
      <symbol id="sm-723">
         <name>FD$$TOL</name>
         <value>0xb27a</value>
         <object_component_ref idref="oc-172"/>
      </symbol>
      <symbol id="sm-72f">
         <name>LL$$AND</name>
         <value>0xb329</value>
         <object_component_ref idref="oc-177"/>
      </symbol>
      <symbol id="sm-730">
         <name>LL$$OR</name>
         <value>0xb331</value>
         <object_component_ref idref="oc-177"/>
      </symbol>
      <symbol id="sm-731">
         <name>LL$$XOR</name>
         <value>0xb339</value>
         <object_component_ref idref="oc-177"/>
      </symbol>
      <symbol id="sm-73f">
         <name>ULL$$CMP</name>
         <value>0xb2ab</value>
         <object_component_ref idref="oc-17c"/>
      </symbol>
      <symbol id="sm-740">
         <name>LL$$CMP</name>
         <value>0xb299</value>
         <object_component_ref idref="oc-17c"/>
      </symbol>
      <symbol id="sm-76c">
         <name>ULL$$MOD</name>
         <value>0xa62c</value>
         <object_component_ref idref="oc-181"/>
      </symbol>
      <symbol id="sm-76d">
         <name>ULL$$DIV</name>
         <value>0xa5fd</value>
         <object_component_ref idref="oc-181"/>
      </symbol>
      <symbol id="sm-76e">
         <name>LL$$MOD</name>
         <value>0xa5c3</value>
         <object_component_ref idref="oc-181"/>
      </symbol>
      <symbol id="sm-76f">
         <name>LL$$DIV</name>
         <value>0xa587</value>
         <object_component_ref idref="oc-181"/>
      </symbol>
      <symbol id="sm-77f">
         <name>I$$TOFD</name>
         <value>0xb2b7</value>
         <object_component_ref idref="oc-186"/>
      </symbol>
      <symbol id="sm-78f">
         <name>L$$TOFD</name>
         <value>0xb30d</value>
         <object_component_ref idref="oc-18b"/>
      </symbol>
      <symbol id="sm-79f">
         <name>FS$$TOFD</name>
         <value>0xb2f1</value>
         <object_component_ref idref="oc-190"/>
      </symbol>
      <symbol id="sm-7b6">
         <name>FD$$DIV</name>
         <value>0xab01</value>
         <object_component_ref idref="oc-195"/>
      </symbol>
      <symbol id="sm-7c4">
         <name>___TI_ltoa</name>
         <value>0xb0c5</value>
         <object_component_ref idref="oc-216"/>
      </symbol>
      <symbol id="sm-7d9">
         <name>_atoi</name>
         <value>0xb094</value>
         <object_component_ref idref="oc-20d"/>
      </symbol>
      <symbol id="sm-7e2">
         <name>__ctypes_</name>
         <value>0xd000</value>
         <object_component_ref idref="oc-215"/>
      </symbol>
      <symbol id="sm-7f1">
         <name>_memccpy</name>
         <value>0xb374</value>
         <object_component_ref idref="oc-212"/>
      </symbol>
      <symbol id="sm-800">
         <name>_memset</name>
         <value>0xb3c9</value>
         <object_component_ref idref="oc-20f"/>
      </symbol>
      <symbol id="sm-810">
         <name>_strchr</name>
         <value>0xb392</value>
         <object_component_ref idref="oc-219"/>
      </symbol>
      <symbol id="sm-81e">
         <name>_strcpy</name>
         <value>0xb3d0</value>
         <object_component_ref idref="oc-210"/>
      </symbol>
      <symbol id="sm-82c">
         <name>_strlen</name>
         <value>0xb3c1</value>
         <object_component_ref idref="oc-20e"/>
      </symbol>
      <symbol id="sm-840">
         <name>_frexpl</name>
         <value>0xae4c</value>
         <object_component_ref idref="oc-217"/>
      </symbol>
      <symbol id="sm-85f">
         <name>_scalbnl</name>
         <value>0xa929</value>
         <object_component_ref idref="oc-218"/>
      </symbol>
      <symbol id="sm-861">
         <name>_ldexpl</name>
         <value>0xa929</value>
         <object_component_ref idref="oc-218"/>
      </symbol>
      <symbol id="sm-86e">
         <name>_copysignl</name>
         <value>0xb215</value>
         <object_component_ref idref="oc-21a"/>
      </symbol>
      <symbol id="sm-87d">
         <name>_wcslen</name>
         <value>0xb3b0</value>
         <object_component_ref idref="oc-213"/>
      </symbol>
      <symbol id="sm-899">
         <name>FD$$ADD</name>
         <value>0xa9d2</value>
         <object_component_ref idref="oc-1d5"/>
      </symbol>
      <symbol id="sm-8a5">
         <name>UL$$MOD</name>
         <value>0xb173</value>
         <object_component_ref idref="oc-1da"/>
      </symbol>
      <symbol id="sm-8a6">
         <name>L$$MOD</name>
         <value>0xb15e</value>
         <object_component_ref idref="oc-1da"/>
      </symbol>
      <symbol id="sm-8a7">
         <name>L$$DIV</name>
         <value>0xb14f</value>
         <object_component_ref idref="oc-1da"/>
      </symbol>
      <symbol id="sm-8a8">
         <name>UL$$DIV</name>
         <value>0xb16c</value>
         <object_component_ref idref="oc-1da"/>
      </symbol>
   </symbol_table>
   <title>Link successful</title>
</link_info>
