******************************************************************************
             TMS320C2000 Linker PC v22.6.0                     
******************************************************************************
>> Linked Thu Mar 16 16:45:17 2023

OUTPUT FILE NAME:   <EisTemplate.out>
ENTRY POINT SYMBOL: "_c_int00"  address: 0000aefe


MEMORY CONFIGURATION

         name            origin    length      used     unused   attr    fill
----------------------  --------  ---------  --------  --------  ----  --------
PAGE 0:
  BEGIN                 00000000   00000002  00000002  00000000  RWIX
  BOOT_RSVD             00000002   0000004e  00000000  0000004e  RWIX
  RAMM0                 00000050   000003b0  00000000  000003b0  RWIX
  RAML0                 00008000   00001000  00000043  00000fbd  RWIX
  RAML1                 00009000   00003000  000023d8  00000c28  RWIX
  RAML2                 0000c000   00001000  00000000  00001000  RWIX
  RAML3                 0000d000   00001000  00000000  00001000  RWIX
  ZONE6A                00100000   0000fc00  00000000  0000fc00  RWIX
  CSM_RSVD              0033ff80   00000076  00000000  00000076  RWIX
  CSM_PWL               0033fff8   00000008  00000000  00000008  RWIX
  ADC_CAL               00380080   00000009  00000007  00000002  RWIX
  IQTABLES              003fe000   00000b50  00000000  00000b50  RWIX
  IQTABLES2             003feb50   0000008c  00000000  0000008c  RWIX
  FPUTABLES             003febdc   000006a0  00000000  000006a0  RWIX
  BOOTROM               003ff27c   00000d44  00000000  00000d44  RWIX
  RESET                 003fffc0   00000002  00000000  00000002  RWIX

PAGE 1:
  RAMM1                 00000400   00000400  00000000  00000400  RWIX
  DEV_EMU               00000880   00000180  000000d0  000000b0  RWIX
  FLASH_REGS            00000a80   00000060  00000008  00000058  RWIX
  CSM                   00000ae0   00000010  00000010  00000000  RWIX
  ADC_MIRROR            00000b00   00000010  00000010  00000000  RWIX
  XINTF                 00000b20   00000020  0000001e  00000002  RWIX
  CPU_TIMER0            00000c00   00000008  00000008  00000000  RWIX
  CPU_TIMER1            00000c08   00000008  00000008  00000000  RWIX
  CPU_TIMER2            00000c10   00000008  00000008  00000000  RWIX
  PIE_CTRL              00000ce0   00000020  0000001a  00000006  RWIX
  PIE_VECT              00000d00   00000100  00000100  00000000  RWIX
  DMA                   00001000   00000200  000000e0  00000120  RWIX
  MCBSPA                00005000   00000040  00000025  0000001b  RWIX
  MCBSPB                00005040   00000040  00000025  0000001b  RWIX
  ECANA                 00006000   00000040  00000034  0000000c  RWIX
  ECANA_LAM             00006040   00000040  00000040  00000000  RWIX
  ECANA_MOTS            00006080   00000040  00000040  00000000  RWIX
  ECANA_MOTO            000060c0   00000040  00000040  00000000  RWIX
  ECANA_MBOX            00006100   00000100  00000100  00000000  RWIX
  ECANB                 00006200   00000040  00000034  0000000c  RWIX
  ECANB_LAM             00006240   00000040  00000040  00000000  RWIX
  ECANB_MOTS            00006280   00000040  00000040  00000000  RWIX
  ECANB_MOTO            000062c0   00000040  00000040  00000000  RWIX
  ECANB_MBOX            00006300   00000100  00000100  00000000  RWIX
  EPWM1                 00006800   00000022  00000022  00000000  RWIX
  EPWM2                 00006840   00000022  00000022  00000000  RWIX
  EPWM3                 00006880   00000022  00000022  00000000  RWIX
  EPWM4                 000068c0   00000022  00000022  00000000  RWIX
  EPWM5                 00006900   00000022  00000022  00000000  RWIX
  EPWM6                 00006940   00000022  00000022  00000000  RWIX
  ECAP1                 00006a00   00000020  00000020  00000000  RWIX
  ECAP2                 00006a20   00000020  00000020  00000000  RWIX
  ECAP3                 00006a40   00000020  00000020  00000000  RWIX
  ECAP4                 00006a60   00000020  00000020  00000000  RWIX
  ECAP5                 00006a80   00000020  00000020  00000000  RWIX
  ECAP6                 00006aa0   00000020  00000020  00000000  RWIX
  EQEP1                 00006b00   00000040  00000040  00000000  RWIX
  EQEP2                 00006b40   00000040  00000040  00000000  RWIX
  GPIOCTRL              00006f80   00000040  0000002e  00000012  RWIX
  GPIODAT               00006fc0   00000020  00000020  00000000  RWIX
  GPIOINT               00006fe0   00000020  0000000a  00000016  RWIX
  SYSTEM                00007010   00000020  00000020  00000000  RWIX
  SPIA                  00007040   00000010  00000010  00000000  RWIX
  SCIA                  00007050   00000010  00000010  00000000  RWIX
  XINTRUPT              00007070   00000010  00000010  00000000  RWIX
  ADC                   00007100   00000020  0000001e  00000002  RWIX
  SCIB                  00007750   00000010  00000010  00000000  RWIX
  SCIC                  00007770   00000010  00000010  00000000  RWIX
  I2CA                  00007900   00000040  00000022  0000001e  RWIX
  RAML4                 0000c000   00001000  00000c7e  00000382  RWIX
  RAML5                 0000d000   00001000  000002ca  00000d36  RWIX
  RAML6                 0000e000   00001000  00000000  00001000  RWIX
  RAML7                 0000f000   00001000  00000000  00001000  RWIX
  ZONE7B                0020fc00   00000400  00000000  00000400  RWIX
  CSM_PWL               0033fff8   00000008  00000008  00000000  RWIX


SECTION ALLOCATION MAP

 output                                  attributes/
section   page    origin      length       input sections
--------  ----  ----------  ----------   ----------------
codestart 
*          0    00000000    00000002     
                  00000000    00000002     DSP2833x_CodeStartBranch.obj (codestart)

.cinit     0    00008000    0000003f     
                  00008000    00000011     main.obj (.cinit)
                  00008011    0000000e     rts2800_fpu32.lib : exit.c.obj (.cinit)
                  0000801f    00000005                       : _lock.c.obj (.cinit:__lock)
                  00008024    00000005                       : _lock.c.obj (.cinit:__unlock)
                  00008029    00000004     ad7606.obj (.cinit:_adc_value)
                  0000802d    00000004     sci.obj (.cinit:_sci_b_buf)
                  00008031    00000004     fft.obj (.cinit)
                  00008035    00000004     rts2800_fpu32.lib : errno.c.obj (.cinit)
                  00008039    00000004     sci.obj (.cinit)
                  0000803d    00000002     --HOLE-- [fill = 0]

ramfuncs   0    0000803f    00000004     
                  0000803f    00000004     DSP2833x_usDelay.obj (ramfuncs)

.text      0    00009000    000023d8     
                  00009000    000006d0     rts2800_fpu32.lib : _printfi.c.obj (.text)
                  000096d0    000005f5                       : _printfi.c.obj (.text:__TI_printfi)
                  00009cc5    0000038c                       : e_powf.c.obj (.text)
                  0000a051    00000323     DSP2833x_DefaultIsr.obj (.text:retain)
                  0000a374    00000213     fft.obj (.text)
                  0000a587    00000107     rts2800_fpu32.lib : ll_div28.asm.obj (.text)
                  0000a68e    000000fa     DSP2833x_Xintf.obj (.text)
                  0000a788    000000d7     DSP2833x_SysCtrl.obj (.text)
                  0000a85f    000000ca     rts2800_fpu32.lib : s_atanf.c.obj (.text)
                  0000a929    000000a9                       : s_scalbn.c.obj (.text)
                  0000a9d2    0000009c                       : fd_add28.asm.obj (.text)
                  0000aa6e    00000093     sci.obj (.text)
                  0000ab01    0000008b     rts2800_fpu32.lib : fd_div28.asm.obj (.text)
                  0000ab8c    00000088                       : fs_div28.asm.obj (.text)
                  0000ac14    00000083                       : fd_mpy28.asm.obj (.text)
                  0000ac97    0000007b     DSP2833x_CpuTimers.obj (.text)
                  0000ad12    00000071     ad7606.obj (.text)
                  0000ad83    00000066     rts2800_fpu32.lib : s_sinf.c.obj (.text)
                  0000ade9    00000063                       : s_cosf.c.obj (.text)
                  0000ae4c    0000005a                       : s_frexp.c.obj (.text)
                  0000aea6    00000058                       : s_scalbnf.c.obj (.text)
                  0000aefe    00000056                       : boot28.asm.obj (.text)
                  0000af54    0000004b     main.obj (.text)
                  0000af9f    00000047     DSP2833x_Sci.obj (.text)
                  0000afe6    00000040     sci.obj (.text:retain)
                  0000b026    00000038     timer.obj (.text:retain)
                  0000b05e    00000036     timer.obj (.text)
                  0000b094    00000031     rts2800_fpu32.lib : atoi.c.obj (.text)
                  0000b0c5    00000030                       : _ltoa.c.obj (.text)
                  0000b0f5    00000030                       : vsprintf.c.obj (.text)
                  0000b125    0000002a                       : fd_cmp28.asm.obj (.text)
                  0000b14f    0000002a                       : l_div28.asm.obj (.text)
                  0000b179    00000029                       : exit.c.obj (.text)
                  0000b1a2    00000028     DSP2833x_PieCtrl.obj (.text)
                  0000b1ca    00000027     rts2800_fpu32.lib : e_sqrtf.c.obj (.text)
                  0000b1f1    00000024                       : cpy_tbl.c.obj (.text)
                  0000b215    00000024                       : s_copysign.c.obj (.text)
                  0000b239    00000021                       : fd_toi28.asm.obj (.text)
                  0000b25a    00000020     DSP2833x_PieVect.obj (.text)
                  0000b27a    0000001f     rts2800_fpu32.lib : fd_tol28.asm.obj (.text)
                  0000b299    0000001e                       : ll_cmp28.asm.obj (.text)
                  0000b2b7    0000001d                       : i_tofd28.asm.obj (.text)
                  0000b2d4    0000001d                       : memcpy.c.obj (.text)
                  0000b2f1    0000001c                       : fs_tofdfpu32.asm.obj (.text)
                  0000b30d    0000001c                       : l_tofd28.asm.obj (.text)
                  0000b329    00000018                       : ll_aox28.asm.obj (.text)
                  0000b341    00000012                       : args_main.c.obj (.text)
                  0000b353    00000011                       : s_copysignf.c.obj (.text)
                  0000b364    00000010     beep.obj (.text)
                  0000b374    00000010     rts2800_fpu32.lib : memccpy.c.obj (.text)
                  0000b384    0000000e                       : fd_sub28.asm.obj (.text)
                  0000b392    0000000c                       : strchr.c.obj (.text)
                  0000b39e    00000009                       : _lock.c.obj (.text)
                  0000b3a7    00000009                       : fd_neg28.asm.obj (.text)
                  0000b3b0    00000009                       : wcslen.c.obj (.text)
                  0000b3b9    00000008     DSP2833x_CodeStartBranch.obj (.text)
                  0000b3c1    00000008     rts2800_fpu32.lib : strlen.c.obj (.text)
                  0000b3c9    00000007                       : memset.c.obj (.text)
                  0000b3d0    00000005                       : strcpy.c.obj (.text)
                  0000b3d5    00000002                       : pre_init.c.obj (.text)
                  0000b3d7    00000001                       : startup.c.obj (.text)

.pinit     0    00008000    00000000     UNINITIALIZED

DevEmuRegsFile 
*          1    00000880    000000d0     UNINITIALIZED
                  00000880    000000d0     DSP2833x_GlobalVariableDefs.obj (DevEmuRegsFile)

FlashRegsFile 
*          1    00000a80    00000008     UNINITIALIZED
                  00000a80    00000008     DSP2833x_GlobalVariableDefs.obj (FlashRegsFile)

CsmRegsFile 
*          1    00000ae0    00000010     UNINITIALIZED
                  00000ae0    00000010     DSP2833x_GlobalVariableDefs.obj (CsmRegsFile)

AdcMirrorFile 
*          1    00000b00    00000010     UNINITIALIZED
                  00000b00    00000010     DSP2833x_GlobalVariableDefs.obj (AdcMirrorFile)

XintfRegsFile 
*          1    00000b20    0000001e     UNINITIALIZED
                  00000b20    0000001e     DSP2833x_GlobalVariableDefs.obj (XintfRegsFile)

CpuTimer0RegsFile 
*          1    00000c00    00000008     UNINITIALIZED
                  00000c00    00000008     DSP2833x_GlobalVariableDefs.obj (CpuTimer0RegsFile)

CpuTimer1RegsFile 
*          1    00000c08    00000008     UNINITIALIZED
                  00000c08    00000008     DSP2833x_GlobalVariableDefs.obj (CpuTimer1RegsFile)

CpuTimer2RegsFile 
*          1    00000c10    00000008     UNINITIALIZED
                  00000c10    00000008     DSP2833x_GlobalVariableDefs.obj (CpuTimer2RegsFile)

PieCtrlRegsFile 
*          1    00000ce0    0000001a     UNINITIALIZED
                  00000ce0    0000001a     DSP2833x_GlobalVariableDefs.obj (PieCtrlRegsFile)

ECanaMOTSRegsFile 
*          1    00006080    00000040     UNINITIALIZED
                  00006080    00000040     DSP2833x_GlobalVariableDefs.obj (ECanaMOTSRegsFile)

ECanaMOTORegsFile 
*          1    000060c0    00000040     UNINITIALIZED
                  000060c0    00000040     DSP2833x_GlobalVariableDefs.obj (ECanaMOTORegsFile)

ECanbMOTSRegsFile 
*          1    00006280    00000040     UNINITIALIZED
                  00006280    00000040     DSP2833x_GlobalVariableDefs.obj (ECanbMOTSRegsFile)

ECanbMOTORegsFile 
*          1    000062c0    00000040     UNINITIALIZED
                  000062c0    00000040     DSP2833x_GlobalVariableDefs.obj (ECanbMOTORegsFile)

.stack     1    0000c000    00000400     UNINITIALIZED
                  0000c000    00000400     --HOLE--

.ebss      1    0000c400    0000087e     UNINITIALIZED
                  0000c400    00000300     main.obj (.ebss:_output)
                  0000c700    00000210     sci.obj (.ebss:_write_buf$1)
                  0000c910    00000018     DSP2833x_CpuTimers.obj (.ebss)
                  0000c928    0000000a     fft.obj (.ebss)
                  0000c932    00000008     ad7606.obj (.ebss:_adc_value)
                  0000c93a    00000006     main.obj (.ebss)
                  0000c940    00000200     fft.obj (.ebss:_input_complex)
                  0000cb40    00000100     main.obj (.ebss:_testSample7)
                  0000cc40    00000032     sci.obj (.ebss:_sci_b_buf)
                  0000cc72    00000006     rts2800_fpu32.lib : exit.c.obj (.ebss)
                  0000cc78    00000002                       : _lock.c.obj (.ebss:__lock)
                  0000cc7a    00000002                       : _lock.c.obj (.ebss:__unlock)
                  0000cc7c    00000001                       : errno.c.obj (.ebss)
                  0000cc7d    00000001     sci.obj (.ebss)

.econst    1    0000d000    000002ca     
                  0000d000    00000101     rts2800_fpu32.lib : ctype.c.obj (.econst:.string:__ctypes_)
                  0000d101    00000001     --HOLE-- [fill = 0]
                  0000d102    00000100     DSP2833x_PieVect.obj (.econst:_PieVectTableInit)
                  0000d202    00000032     rts2800_fpu32.lib : e_powf.c.obj (.econst)
                  0000d234    00000026                       : _printfi.c.obj (.econst:.string)
                  0000d25a    0000001c                       : _printfi.c.obj (.econst)
                  0000d276    0000001c                       : s_scalbn.c.obj (.econst)
                  0000d292    0000000a                       : s_atanf.c.obj (.econst:_aT)
                  0000d29c    00000008                       : s_atanf.c.obj (.econst:_atanhi)
                  0000d2a4    00000008                       : s_atanf.c.obj (.econst:_atanlo)
                  0000d2ac    00000008                       : s_frexp.c.obj (.econst)
                  0000d2b4    00000006                       : s_scalbnf.c.obj (.econst)
                  0000d2ba    00000004                       : e_powf.c.obj (.econst:_bp)
                  0000d2be    00000004                       : e_powf.c.obj (.econst:_dp_h)
                  0000d2c2    00000004                       : e_powf.c.obj (.econst:_dp_l)
                  0000d2c6    00000004                       : s_atanf.c.obj (.econst)

.reset     0    003fffc0    00000002     DSECT
                  003fffc0    00000002     rts2800_fpu32.lib : boot28.asm.obj (.reset)

csm_rsvd   0    0033ff80    00000000     DSECT

csmpasswds 
*          0    0033fff8    00000000     DSECT

.adc_cal   0    00380080    00000007     NOLOAD SECTION
                  00380080    00000007     DSP2833x_ADC_cal.obj (.adc_cal)

PieVectTableFile 
*          1    00000d00    00000100     UNINITIALIZED
                  00000d00    00000100     DSP2833x_GlobalVariableDefs.obj (PieVectTableFile)

DmaRegsFile 
*          1    00001000    000000e0     UNINITIALIZED
                  00001000    000000e0     DSP2833x_GlobalVariableDefs.obj (DmaRegsFile)

McbspaRegsFile 
*          1    00005000    00000025     UNINITIALIZED
                  00005000    00000025     DSP2833x_GlobalVariableDefs.obj (McbspaRegsFile)

McbspbRegsFile 
*          1    00005040    00000025     UNINITIALIZED
                  00005040    00000025     DSP2833x_GlobalVariableDefs.obj (McbspbRegsFile)

ECanaRegsFile 
*          1    00006000    00000034     UNINITIALIZED
                  00006000    00000034     DSP2833x_GlobalVariableDefs.obj (ECanaRegsFile)

ECanaLAMRegsFile 
*          1    00006040    00000040     UNINITIALIZED
                  00006040    00000040     DSP2833x_GlobalVariableDefs.obj (ECanaLAMRegsFile)

ECanaMboxesFile 
*          1    00006100    00000100     UNINITIALIZED
                  00006100    00000100     DSP2833x_GlobalVariableDefs.obj (ECanaMboxesFile)

ECanbRegsFile 
*          1    00006200    00000034     UNINITIALIZED
                  00006200    00000034     DSP2833x_GlobalVariableDefs.obj (ECanbRegsFile)

ECanbLAMRegsFile 
*          1    00006240    00000040     UNINITIALIZED
                  00006240    00000040     DSP2833x_GlobalVariableDefs.obj (ECanbLAMRegsFile)

ECanbMboxesFile 
*          1    00006300    00000100     UNINITIALIZED
                  00006300    00000100     DSP2833x_GlobalVariableDefs.obj (ECanbMboxesFile)

EPwm1RegsFile 
*          1    00006800    00000022     UNINITIALIZED
                  00006800    00000022     DSP2833x_GlobalVariableDefs.obj (EPwm1RegsFile)

EPwm2RegsFile 
*          1    00006840    00000022     UNINITIALIZED
                  00006840    00000022     DSP2833x_GlobalVariableDefs.obj (EPwm2RegsFile)

EPwm3RegsFile 
*          1    00006880    00000022     UNINITIALIZED
                  00006880    00000022     DSP2833x_GlobalVariableDefs.obj (EPwm3RegsFile)

EPwm4RegsFile 
*          1    000068c0    00000022     UNINITIALIZED
                  000068c0    00000022     DSP2833x_GlobalVariableDefs.obj (EPwm4RegsFile)

EPwm5RegsFile 
*          1    00006900    00000022     UNINITIALIZED
                  00006900    00000022     DSP2833x_GlobalVariableDefs.obj (EPwm5RegsFile)

EPwm6RegsFile 
*          1    00006940    00000022     UNINITIALIZED
                  00006940    00000022     DSP2833x_GlobalVariableDefs.obj (EPwm6RegsFile)

ECap1RegsFile 
*          1    00006a00    00000020     UNINITIALIZED
                  00006a00    00000020     DSP2833x_GlobalVariableDefs.obj (ECap1RegsFile)

ECap2RegsFile 
*          1    00006a20    00000020     UNINITIALIZED
                  00006a20    00000020     DSP2833x_GlobalVariableDefs.obj (ECap2RegsFile)

ECap3RegsFile 
*          1    00006a40    00000020     UNINITIALIZED
                  00006a40    00000020     DSP2833x_GlobalVariableDefs.obj (ECap3RegsFile)

ECap4RegsFile 
*          1    00006a60    00000020     UNINITIALIZED
                  00006a60    00000020     DSP2833x_GlobalVariableDefs.obj (ECap4RegsFile)

ECap5RegsFile 
*          1    00006a80    00000020     UNINITIALIZED
                  00006a80    00000020     DSP2833x_GlobalVariableDefs.obj (ECap5RegsFile)

ECap6RegsFile 
*          1    00006aa0    00000020     UNINITIALIZED
                  00006aa0    00000020     DSP2833x_GlobalVariableDefs.obj (ECap6RegsFile)

EQep1RegsFile 
*          1    00006b00    00000040     UNINITIALIZED
                  00006b00    00000040     DSP2833x_GlobalVariableDefs.obj (EQep1RegsFile)

EQep2RegsFile 
*          1    00006b40    00000040     UNINITIALIZED
                  00006b40    00000040     DSP2833x_GlobalVariableDefs.obj (EQep2RegsFile)

GpioCtrlRegsFile 
*          1    00006f80    0000002e     UNINITIALIZED
                  00006f80    0000002e     DSP2833x_GlobalVariableDefs.obj (GpioCtrlRegsFile)

GpioDataRegsFile 
*          1    00006fc0    00000020     UNINITIALIZED
                  00006fc0    00000020     DSP2833x_GlobalVariableDefs.obj (GpioDataRegsFile)

GpioIntRegsFile 
*          1    00006fe0    0000000a     UNINITIALIZED
                  00006fe0    0000000a     DSP2833x_GlobalVariableDefs.obj (GpioIntRegsFile)

SysCtrlRegsFile 
*          1    00007010    00000020     UNINITIALIZED
                  00007010    00000020     DSP2833x_GlobalVariableDefs.obj (SysCtrlRegsFile)

SpiaRegsFile 
*          1    00007040    00000010     UNINITIALIZED
                  00007040    00000010     DSP2833x_GlobalVariableDefs.obj (SpiaRegsFile)

SciaRegsFile 
*          1    00007050    00000010     UNINITIALIZED
                  00007050    00000010     DSP2833x_GlobalVariableDefs.obj (SciaRegsFile)

XIntruptRegsFile 
*          1    00007070    00000010     UNINITIALIZED
                  00007070    00000010     DSP2833x_GlobalVariableDefs.obj (XIntruptRegsFile)

AdcRegsFile 
*          1    00007100    0000001e     UNINITIALIZED
                  00007100    0000001e     DSP2833x_GlobalVariableDefs.obj (AdcRegsFile)

ScibRegsFile 
*          1    00007750    00000010     UNINITIALIZED
                  00007750    00000010     DSP2833x_GlobalVariableDefs.obj (ScibRegsFile)

ScicRegsFile 
*          1    00007770    00000010     UNINITIALIZED
                  00007770    00000010     DSP2833x_GlobalVariableDefs.obj (ScicRegsFile)

I2caRegsFile 
*          1    00007900    00000022     UNINITIALIZED
                  00007900    00000022     DSP2833x_GlobalVariableDefs.obj (I2caRegsFile)

CsmPwlFile 
*          1    0033fff8    00000008     UNINITIALIZED
                  0033fff8    00000008     DSP2833x_GlobalVariableDefs.obj (CsmPwlFile)

MODULE SUMMARY

       Module                            code   initialized data   uninitialized data
       ------                            ----   ----------------   ------------------
    .\App\ad7606\
       ad7606.obj                        113    4                  8                 
    +--+---------------------------------+------+------------------+--------------------+
       Total:                            113    4                  8                 
                                                                                     
    .\App\beep\
       beep.obj                          16     0                  0                 
    +--+---------------------------------+------+------------------+--------------------+
       Total:                            16     0                  0                 
                                                                                     
    .\App\fft\
       fft.obj                           531    4                  522               
    +--+---------------------------------+------+------------------+--------------------+
       Total:                            531    4                  522               
                                                                                     
    .\App\sci-x\
       sci.obj                           211    8                  579               
    +--+---------------------------------+------+------------------+--------------------+
       Total:                            211    8                  579               
                                                                                     
    .\App\timer\
       timer.obj                         110    0                  0                 
    +--+---------------------------------+------+------------------+--------------------+
       Total:                            110    0                  0                 
                                                                                     
    .\Dsp2833x_Lib\src\
       DSP2833x_GlobalVariableDefs.obj   0      0                  2678              
       DSP2833x_DefaultIsr.obj           803    0                  0                 
       DSP2833x_PieVect.obj              32     256                0                 
       DSP2833x_Xintf.obj                250    0                  0                 
       DSP2833x_SysCtrl.obj              215    0                  0                 
       DSP2833x_CpuTimers.obj            123    0                  24                
       DSP2833x_Sci.obj                  71     0                  0                 
       DSP2833x_PieCtrl.obj              40     0                  0                 
       DSP2833x_CodeStartBranch.obj      10     0                  0                 
       DSP2833x_ADC_cal.obj              7      0                  0                 
       DSP2833x_usDelay.obj              4      0                  0                 
    +--+---------------------------------+------+------------------+--------------------+
       Total:                            1555   256                2702              
                                                                                     
    .\User\
       main.obj                          75     17                 1030              
    +--+---------------------------------+------+------------------+--------------------+
       Total:                            75     17                 1030              
                                                                                     
    E:\ti\ccs1220\ccs\tools\compiler\ti-cgt-c2000_22.6.0.LTS\lib\rts2800_fpu32.lib
       _printfi.c.obj                    3269   66                 0                 
       e_powf.c.obj                      908    62                 0                 
       ll_div28.asm.obj                  263    0                  0                 
       ctype.c.obj                       0      257                0                 
       s_atanf.c.obj                     202    30                 0                 
       s_scalbn.c.obj                    169    28                 0                 
       fd_add28.asm.obj                  156    0                  0                 
       fd_div28.asm.obj                  139    0                  0                 
       fs_div28.asm.obj                  136    0                  0                 
       fd_mpy28.asm.obj                  131    0                  0                 
       s_sinf.c.obj                      102    0                  0                 
       s_cosf.c.obj                      99     0                  0                 
       s_frexp.c.obj                     90     8                  0                 
       s_scalbnf.c.obj                   88     6                  0                 
       boot28.asm.obj                    86     0                  0                 
       exit.c.obj                        41     14                 6                 
       atoi.c.obj                        49     0                  0                 
       _ltoa.c.obj                       48     0                  0                 
       vsprintf.c.obj                    48     0                  0                 
       fd_cmp28.asm.obj                  42     0                  0                 
       l_div28.asm.obj                   42     0                  0                 
       e_sqrtf.c.obj                     39     0                  0                 
       cpy_tbl.c.obj                     36     0                  0                 
       s_copysign.c.obj                  36     0                  0                 
       fd_toi28.asm.obj                  33     0                  0                 
       fd_tol28.asm.obj                  31     0                  0                 
       ll_cmp28.asm.obj                  30     0                  0                 
       i_tofd28.asm.obj                  29     0                  0                 
       memcpy.c.obj                      29     0                  0                 
       fs_tofdfpu32.asm.obj              28     0                  0                 
       l_tofd28.asm.obj                  28     0                  0                 
       ll_aox28.asm.obj                  24     0                  0                 
       _lock.c.obj                       9      10                 4                 
       args_main.c.obj                   18     0                  0                 
       s_copysignf.c.obj                 17     0                  0                 
       memccpy.c.obj                     16     0                  0                 
       fd_sub28.asm.obj                  14     0                  0                 
       strchr.c.obj                      12     0                  0                 
       fd_neg28.asm.obj                  9      0                  0                 
       wcslen.c.obj                      9      0                  0                 
       strlen.c.obj                      8      0                  0                 
       memset.c.obj                      7      0                  0                 
       errno.c.obj                       0      4                  1                 
       strcpy.c.obj                      5      0                  0                 
       pre_init.c.obj                    2      0                  0                 
       startup.c.obj                     1      0                  0                 
    +--+---------------------------------+------+------------------+--------------------+
       Total:                            6578   485                11                
                                                                                     
       Stack:                            0      0                  1024              
    +--+---------------------------------+------+------------------+--------------------+
       Grand Total:                      9189   774                5876              


GLOBAL DATA SYMBOLS: SORTED BY DATA PAGE

address     data page           name
--------    ----------------    ----
00000880      22 (00000880)     _DevEmuRegs

00000a80      2a (00000a80)     _FlashRegs

00000ae0      2b (00000ac0)     _CsmRegs

00000b00      2c (00000b00)     _AdcMirror
00000b20      2c (00000b00)     _XintfRegs

00000c00      30 (00000c00)     _CpuTimer0Regs
00000c08      30 (00000c00)     _CpuTimer1Regs
00000c10      30 (00000c00)     _CpuTimer2Regs

00000ce0      33 (00000cc0)     _PieCtrlRegs

00000d00      34 (00000d00)     _PieVectTable

00001000      40 (00001000)     _DmaRegs

00005000     140 (00005000)     _McbspaRegs

00005040     141 (00005040)     _McbspbRegs

00006000     180 (00006000)     _ECanaRegs

00006040     181 (00006040)     _ECanaLAMRegs

00006080     182 (00006080)     _ECanaMOTSRegs

000060c0     183 (000060c0)     _ECanaMOTORegs

00006100     184 (00006100)     _ECanaMboxes

00006200     188 (00006200)     _ECanbRegs

00006240     189 (00006240)     _ECanbLAMRegs

00006280     18a (00006280)     _ECanbMOTSRegs

000062c0     18b (000062c0)     _ECanbMOTORegs

00006300     18c (00006300)     _ECanbMboxes

00006800     1a0 (00006800)     _EPwm1Regs

00006840     1a1 (00006840)     _EPwm2Regs

00006880     1a2 (00006880)     _EPwm3Regs

000068c0     1a3 (000068c0)     _EPwm4Regs

00006900     1a4 (00006900)     _EPwm5Regs

00006940     1a5 (00006940)     _EPwm6Regs

00006a00     1a8 (00006a00)     _ECap1Regs
00006a20     1a8 (00006a00)     _ECap2Regs

00006a40     1a9 (00006a40)     _ECap3Regs
00006a60     1a9 (00006a40)     _ECap4Regs

00006a80     1aa (00006a80)     _ECap5Regs
00006aa0     1aa (00006a80)     _ECap6Regs

00006b00     1ac (00006b00)     _EQep1Regs

00006b40     1ad (00006b40)     _EQep2Regs

00006f80     1be (00006f80)     _GpioCtrlRegs

00006fc0     1bf (00006fc0)     _GpioDataRegs
00006fe0     1bf (00006fc0)     _GpioIntRegs

00007010     1c0 (00007000)     _SysCtrlRegs

00007040     1c1 (00007040)     _SpiaRegs
00007050     1c1 (00007040)     _SciaRegs
00007070     1c1 (00007040)     _XIntruptRegs

00007100     1c4 (00007100)     _AdcRegs

00007750     1dd (00007740)     _ScibRegs
00007770     1dd (00007740)     _ScicRegs

00007900     1e4 (00007900)     _I2caRegs

0000c000     300 (0000c000)     __stack

0000c400     310 (0000c400)     _output

0000c910     324 (0000c900)     _CpuTimer0
0000c918     324 (0000c900)     _CpuTimer1
0000c920     324 (0000c900)     _CpuTimer2
0000c928     324 (0000c900)     _N_FFT
0000c92a     324 (0000c900)     _WNP
0000c92e     324 (0000c900)     _WNP_XJB
0000c932     324 (0000c900)     _adc_value
0000c93a     324 (0000c900)     _timer0_flag
0000c93b     324 (0000c900)     _text
0000c93c     324 (0000c900)     _adc_cnt
0000c93e     324 (0000c900)     _PI

0000c940     325 (0000c940)     _input_complex

0000cb40     32d (0000cb40)     _testSample7

0000cc40     331 (0000cc40)     _sci_b_buf
0000cc72     331 (0000cc40)     ___TI_enable_exit_profile_output
0000cc74     331 (0000cc40)     ___TI_cleanup_ptr
0000cc76     331 (0000cc40)     ___TI_dtors_ptr
0000cc78     331 (0000cc40)     __lock
0000cc7a     331 (0000cc40)     __unlock
0000cc7c     331 (0000cc40)     _errno
0000cc7d     331 (0000cc40)     _sci_rx_data_len

0000d000     340 (0000d000)     __ctypes_

0000d102     344 (0000d100)     _PieVectTableInit

0033fff8    cfff (0033ffc0)     _CsmPwl


GLOBAL SYMBOLS: SORTED ALPHABETICALLY BY Name 

page  address   name                            
----  -------   ----                            
0     00009000  .text                           
0     0000b179  C$$EXIT                         
0     0000a9d2  FD$$ADD                         
0     0000b125  FD$$CMP                         
0     0000ab01  FD$$DIV                         
0     0000ac14  FD$$MPY                         
0     0000b3a7  FD$$NEG                         
0     0000b384  FD$$SUB                         
0     0000b239  FD$$TOI                         
0     0000b27a  FD$$TOL                         
0     0000ab8c  FS$$DIV                         
0     0000b2f1  FS$$TOFD                        
0     0000b2b7  I$$TOFD                         
0     0000b14f  L$$DIV                          
0     0000b15e  L$$MOD                          
0     0000b30d  L$$TOFD                         
0     0000b329  LL$$AND                         
0     0000b299  LL$$CMP                         
0     0000a587  LL$$DIV                         
0     0000a5c3  LL$$MOD                         
0     0000b331  LL$$OR                          
0     0000b339  LL$$XOR                         
0     0000b16c  UL$$DIV                         
0     0000b173  UL$$MOD                         
0     0000b2ab  ULL$$CMP                        
0     0000a5fd  ULL$$DIV                        
0     0000a62c  ULL$$MOD                        
0     0000a137  _ADCINT_ISR                     
0     00380080  _ADC_cal                        
1     00000b00  _AdcMirror                      
1     00007100  _AdcRegs                        
0     0000a416  _B2FFT_CHEUNG                   
0     0000acd8  _ConfigCpuTimer                 
1     0000c910  _CpuTimer0                      
1     00000c00  _CpuTimer0Regs                  
1     0000c918  _CpuTimer1                      
1     00000c08  _CpuTimer1Regs                  
1     0000c920  _CpuTimer2                      
1     00000c10  _CpuTimer2Regs                  
1     0033fff8  _CsmPwl                         
1     00000ae0  _CsmRegs                        
0     0000a82e  _CsmUnlock                      
0     0000a065  _DATALOG_ISR                    
0     0000a259  _DINTCH1_ISR                    
0     0000a263  _DINTCH2_ISR                    
0     0000a26d  _DINTCH3_ISR                    
0     0000a277  _DINTCH4_ISR                    
0     0000a281  _DINTCH5_ISR                    
0     0000a28b  _DINTCH6_ISR                    
0     0000803f  _DSP28x_usDelay                 
1     00000880  _DevEmuRegs                     
0     0000a79b  _DisableDog                     
1     00001000  _DmaRegs                        
0     0000a2e5  _ECAN0INTA_ISR                  
0     0000a2f9  _ECAN0INTB_ISR                  
0     0000a2ef  _ECAN1INTA_ISR                  
0     0000a303  _ECAN1INTB_ISR                  
0     0000a1cd  _ECAP1_INT_ISR                  
0     0000a1d7  _ECAP2_INT_ISR                  
0     0000a1e1  _ECAP3_INT_ISR                  
0     0000a1eb  _ECAP4_INT_ISR                  
0     0000a1f5  _ECAP5_INT_ISR                  
0     0000a1ff  _ECAP6_INT_ISR                  
1     00006040  _ECanaLAMRegs                   
1     000060c0  _ECanaMOTORegs                  
1     00006080  _ECanaMOTSRegs                  
1     00006100  _ECanaMboxes                    
1     00006000  _ECanaRegs                      
1     00006240  _ECanbLAMRegs                   
1     000062c0  _ECanbMOTORegs                  
1     00006280  _ECanbMOTSRegs                  
1     00006300  _ECanbMboxes                    
1     00006200  _ECanbRegs                      
1     00006a00  _ECap1Regs                      
1     00006a20  _ECap2Regs                      
1     00006a40  _ECap3Regs                      
1     00006a60  _ECap4Regs                      
1     00006a80  _ECap5Regs                      
1     00006aa0  _ECap6Regs                      
0     0000a353  _EMPTY_ISR                      
0     0000a079  _EMUINT_ISR                     
0     0000a191  _EPWM1_INT_ISR                  
0     0000a155  _EPWM1_TZINT_ISR                
0     0000a19b  _EPWM2_INT_ISR                  
0     0000a15f  _EPWM2_TZINT_ISR                
0     0000a1a5  _EPWM3_INT_ISR                  
0     0000a169  _EPWM3_TZINT_ISR                
0     0000a1af  _EPWM4_INT_ISR                  
0     0000a173  _EPWM4_TZINT_ISR                
0     0000a1b9  _EPWM5_INT_ISR                  
0     0000a17d  _EPWM5_TZINT_ISR                
0     0000a1c3  _EPWM6_INT_ISR                  
0     0000a187  _EPWM6_TZINT_ISR                
1     00006800  _EPwm1Regs                      
1     00006840  _EPwm2Regs                      
1     00006880  _EPwm3Regs                      
1     000068c0  _EPwm4Regs                      
1     00006900  _EPwm5Regs                      
1     00006940  _EPwm6Regs                      
0     0000a209  _EQEP1_INT_ISR                  
0     0000a213  _EQEP2_INT_ISR                  
1     00006b00  _EQep1Regs                      
1     00006b40  _EQep2Regs                      
0     0000b1c1  _EnableInterrupts               
1     00000a80  _FlashRegs                      
1     00006f80  _GpioCtrlRegs                   
1     00006fc0  _GpioDataRegs                   
1     00006fe0  _GpioIntRegs                    
0     0000a295  _I2CINT1A_ISR                   
0     0000a29f  _I2CINT2A_ISR                   
1     00007900  _I2caRegs                       
0     0000a08d  _ILLEGAL_ISR                    
0     0000a051  _INT13_ISR                      
0     0000a05b  _INT14_ISR                      
0     0000ac97  _InitCpuTimers                  
0     0000a7f3  _InitPeripheralClocks           
0     0000b1a2  _InitPieCtrl                    
0     0000b25a  _InitPieVectTable               
0     0000a7a3  _InitPll                        
0     0000af9f  _InitSci                        
0     0000afa0  _InitSciGpio                    
0     0000afa5  _InitSciaGpio                   
0     0000afba  _InitScibGpio                   
0     0000afd0  _InitScicGpio                   
0     0000a788  _InitSysCtrl                    
0     0000a68e  _InitXintf                      
0     0000a72e  _InitXintf16Gpio                
0     0000a6e7  _InitXintf32Gpio                
0     0000a349  _LUF_ISR                        
0     0000a33f  _LVF_ISR                        
0     0000a245  _MRINTA_ISR                     
0     0000a231  _MRINTB_ISR                     
0     0000a374  _MUL_Complex                    
0     0000a24f  _MXINTA_ISR                     
0     0000a23b  _MXINTB_ISR                     
1     00005000  _McbspaRegs                     
1     00005040  _McbspbRegs                     
0     0000a3ab  _ModelComplex                   
0     0000a083  _NMI_ISR                        
1     0000c928  _N_FFT                          
1     0000c93e  _PI                             
0     0000a360  _PIE_RESERVED                   
0     0000a3eb  _PhaseComplex                   
1     00000ce0  _PieCtrlRegs                    
1     00000d00  _PieVectTable                   
1     0000d102  _PieVectTableInit               
0     0000a06f  _RTOSINT_ISR                    
0     0000afe6  _SCIB_IRQ_Handle                
0     0000a2bd  _SCIRXINTA_ISR                  
0     0000a2d1  _SCIRXINTB_ISR                  
0     0000a2a9  _SCIRXINTC_ISR                  
0     0000a2c7  _SCITXINTA_ISR                  
0     0000a2db  _SCITXINTB_ISR                  
0     0000a2b3  _SCITXINTC_ISR                  
0     0000a10f  _SEQ1INT_ISR                    
0     0000a119  _SEQ2INT_ISR                    
0     0000a21d  _SPIRXINTA_ISR                  
0     0000a227  _SPITXINTA_ISR                  
1     00007050  _SciaRegs                       
1     00007750  _ScibRegs                       
1     00007770  _ScicRegs                       
0     0000a791  _ServiceDog                     
1     00007040  _SpiaRegs                       
1     00007010  _SysCtrlRegs                    
0     0000b026  _TIM0_IRQ_Handle                
0     0000a141  _TINT0_ISR                      
0     0000a0f1  _USER10_ISR                     
0     0000a0fb  _USER11_ISR                     
0     0000a105  _USER12_ISR                     
0     0000a097  _USER1_ISR                      
0     0000a0a1  _USER2_ISR                      
0     0000a0ab  _USER3_ISR                      
0     0000a0b5  _USER4_ISR                      
0     0000a0bf  _USER5_ISR                      
0     0000a0c9  _USER6_ISR                      
0     0000a0d3  _USER7_ISR                      
0     0000a0dd  _USER8_ISR                      
0     0000a0e7  _USER9_ISR                      
0     0000a14b  _WAKEINT_ISR                    
1     0000c92a  _WNP                            
1     0000c92e  _WNP_XJB                        
0     0000a123  _XINT1_ISR                      
0     0000a12d  _XINT2_ISR                      
0     0000a30d  _XINT3_ISR                      
0     0000a317  _XINT4_ISR                      
0     0000a321  _XINT5_ISR                      
0     0000a32b  _XINT6_ISR                      
0     0000a335  _XINT7_ISR                      
1     00007070  _XIntruptRegs                   
1     00000b20  _XintfRegs                      
1     0000c400  __STACK_END                     
abs   00000400  __STACK_SIZE                    
1     0000cc74  ___TI_cleanup_ptr               
1     0000cc76  ___TI_dtors_ptr                 
1     0000cc72  ___TI_enable_exit_profile_output
0     0000b0c5  ___TI_ltoa                      
abs   ffffffff  ___TI_pprof_out_hndl            
0     00009b40  ___TI_printfi                   
abs   ffffffff  ___TI_prof_data_size            
abs   ffffffff  ___TI_prof_data_start           
abs   ffffffff  ___binit__                      
abs   ffffffff  ___c_args__                     
0     00008000  ___cinit__                      
0     0000b3d8  ___etext__                      
abs   ffffffff  ___pinit__                      
0     00009000  ___text__                       
0     0000b341  __args_main                     
1     0000d000  __ctypes_                       
1     0000cc78  __lock                          
0     0000b3a6  __nop                           
0     0000b3a2  __register_lock                 
0     0000b39e  __register_unlock               
1     0000c000  __stack                         
0     0000b3d7  __system_post_cinit             
0     0000b3d5  __system_pre_init               
1     0000cc7a  __unlock                        
0     0000b179  _abort                          
0     0000ad12  _ad7606_init                    
0     0000ad5e  _ad7606_sample                  
1     0000c93c  _adc_cnt                        
1     0000c932  _adc_value                      
0     0000a85f  _atan                           
0     0000a85f  _atanf                          
0     0000b094  _atoi                           
0     0000b364  _beep_init                      
0     0000aefe  _c_int00                        
0     0000b1f1  _copy_in                        
0     0000b353  _copysign                       
0     0000b353  _copysignf                      
0     0000b215  _copysignl                      
0     0000ade9  _cos                            
0     0000ade9  _cosf                           
1     0000cc7c  _errno                          
0     0000b17b  _exit                           
0     0000ae4c  _frexpl                         
1     0000c940  _input_complex                  
0     0000aea6  _ldexp                          
0     0000aea6  _ldexpf                         
0     0000a929  _ldexpl                         
0     0000af54  _main                           
0     0000b374  _memccpy                        
0     0000b2d4  _memcpy                         
0     0000b3c9  _memset                         
1     0000c400  _output                         
0     00009cc5  _pow                            
0     00009cc5  _powf                           
0     0000a36a  _rsvd_ISR                       
0     0000a52d  _run_fft                        
0     0000aea6  _scalbn                         
0     0000aea6  _scalbnf                        
0     0000a929  _scalbnl                        
1     0000cc40  _sci_b_buf                      
0     0000aa90  _sci_b_init                     
1     0000cc7d  _sci_rx_data_len                
0     0000aadb  _sci_send_byte                  
0     0000aaec  _sci_send_msg                   
0     0000ad83  _sin                            
0     0000ad83  _sinf                           
0     0000b1ca  _sqrt                           
0     0000b1ca  _sqrtf                          
0     0000b392  _strchr                         
0     0000b3d0  _strcpy                         
0     0000b3c1  _strlen                         
1     0000cb40  _testSample7                    
1     0000c93b  _text                           
1     0000c93a  _timer0_flag                    
0     0000b05e  _timer0_init                    
0     0000aa6e  _uart_printf                    
0     0000b0f5  _vsprintf                       
0     0000b3b0  _wcslen                         
abs   ffffffff  binit                           
0     00008000  cinit                           
0     00000000  code_start                      
0     0000b3d8  etext                           
abs   ffffffff  pinit                           


GLOBAL SYMBOLS: SORTED BY Symbol Address 

page  address   name                            
----  -------   ----                            
0     00000000  code_start                      
0     00008000  ___cinit__                      
0     00008000  cinit                           
0     0000803f  _DSP28x_usDelay                 
0     00009000  .text                           
0     00009000  ___text__                       
0     00009b40  ___TI_printfi                   
0     00009cc5  _pow                            
0     00009cc5  _powf                           
0     0000a051  _INT13_ISR                      
0     0000a05b  _INT14_ISR                      
0     0000a065  _DATALOG_ISR                    
0     0000a06f  _RTOSINT_ISR                    
0     0000a079  _EMUINT_ISR                     
0     0000a083  _NMI_ISR                        
0     0000a08d  _ILLEGAL_ISR                    
0     0000a097  _USER1_ISR                      
0     0000a0a1  _USER2_ISR                      
0     0000a0ab  _USER3_ISR                      
0     0000a0b5  _USER4_ISR                      
0     0000a0bf  _USER5_ISR                      
0     0000a0c9  _USER6_ISR                      
0     0000a0d3  _USER7_ISR                      
0     0000a0dd  _USER8_ISR                      
0     0000a0e7  _USER9_ISR                      
0     0000a0f1  _USER10_ISR                     
0     0000a0fb  _USER11_ISR                     
0     0000a105  _USER12_ISR                     
0     0000a10f  _SEQ1INT_ISR                    
0     0000a119  _SEQ2INT_ISR                    
0     0000a123  _XINT1_ISR                      
0     0000a12d  _XINT2_ISR                      
0     0000a137  _ADCINT_ISR                     
0     0000a141  _TINT0_ISR                      
0     0000a14b  _WAKEINT_ISR                    
0     0000a155  _EPWM1_TZINT_ISR                
0     0000a15f  _EPWM2_TZINT_ISR                
0     0000a169  _EPWM3_TZINT_ISR                
0     0000a173  _EPWM4_TZINT_ISR                
0     0000a17d  _EPWM5_TZINT_ISR                
0     0000a187  _EPWM6_TZINT_ISR                
0     0000a191  _EPWM1_INT_ISR                  
0     0000a19b  _EPWM2_INT_ISR                  
0     0000a1a5  _EPWM3_INT_ISR                  
0     0000a1af  _EPWM4_INT_ISR                  
0     0000a1b9  _EPWM5_INT_ISR                  
0     0000a1c3  _EPWM6_INT_ISR                  
0     0000a1cd  _ECAP1_INT_ISR                  
0     0000a1d7  _ECAP2_INT_ISR                  
0     0000a1e1  _ECAP3_INT_ISR                  
0     0000a1eb  _ECAP4_INT_ISR                  
0     0000a1f5  _ECAP5_INT_ISR                  
0     0000a1ff  _ECAP6_INT_ISR                  
0     0000a209  _EQEP1_INT_ISR                  
0     0000a213  _EQEP2_INT_ISR                  
0     0000a21d  _SPIRXINTA_ISR                  
0     0000a227  _SPITXINTA_ISR                  
0     0000a231  _MRINTB_ISR                     
0     0000a23b  _MXINTB_ISR                     
0     0000a245  _MRINTA_ISR                     
0     0000a24f  _MXINTA_ISR                     
0     0000a259  _DINTCH1_ISR                    
0     0000a263  _DINTCH2_ISR                    
0     0000a26d  _DINTCH3_ISR                    
0     0000a277  _DINTCH4_ISR                    
0     0000a281  _DINTCH5_ISR                    
0     0000a28b  _DINTCH6_ISR                    
0     0000a295  _I2CINT1A_ISR                   
0     0000a29f  _I2CINT2A_ISR                   
0     0000a2a9  _SCIRXINTC_ISR                  
0     0000a2b3  _SCITXINTC_ISR                  
0     0000a2bd  _SCIRXINTA_ISR                  
0     0000a2c7  _SCITXINTA_ISR                  
0     0000a2d1  _SCIRXINTB_ISR                  
0     0000a2db  _SCITXINTB_ISR                  
0     0000a2e5  _ECAN0INTA_ISR                  
0     0000a2ef  _ECAN1INTA_ISR                  
0     0000a2f9  _ECAN0INTB_ISR                  
0     0000a303  _ECAN1INTB_ISR                  
0     0000a30d  _XINT3_ISR                      
0     0000a317  _XINT4_ISR                      
0     0000a321  _XINT5_ISR                      
0     0000a32b  _XINT6_ISR                      
0     0000a335  _XINT7_ISR                      
0     0000a33f  _LVF_ISR                        
0     0000a349  _LUF_ISR                        
0     0000a353  _EMPTY_ISR                      
0     0000a360  _PIE_RESERVED                   
0     0000a36a  _rsvd_ISR                       
0     0000a374  _MUL_Complex                    
0     0000a3ab  _ModelComplex                   
0     0000a3eb  _PhaseComplex                   
0     0000a416  _B2FFT_CHEUNG                   
0     0000a52d  _run_fft                        
0     0000a587  LL$$DIV                         
0     0000a5c3  LL$$MOD                         
0     0000a5fd  ULL$$DIV                        
0     0000a62c  ULL$$MOD                        
0     0000a68e  _InitXintf                      
0     0000a6e7  _InitXintf32Gpio                
0     0000a72e  _InitXintf16Gpio                
0     0000a788  _InitSysCtrl                    
0     0000a791  _ServiceDog                     
0     0000a79b  _DisableDog                     
0     0000a7a3  _InitPll                        
0     0000a7f3  _InitPeripheralClocks           
0     0000a82e  _CsmUnlock                      
0     0000a85f  _atan                           
0     0000a85f  _atanf                          
0     0000a929  _ldexpl                         
0     0000a929  _scalbnl                        
0     0000a9d2  FD$$ADD                         
0     0000aa6e  _uart_printf                    
0     0000aa90  _sci_b_init                     
0     0000aadb  _sci_send_byte                  
0     0000aaec  _sci_send_msg                   
0     0000ab01  FD$$DIV                         
0     0000ab8c  FS$$DIV                         
0     0000ac14  FD$$MPY                         
0     0000ac97  _InitCpuTimers                  
0     0000acd8  _ConfigCpuTimer                 
0     0000ad12  _ad7606_init                    
0     0000ad5e  _ad7606_sample                  
0     0000ad83  _sin                            
0     0000ad83  _sinf                           
0     0000ade9  _cos                            
0     0000ade9  _cosf                           
0     0000ae4c  _frexpl                         
0     0000aea6  _ldexp                          
0     0000aea6  _ldexpf                         
0     0000aea6  _scalbn                         
0     0000aea6  _scalbnf                        
0     0000aefe  _c_int00                        
0     0000af54  _main                           
0     0000af9f  _InitSci                        
0     0000afa0  _InitSciGpio                    
0     0000afa5  _InitSciaGpio                   
0     0000afba  _InitScibGpio                   
0     0000afd0  _InitScicGpio                   
0     0000afe6  _SCIB_IRQ_Handle                
0     0000b026  _TIM0_IRQ_Handle                
0     0000b05e  _timer0_init                    
0     0000b094  _atoi                           
0     0000b0c5  ___TI_ltoa                      
0     0000b0f5  _vsprintf                       
0     0000b125  FD$$CMP                         
0     0000b14f  L$$DIV                          
0     0000b15e  L$$MOD                          
0     0000b16c  UL$$DIV                         
0     0000b173  UL$$MOD                         
0     0000b179  C$$EXIT                         
0     0000b179  _abort                          
0     0000b17b  _exit                           
0     0000b1a2  _InitPieCtrl                    
0     0000b1c1  _EnableInterrupts               
0     0000b1ca  _sqrt                           
0     0000b1ca  _sqrtf                          
0     0000b1f1  _copy_in                        
0     0000b215  _copysignl                      
0     0000b239  FD$$TOI                         
0     0000b25a  _InitPieVectTable               
0     0000b27a  FD$$TOL                         
0     0000b299  LL$$CMP                         
0     0000b2ab  ULL$$CMP                        
0     0000b2b7  I$$TOFD                         
0     0000b2d4  _memcpy                         
0     0000b2f1  FS$$TOFD                        
0     0000b30d  L$$TOFD                         
0     0000b329  LL$$AND                         
0     0000b331  LL$$OR                          
0     0000b339  LL$$XOR                         
0     0000b341  __args_main                     
0     0000b353  _copysign                       
0     0000b353  _copysignf                      
0     0000b364  _beep_init                      
0     0000b374  _memccpy                        
0     0000b384  FD$$SUB                         
0     0000b392  _strchr                         
0     0000b39e  __register_unlock               
0     0000b3a2  __register_lock                 
0     0000b3a6  __nop                           
0     0000b3a7  FD$$NEG                         
0     0000b3b0  _wcslen                         
0     0000b3c1  _strlen                         
0     0000b3c9  _memset                         
0     0000b3d0  _strcpy                         
0     0000b3d5  __system_pre_init               
0     0000b3d7  __system_post_cinit             
0     0000b3d8  ___etext__                      
0     0000b3d8  etext                           
0     00380080  _ADC_cal                        
1     00000880  _DevEmuRegs                     
1     00000a80  _FlashRegs                      
1     00000ae0  _CsmRegs                        
1     00000b00  _AdcMirror                      
1     00000b20  _XintfRegs                      
1     00000c00  _CpuTimer0Regs                  
1     00000c08  _CpuTimer1Regs                  
1     00000c10  _CpuTimer2Regs                  
1     00000ce0  _PieCtrlRegs                    
1     00000d00  _PieVectTable                   
1     00001000  _DmaRegs                        
1     00005000  _McbspaRegs                     
1     00005040  _McbspbRegs                     
1     00006000  _ECanaRegs                      
1     00006040  _ECanaLAMRegs                   
1     00006080  _ECanaMOTSRegs                  
1     000060c0  _ECanaMOTORegs                  
1     00006100  _ECanaMboxes                    
1     00006200  _ECanbRegs                      
1     00006240  _ECanbLAMRegs                   
1     00006280  _ECanbMOTSRegs                  
1     000062c0  _ECanbMOTORegs                  
1     00006300  _ECanbMboxes                    
1     00006800  _EPwm1Regs                      
1     00006840  _EPwm2Regs                      
1     00006880  _EPwm3Regs                      
1     000068c0  _EPwm4Regs                      
1     00006900  _EPwm5Regs                      
1     00006940  _EPwm6Regs                      
1     00006a00  _ECap1Regs                      
1     00006a20  _ECap2Regs                      
1     00006a40  _ECap3Regs                      
1     00006a60  _ECap4Regs                      
1     00006a80  _ECap5Regs                      
1     00006aa0  _ECap6Regs                      
1     00006b00  _EQep1Regs                      
1     00006b40  _EQep2Regs                      
1     00006f80  _GpioCtrlRegs                   
1     00006fc0  _GpioDataRegs                   
1     00006fe0  _GpioIntRegs                    
1     00007010  _SysCtrlRegs                    
1     00007040  _SpiaRegs                       
1     00007050  _SciaRegs                       
1     00007070  _XIntruptRegs                   
1     00007100  _AdcRegs                        
1     00007750  _ScibRegs                       
1     00007770  _ScicRegs                       
1     00007900  _I2caRegs                       
1     0000c000  __stack                         
1     0000c400  __STACK_END                     
1     0000c400  _output                         
1     0000c910  _CpuTimer0                      
1     0000c918  _CpuTimer1                      
1     0000c920  _CpuTimer2                      
1     0000c928  _N_FFT                          
1     0000c92a  _WNP                            
1     0000c92e  _WNP_XJB                        
1     0000c932  _adc_value                      
1     0000c93a  _timer0_flag                    
1     0000c93b  _text                           
1     0000c93c  _adc_cnt                        
1     0000c93e  _PI                             
1     0000c940  _input_complex                  
1     0000cb40  _testSample7                    
1     0000cc40  _sci_b_buf                      
1     0000cc72  ___TI_enable_exit_profile_output
1     0000cc74  ___TI_cleanup_ptr               
1     0000cc76  ___TI_dtors_ptr                 
1     0000cc78  __lock                          
1     0000cc7a  __unlock                        
1     0000cc7c  _errno                          
1     0000cc7d  _sci_rx_data_len                
1     0000d000  __ctypes_                       
1     0000d102  _PieVectTableInit               
1     0033fff8  _CsmPwl                         
abs   00000400  __STACK_SIZE                    
abs   ffffffff  ___TI_pprof_out_hndl            
abs   ffffffff  ___TI_prof_data_size            
abs   ffffffff  ___TI_prof_data_start           
abs   ffffffff  ___binit__                      
abs   ffffffff  ___c_args__                     
abs   ffffffff  ___pinit__                      
abs   ffffffff  binit                           
abs   ffffffff  pinit                           

[275 symbols]
